Archive member included to satisfy reference by file (symbol)

c:/env/embeddedtoolchain/xpack-arm-none-eabi-gcc-10.3.1-2.3/bin/../lib/gcc/arm-none-eabi/10.3.1/../../../../arm-none-eabi/lib/thumb/v7-m/nofp\libc_nano.a(lib_a-exit.o)
                              c:/env/embeddedtoolchain/xpack-arm-none-eabi-gcc-10.3.1-2.3/bin/../lib/gcc/arm-none-eabi/10.3.1/../../../../arm-none-eabi/lib/thumb/v7-m/nofp/crt0.o (exit)
c:/env/embeddedtoolchain/xpack-arm-none-eabi-gcc-10.3.1-2.3/bin/../lib/gcc/arm-none-eabi/10.3.1/../../../../arm-none-eabi/lib/thumb/v7-m/nofp\libc_nano.a(lib_a-impure.o)
                              c:/env/embeddedtoolchain/xpack-arm-none-eabi-gcc-10.3.1-2.3/bin/../lib/gcc/arm-none-eabi/10.3.1/../../../../arm-none-eabi/lib/thumb/v7-m/nofp\libc_nano.a(lib_a-exit.o) (_global_impure_ptr)
c:/env/embeddedtoolchain/xpack-arm-none-eabi-gcc-10.3.1-2.3/bin/../lib/gcc/arm-none-eabi/10.3.1/../../../../arm-none-eabi/lib/thumb/v7-m/nofp\libc_nano.a(lib_a-init.o)
                              c:/env/embeddedtoolchain/xpack-arm-none-eabi-gcc-10.3.1-2.3/bin/../lib/gcc/arm-none-eabi/10.3.1/../../../../arm-none-eabi/lib/thumb/v7-m/nofp/crt0.o (__libc_init_array)
c:/env/embeddedtoolchain/xpack-arm-none-eabi-gcc-10.3.1-2.3/bin/../lib/gcc/arm-none-eabi/10.3.1/../../../../arm-none-eabi/lib/thumb/v7-m/nofp\libc_nano.a(lib_a-memcpy-stub.o)
                              build/uart_driver.o (memcpy)
c:/env/embeddedtoolchain/xpack-arm-none-eabi-gcc-10.3.1-2.3/bin/../lib/gcc/arm-none-eabi/10.3.1/../../../../arm-none-eabi/lib/thumb/v7-m/nofp\libc_nano.a(lib_a-memset.o)
                              c:/env/embeddedtoolchain/xpack-arm-none-eabi-gcc-10.3.1-2.3/bin/../lib/gcc/arm-none-eabi/10.3.1/../../../../arm-none-eabi/lib/thumb/v7-m/nofp/crt0.o (memset)
c:/env/embeddedtoolchain/xpack-arm-none-eabi-gcc-10.3.1-2.3/bin/../lib/gcc/arm-none-eabi/10.3.1/../../../../arm-none-eabi/lib/thumb/v7-m/nofp\libc_nano.a(lib_a-puts.o)
                              build/key_driver.o (puts)
c:/env/embeddedtoolchain/xpack-arm-none-eabi-gcc-10.3.1-2.3/bin/../lib/gcc/arm-none-eabi/10.3.1/../../../../arm-none-eabi/lib/thumb/v7-m/nofp\libc_nano.a(lib_a-wbuf.o)
                              c:/env/embeddedtoolchain/xpack-arm-none-eabi-gcc-10.3.1-2.3/bin/../lib/gcc/arm-none-eabi/10.3.1/../../../../arm-none-eabi/lib/thumb/v7-m/nofp\libc_nano.a(lib_a-puts.o) (__swbuf_r)
c:/env/embeddedtoolchain/xpack-arm-none-eabi-gcc-10.3.1-2.3/bin/../lib/gcc/arm-none-eabi/10.3.1/../../../../arm-none-eabi/lib/thumb/v7-m/nofp\libc_nano.a(lib_a-wsetup.o)
                              c:/env/embeddedtoolchain/xpack-arm-none-eabi-gcc-10.3.1-2.3/bin/../lib/gcc/arm-none-eabi/10.3.1/../../../../arm-none-eabi/lib/thumb/v7-m/nofp\libc_nano.a(lib_a-puts.o) (__swsetup_r)
c:/env/embeddedtoolchain/xpack-arm-none-eabi-gcc-10.3.1-2.3/bin/../lib/gcc/arm-none-eabi/10.3.1/../../../../arm-none-eabi/lib/thumb/v7-m/nofp\libc_nano.a(lib_a-fflush.o)
                              c:/env/embeddedtoolchain/xpack-arm-none-eabi-gcc-10.3.1-2.3/bin/../lib/gcc/arm-none-eabi/10.3.1/../../../../arm-none-eabi/lib/thumb/v7-m/nofp\libc_nano.a(lib_a-wbuf.o) (_fflush_r)
c:/env/embeddedtoolchain/xpack-arm-none-eabi-gcc-10.3.1-2.3/bin/../lib/gcc/arm-none-eabi/10.3.1/../../../../arm-none-eabi/lib/thumb/v7-m/nofp\libc_nano.a(lib_a-findfp.o)
                              c:/env/embeddedtoolchain/xpack-arm-none-eabi-gcc-10.3.1-2.3/bin/../lib/gcc/arm-none-eabi/10.3.1/../../../../arm-none-eabi/lib/thumb/v7-m/nofp\libc_nano.a(lib_a-puts.o) (__sinit)
c:/env/embeddedtoolchain/xpack-arm-none-eabi-gcc-10.3.1-2.3/bin/../lib/gcc/arm-none-eabi/10.3.1/../../../../arm-none-eabi/lib/thumb/v7-m/nofp\libc_nano.a(lib_a-fwalk.o)
                              c:/env/embeddedtoolchain/xpack-arm-none-eabi-gcc-10.3.1-2.3/bin/../lib/gcc/arm-none-eabi/10.3.1/../../../../arm-none-eabi/lib/thumb/v7-m/nofp\libc_nano.a(lib_a-findfp.o) (_fwalk)
c:/env/embeddedtoolchain/xpack-arm-none-eabi-gcc-10.3.1-2.3/bin/../lib/gcc/arm-none-eabi/10.3.1/../../../../arm-none-eabi/lib/thumb/v7-m/nofp\libc_nano.a(lib_a-lock.o)
                              c:/env/embeddedtoolchain/xpack-arm-none-eabi-gcc-10.3.1-2.3/bin/../lib/gcc/arm-none-eabi/10.3.1/../../../../arm-none-eabi/lib/thumb/v7-m/nofp\libc_nano.a(lib_a-findfp.o) (__retarget_lock_init_recursive)
c:/env/embeddedtoolchain/xpack-arm-none-eabi-gcc-10.3.1-2.3/bin/../lib/gcc/arm-none-eabi/10.3.1/../../../../arm-none-eabi/lib/thumb/v7-m/nofp\libc_nano.a(lib_a-makebuf.o)
                              c:/env/embeddedtoolchain/xpack-arm-none-eabi-gcc-10.3.1-2.3/bin/../lib/gcc/arm-none-eabi/10.3.1/../../../../arm-none-eabi/lib/thumb/v7-m/nofp\libc_nano.a(lib_a-wsetup.o) (__smakebuf_r)
c:/env/embeddedtoolchain/xpack-arm-none-eabi-gcc-10.3.1-2.3/bin/../lib/gcc/arm-none-eabi/10.3.1/../../../../arm-none-eabi/lib/thumb/v7-m/nofp\libc_nano.a(lib_a-nano-freer.o)
[...]
Memory Configuration

Name             Origin             Length             Attributes
RAM              0x0000000020000000 0x0000000000010000 xrw
FLASH            0x0000000008000000 0x0000000000080000 xr
*default*        0x0000000000000000 0xffffffffffffffff

Linker script and memory map

LOAD c:/env/embeddedtoolchain/xpack-arm-none-eabi-gcc-10.3.1-2.3/bin/../lib/gcc/arm-none-eabi/10.3.1/thumb/v7-m/nofp/crti.o
LOAD c:/env/embeddedtoolchain/xpack-arm-none-eabi-gcc-10.3.1-2.3/bin/../lib/gcc/arm-none-eabi/10.3.1/thumb/v7-m/nofp/crtbegin.o
LOAD c:/env/embeddedtoolchain/xpack-arm-none-eabi-gcc-10.3.1-2.3/bin/../lib/gcc/arm-none-eabi/10.3.1/../../../../arm-none-eabi/lib/thumb/v7-m/nofp/crt0.o
LOAD build/iic_driver.o
LOAD build/oled_driver.o
LOAD build/uart_driver.o
LOAD build/ring_buffer.o
LOAD build/key_driver.o
LOAD build/led_driver.o
LOAD build/input_system.o
LOAD build/device_system.o
LOAD build/input_kal.o
LOAD build/device_kal.o
LOAD build/general_kal.o
LOAD build/input_cal.o
LOAD build/device_cal.o
LOAD build/general_cal.o
LOAD build/main.o
LOAD build/gpio.o
LOAD build/usart.o
LOAD build/stm32f1xx_it.o
LOAD build/stm32f1xx_hal_msp.o
LOAD build/stm32f1xx_hal_gpio_ex.o
LOAD build/stm32f1xx_hal_tim.o
LOAD build/stm32f1xx_hal_tim_ex.o
LOAD build/stm32f1xx_hal_uart.o
LOAD build/stm32f1xx_hal.o
LOAD build/stm32f1xx_hal_rcc.o
LOAD build/stm32f1xx_hal_rcc_ex.o
LOAD build/stm32f1xx_hal_gpio.o
LOAD build/stm32f1xx_hal_dma.o
LOAD build/stm32f1xx_hal_cortex.o
LOAD build/stm32f1xx_hal_pwr.o
LOAD build/stm32f1xx_hal_flash.o
LOAD build/stm32f1xx_hal_flash_ex.o
LOAD build/stm32f1xx_hal_exti.o
LOAD build/system_stm32f1xx.o
LOAD build/i2c.o
LOAD build/stm32f1xx_hal_i2c.o
LOAD build/startup_stm32f103xe.o
LOAD c:/env/embeddedtoolchain/xpack-arm-none-eabi-gcc-10.3.1-2.3/bin/../lib/gcc/arm-none-eabi/10.3.1/../../../../arm-none-eabi/lib/thumb/v7-m/nofp\libc_nano.a
LOAD c:/env/embeddedtoolchain/xpack-arm-none-eabi-gcc-10.3.1-2.3/bin/../lib/gcc/arm-none-eabi/10.3.1/../../../../arm-none-eabi/lib/thumb/v7-m/nofp\libm.a
LOAD c:/env/embeddedtoolchain/xpack-arm-none-eabi-gcc-10.3.1-2.3/bin/../lib/gcc/arm-none-eabi/10.3.1/../../../../arm-none-eabi/lib/thumb/v7-m/nofp\libnosys.a
START GROUP
LOAD c:/env/embeddedtoolchain/xpack-arm-none-eabi-gcc-10.3.1-2.3/bin/../lib/gcc/arm-none-eabi/10.3.1/thumb/v7-m/nofp\libgcc.a
LOAD c:/env/embeddedtoolchain/xpack-arm-none-eabi-gcc-10.3.1-2.3/bin/../lib/gcc/arm-none-eabi/10.3.1/../../../../arm-none-eabi/lib/thumb/v7-m/nofp\libc_nano.a
END GROUP
START GROUP
LOAD c:/env/embeddedtoolchain/xpack-arm-none-eabi-gcc-10.3.1-2.3/bin/../lib/gcc/arm-none-eabi/10.3.1/thumb/v7-m/nofp\libgcc.a
LOAD c:/env/embeddedtoolchain/xpack-arm-none-eabi-gcc-10.3.1-2.3/bin/../lib/gcc/arm-none-eabi/10.3.1/../../../../arm-none-eabi/lib/thumb/v7-m/nofp\libc_nano.a
END GROUP
LOAD c:/env/embeddedtoolchain/xpack-arm-none-eabi-gcc-10.3.1-2.3/bin/../lib/gcc/arm-none-eabi/10.3.1/thumb/v7-m/nofp/crtend.o
LOAD c:/env/embeddedtoolchain/xpack-arm-none-eabi-gcc-10.3.1-2.3/bin/../lib/gcc/arm-none-eabi/10.3.1/thumb/v7-m/nofp/crtn.o
                0x0000000020010000                _estack = (ORIGIN (RAM) + LENGTH (RAM))
                0x0000000000000200                _Min_Heap_Size = 0x200
                0x0000000000000400                _Min_Stack_Size = 0x400

.isr_vector     0x0000000008000000      0x1e4
                0x0000000008000000                . = ALIGN (0x4)
 *(.isr_vector)
 .isr_vector    0x0000000008000000      0x1e4 build/startup_stm32f103xe.o
                0x0000000008000000                g_pfnVectors
                0x00000000080001e4                . = ALIGN (0x4)

.text           0x00000000080001e4     0x29dc
                0x00000000080001e4                . = ALIGN (0x4)
 *(.text)
 *(.text*)
 .text.__do_global_dtors_aux
                0x00000000080001e4       0x24 c:/env/embeddedtoolchain/xpack-arm-none-eabi-gcc-10.3.1-2.3/bin/../lib/gcc/arm-none-eabi/10.3.1/thumb/v7-m/nofp/crtbegin.o
 .text.frame_dummy
                0x0000000008000208       0x1c c:/env/embeddedtoolchain/xpack-arm-none-eabi-gcc-10.3.1-2.3/bin/../lib/gcc/arm-none-eabi/10.3.1/thumb/v7-m/nofp/crtbegin.o
 .text.IIC_Start
                0x0000000008000224       0x30 build/iic_driver.o
                0x0000000008000224                IIC_Start
 .text.IIC_Stop
                0x0000000008000254       0x30 build/iic_driver.o
                0x0000000008000254                IIC_Stop
 .text.IIC_GetAck
                0x0000000008000284       0x64 build/iic_driver.o
                0x0000000008000284                IIC_GetAck
 .text.IIC_WriteByteData
                0x00000000080002e8       0x60 build/iic_driver.o
                0x00000000080002e8                IIC_WriteByteData
 .text.Oled_WriteCmd
                0x0000000008000348       0x20 build/oled_driver.o
                0x0000000008000348                Oled_WriteCmd
 .text.Oled_WriteData
                0x0000000008000368       0x20 build/oled_driver.o
                0x0000000008000368                Oled_WriteData
 .text.Oled_SetContrastValue
                0x0000000008000388       0x12 build/oled_driver.o
                0x0000000008000388                Oled_SetContrastValue
 .text.Oled_SetAddressMode
                0x000000000800039a       0x12 build/oled_driver.o
                0x000000000800039a                Oled_SetAddressMode
 .text.Oled_SetDisplayStartLine
                0x00000000080003ac       0x16 build/oled_driver.o
                0x00000000080003ac                Oled_SetDisplayStartLine
 .text.Oled_SetMultiplexRatio
                0x00000000080003c2       0x22 build/oled_driver.o
                0x00000000080003c2                Oled_SetMultiplexRatio
 .text.Oled_SetDisplayOffset
                0x00000000080003e4       0x1c build/oled_driver.o
                0x00000000080003e4                Oled_SetDisplayOffset
 .text.Oled_SetComPins
                0x0000000008000400       0x36 build/oled_driver.o
                0x0000000008000400                Oled_SetComPins
 .text.Oled_SetClockDivider
                0x0000000008000436       0x2c build/oled_driver.o
                0x0000000008000436                Oled_SetClockDivider
 .text.Oled_SetChargePump
                0x0000000008000462       0x24 build/oled_driver.o
                0x0000000008000462                Oled_SetChargePump
 .text.Oled_Init
                0x0000000008000486       0x56 build/oled_driver.o
                0x0000000008000486                Oled_Init
 .text.OLED_SetCursor
                0x00000000080004dc       0x20 build/oled_driver.o
                0x00000000080004dc                OLED_SetCursor
 .text.OLED_Clear
                0x00000000080004fc       0x2c build/oled_driver.o
                0x00000000080004fc                OLED_Clear
 .text.EnablePrintfIRQ
                0x0000000008000528       0x24 build/uart_driver.o
                0x0000000008000528                EnablePrintfIRQ
 .text._write   0x000000000800054c       0x18 build/uart_driver.o
                0x000000000800054c                _write
 .text.HAL_UART_Callback
                0x0000000008000564       0x50 build/uart_driver.o
                0x0000000008000564                HAL_UART_Callback
 .text.USART1_IRQHandler
                0x00000000080005b4       0x50 build/uart_driver.o
                0x00000000080005b4                USART1_IRQHandler
 .text.PutEventIntoBuffer
                0x0000000008000604       0x54 build/ring_buffer.o
                0x0000000008000604                PutEventIntoBuffer
 .text.Key_Init
                0x0000000008000658       0x58 build/key_driver.o
                0x0000000008000658                Key_Init
 .text.EXTI15_10_IRQHandler
                0x00000000080006b0       0x14 build/key_driver.o
                0x00000000080006b0                EXTI15_10_IRQHandler
 .text.HAL_GPIO_EXTI_Callback
                0x00000000080006c4       0x88 build/key_driver.o
                0x00000000080006c4                HAL_GPIO_EXTI_Callback
 .text.InputDeviceRegister
                0x000000000800074c       0x1c build/input_system.o
 .text.GpioKeyInit
                0x0000000008000768        0x8 build/input_system.o
 .text.StdIoInit
                0x0000000008000770        0x8 build/input_system.o
 .text.AddKeyToInputDevice
                0x0000000008000778       0x10 build/input_system.o
                0x0000000008000778                AddKeyToInputDevice
 .text.AddStdIoToInputDevice
                0x0000000008000788       0x10 build/input_system.o
                0x0000000008000788                AddStdIoToInputDevice
 .text.AddInputDevices
                0x0000000008000798        0xc build/input_system.o
                0x0000000008000798                AddInputDevices
 .text.InitInputDevices
                0x00000000080007a4       0x24 build/input_system.o
                0x00000000080007a4                InitInputDevices
 .text.KAL_GpioKeyInit
                0x00000000080007c8        0x8 build/input_kal.o
                0x00000000080007c8                KAL_GpioKeyInit
 .text.KAL_StdIoInit
                0x00000000080007d0        0x8 build/input_kal.o
                0x00000000080007d0                KAL_StdIoInit
 .text.KAL_GetTime
                0x00000000080007d8        0x8 build/general_kal.o
                0x00000000080007d8                KAL_GetTime
 .text.CAL_GpioKeyInit
                0x00000000080007e0        0x8 build/input_cal.o
                0x00000000080007e0                CAL_GpioKeyInit
 .text.CAL_StdIoInit
                0x00000000080007e8        0x8 build/input_cal.o
                0x00000000080007e8                CAL_StdIoInit
 .text.CAL_GetTime
                0x00000000080007f0        0x8 build/general_cal.o
                0x00000000080007f0                CAL_GetTime
 .text.SmartDeviceInit
                0x00000000080007f8        0xc build/main.o
                0x00000000080007f8                SmartDeviceInit
 .text.Error_Handler
                0x0000000008000804       0x10 build/main.o
                0x0000000008000804                Error_Handler
 .text.SystemClock_Config
                0x0000000008000814       0x64 build/main.o
                0x0000000008000814                SystemClock_Config
 .text.main     0x0000000008000878       0x44 build/main.o
                0x0000000008000878                main
 .text.MX_GPIO_Init
                0x00000000080008bc      0x128 build/gpio.o
                0x00000000080008bc                MX_GPIO_Init
 .text.MX_USART1_UART_Init
                0x00000000080009e4       0x34 build/usart.o
                0x00000000080009e4                MX_USART1_UART_Init
 .text.MX_USART3_UART_Init
                0x0000000008000a18       0x34 build/usart.o
                0x0000000008000a18                MX_USART3_UART_Init
 .text.HAL_UART_MspInit
                0x0000000008000a4c      0x100 build/usart.o
                0x0000000008000a4c                HAL_UART_MspInit
 .text.NMI_Handler
                0x0000000008000b4c        0x2 build/stm32f1xx_it.o
                0x0000000008000b4c                NMI_Handler
 .text.HardFault_Handler
                0x0000000008000b4e        0x2 build/stm32f1xx_it.o
                0x0000000008000b4e                HardFault_Handler
 .text.MemManage_Handler
                0x0000000008000b50        0x2 build/stm32f1xx_it.o
                0x0000000008000b50                MemManage_Handler
 .text.BusFault_Handler
                0x0000000008000b52        0x2 build/stm32f1xx_it.o
                0x0000000008000b52                BusFault_Handler
 .text.UsageFault_Handler
                0x0000000008000b54        0x2 build/stm32f1xx_it.o
                0x0000000008000b54                UsageFault_Handler
 .text.SVC_Handler
                0x0000000008000b56        0x2 build/stm32f1xx_it.o
                0x0000000008000b56                SVC_Handler
 .text.DebugMon_Handler
                0x0000000008000b58        0x2 build/stm32f1xx_it.o
                0x0000000008000b58                DebugMon_Handler
 .text.PendSV_Handler
                0x0000000008000b5a        0x2 build/stm32f1xx_it.o
                0x0000000008000b5a                PendSV_Handler
 .text.SysTick_Handler
                0x0000000008000b5c        0x8 build/stm32f1xx_it.o
                0x0000000008000b5c                SysTick_Handler
 .text.USART3_IRQHandler
                0x0000000008000b64       0x10 build/stm32f1xx_it.o
                0x0000000008000b64                USART3_IRQHandler
 .text.HAL_MspInit
                0x0000000008000b74       0x44 build/stm32f1xx_hal_msp.o
                0x0000000008000b74                HAL_MspInit
 .text.UART_EndRxTransfer
                0x0000000008000bb8       0x5c build/stm32f1xx_hal_uart.o
 .text.UART_Transmit_IT
                0x0000000008000c14       0x60 build/stm32f1xx_hal_uart.o
 .text.UART_SetConfig
                0x0000000008000c74       0x94 build/stm32f1xx_hal_uart.o
 .text.UART_WaitOnFlagUntilTimeout
                0x0000000008000d08       0x88 build/stm32f1xx_hal_uart.o
 .text.HAL_UART_Init
                0x0000000008000d90       0x60 build/stm32f1xx_hal_uart.o
                0x0000000008000d90                HAL_UART_Init
 .text.HAL_UART_Transmit
                0x0000000008000df0       0xbe build/stm32f1xx_hal_uart.o
                0x0000000008000df0                HAL_UART_Transmit
 .text.HAL_UART_TxCpltCallback
                0x0000000008000eae        0x2 build/stm32f1xx_hal_uart.o
                0x0000000008000eae                HAL_UART_TxCpltCallback
 .text.UART_EndTransmit_IT
                0x0000000008000eb0       0x1a build/stm32f1xx_hal_uart.o
 .text.HAL_UART_RxCpltCallback
                0x0000000008000eca        0x2 build/stm32f1xx_hal_uart.o
                0x0000000008000eca                HAL_UART_RxCpltCallback
 .text.HAL_UART_ErrorCallback
                0x0000000008000ecc        0x2 build/stm32f1xx_hal_uart.o
                0x0000000008000ecc                HAL_UART_ErrorCallback
 .text.UART_DMAAbortOnError
                0x0000000008000ece       0x10 build/stm32f1xx_hal_uart.o
 .text.HAL_UARTEx_RxEventCallback
                0x0000000008000ede        0x2 build/stm32f1xx_hal_uart.o
                0x0000000008000ede                HAL_UARTEx_RxEventCallback
 .text.UART_Receive_IT
                0x0000000008000ee0       0xe6 build/stm32f1xx_hal_uart.o
 *fill*         0x0000000008000fc6        0x2 
 .text.HAL_UART_IRQHandler
                0x0000000008000fc8      0x288 build/stm32f1xx_hal_uart.o
                0x0000000008000fc8                HAL_UART_IRQHandler
 .text.HAL_InitTick
                0x0000000008001250       0x4c build/stm32f1xx_hal.o
                0x0000000008001250                HAL_InitTick
 .text.HAL_Init
                0x000000000800129c       0x24 build/stm32f1xx_hal.o
                0x000000000800129c                HAL_Init
 .text.HAL_IncTick
                0x00000000080012c0       0x18 build/stm32f1xx_hal.o
                0x00000000080012c0                HAL_IncTick
 .text.HAL_GetTick
                0x00000000080012d8        0xc build/stm32f1xx_hal.o
                0x00000000080012d8                HAL_GetTick
 .text.RCC_Delay
                0x00000000080012e4       0x2c build/stm32f1xx_hal_rcc.o
 .text.HAL_RCC_OscConfig
                0x0000000008001310      0x410 build/stm32f1xx_hal_rcc.o
                0x0000000008001310                HAL_RCC_OscConfig
 .text.HAL_RCC_GetSysClockFreq
                0x0000000008001720       0x54 build/stm32f1xx_hal_rcc.o
                0x0000000008001720                HAL_RCC_GetSysClockFreq
 .text.HAL_RCC_ClockConfig
                0x0000000008001774      0x16c build/stm32f1xx_hal_rcc.o
                0x0000000008001774                HAL_RCC_ClockConfig
 .text.HAL_RCC_GetHCLKFreq
                0x00000000080018e0        0xc build/stm32f1xx_hal_rcc.o
                0x00000000080018e0                HAL_RCC_GetHCLKFreq
 .text.HAL_RCC_GetPCLK1Freq
                0x00000000080018ec       0x20 build/stm32f1xx_hal_rcc.o
                0x00000000080018ec                HAL_RCC_GetPCLK1Freq
 .text.HAL_RCC_GetPCLK2Freq
                0x000000000800190c       0x20 build/stm32f1xx_hal_rcc.o
                0x000000000800190c                HAL_RCC_GetPCLK2Freq
 .text.HAL_GPIO_Init
                0x000000000800192c      0x240 build/stm32f1xx_hal_gpio.o
                0x000000000800192c                HAL_GPIO_Init
 .text.HAL_GPIO_ReadPin
                0x0000000008001b6c        0xe build/stm32f1xx_hal_gpio.o
                0x0000000008001b6c                HAL_GPIO_ReadPin
 .text.HAL_GPIO_WritePin
                0x0000000008001b7a        0xc build/stm32f1xx_hal_gpio.o
                0x0000000008001b7a                HAL_GPIO_WritePin
 *fill*         0x0000000008001b86        0x2 
 .text.HAL_GPIO_EXTI_IRQHandler
                0x0000000008001b88       0x1c build/stm32f1xx_hal_gpio.o
                0x0000000008001b88                HAL_GPIO_EXTI_IRQHandler
 .text.HAL_DMA_Abort
                0x0000000008001ba4       0x46 build/stm32f1xx_hal_dma.o
                0x0000000008001ba4                HAL_DMA_Abort
 *fill*         0x0000000008001bea        0x2 
 .text.HAL_DMA_Abort_IT
                0x0000000008001bec      0x16c build/stm32f1xx_hal_dma.o
                0x0000000008001bec                HAL_DMA_Abort_IT
 .text.HAL_NVIC_SetPriorityGrouping
                0x0000000008001d58       0x24 build/stm32f1xx_hal_cortex.o
                0x0000000008001d58                HAL_NVIC_SetPriorityGrouping
 .text.HAL_NVIC_SetPriority
                0x0000000008001d7c       0x70 build/stm32f1xx_hal_cortex.o
                0x0000000008001d7c                HAL_NVIC_SetPriority
 .text.HAL_NVIC_EnableIRQ
                0x0000000008001dec       0x1c build/stm32f1xx_hal_cortex.o
                0x0000000008001dec                HAL_NVIC_EnableIRQ
 .text.HAL_SYSTICK_Config
                0x0000000008001e08       0x28 build/stm32f1xx_hal_cortex.o
                0x0000000008001e08                HAL_SYSTICK_Config
 .text.SystemInit
                0x0000000008001e30        0x2 build/system_stm32f1xx.o
                0x0000000008001e30                SystemInit
 *fill*         0x0000000008001e32        0x2 
 .text.MX_I2C1_Init
                0x0000000008001e34       0x3c build/i2c.o
                0x0000000008001e34                MX_I2C1_Init
 .text.HAL_I2C_MspInit
                0x0000000008001e70       0x64 build/i2c.o
                0x0000000008001e70                HAL_I2C_MspInit
 .text.HAL_I2C_Init
                0x0000000008001ed4      0x1bc build/stm32f1xx_hal_i2c.o
                0x0000000008001ed4                HAL_I2C_Init
 .text.Reset_Handler
                0x0000000008002090       0x48 build/startup_stm32f103xe.o
                0x0000000008002090                Reset_Handler
 .text.Default_Handler
                0x00000000080020d8        0x2 build/startup_stm32f103xe.o
                0x00000000080020d8                RTC_Alarm_IRQHandler
                0x00000000080020d8                EXTI2_IRQHandler
                0x00000000080020d8                TIM8_TRG_COM_IRQHandler
                0x00000000080020d8                TIM8_CC_IRQHandler
                0x00000000080020d8                TIM1_CC_IRQHandler
                0x00000000080020d8                TIM6_IRQHandler
                0x00000000080020d8                PVD_IRQHandler
                0x00000000080020d8                SDIO_IRQHandler
                0x00000000080020d8                EXTI3_IRQHandler
                0x00000000080020d8                EXTI0_IRQHandler
                0x00000000080020d8                I2C2_EV_IRQHandler
                0x00000000080020d8                ADC1_2_IRQHandler
                0x00000000080020d8                SPI1_IRQHandler
                0x00000000080020d8                TAMPER_IRQHandler
                0x00000000080020d8                TIM8_UP_IRQHandler
                0x00000000080020d8                DMA2_Channel2_IRQHandler
                0x00000000080020d8                DMA1_Channel4_IRQHandler
                0x00000000080020d8                RTC_IRQHandler
                0x00000000080020d8                DMA1_Channel7_IRQHandler
                0x00000000080020d8                CAN1_RX1_IRQHandler
                0x00000000080020d8                UART5_IRQHandler
                0x00000000080020d8                ADC3_IRQHandler
                0x00000000080020d8                TIM4_IRQHandler
                0x00000000080020d8                DMA2_Channel1_IRQHandler
                0x00000000080020d8                I2C1_EV_IRQHandler
                0x00000000080020d8                DMA1_Channel6_IRQHandler
                0x00000000080020d8                UART4_IRQHandler
                0x00000000080020d8                TIM3_IRQHandler
                0x00000000080020d8                RCC_IRQHandler
                0x00000000080020d8                TIM1_TRG_COM_IRQHandler
                0x00000000080020d8                DMA1_Channel1_IRQHandler
                0x00000000080020d8                Default_Handler
                0x00000000080020d8                TIM7_IRQHandler
                0x00000000080020d8                TIM5_IRQHandler
                0x00000000080020d8                EXTI9_5_IRQHandler
                0x00000000080020d8                SPI2_IRQHandler
                0x00000000080020d8                DMA1_Channel5_IRQHandler
                0x00000000080020d8                EXTI4_IRQHandler
                0x00000000080020d8                USB_LP_CAN1_RX0_IRQHandler
                0x00000000080020d8                USB_HP_CAN1_TX_IRQHandler
                0x00000000080020d8                DMA1_Channel3_IRQHandler
                0x00000000080020d8                FSMC_IRQHandler
                0x00000000080020d8                TIM1_UP_IRQHandler
                0x00000000080020d8                WWDG_IRQHandler
                0x00000000080020d8                TIM2_IRQHandler
                0x00000000080020d8                TIM1_BRK_IRQHandler
                0x00000000080020d8                EXTI1_IRQHandler
                0x00000000080020d8                DMA2_Channel4_5_IRQHandler
                0x00000000080020d8                USART2_IRQHandler
                0x00000000080020d8                I2C2_ER_IRQHandler
                0x00000000080020d8                DMA1_Channel2_IRQHandler
                0x00000000080020d8                TIM8_BRK_IRQHandler
                0x00000000080020d8                CAN1_SCE_IRQHandler
                0x00000000080020d8                FLASH_IRQHandler
                0x00000000080020d8                SPI3_IRQHandler
                0x00000000080020d8                I2C1_ER_IRQHandler
                0x00000000080020d8                USBWakeUp_IRQHandler
                0x00000000080020d8                DMA2_Channel3_IRQHandler
 *fill*         0x00000000080020da        0x2 
 .text.__libc_init_array
                0x00000000080020dc       0x48 c:/env/embeddedtoolchain/xpack-arm-none-eabi-gcc-10.3.1-2.3/bin/../lib/gcc/arm-none-eabi/10.3.1/../../../../arm-none-eabi/lib/thumb/v7-m/nofp\libc_nano.a(lib_a-init.o)
                0x00000000080020dc                __libc_init_array
 .text.memcpy   0x0000000008002124       0x1c c:/env/embeddedtoolchain/xpack-arm-none-eabi-gcc-10.3.1-2.3/bin/../lib/gcc/arm-none-eabi/10.3.1/../../../../arm-none-eabi/lib/thumb/v7-m/nofp\libc_nano.a(lib_a-memcpy-stub.o)
                0x0000000008002124                memcpy
 .text.memset   0x0000000008002140       0x10 c:/env/embeddedtoolchain/xpack-arm-none-eabi-gcc-10.3.1-2.3/bin/../lib/gcc/arm-none-eabi/10.3.1/../../../../arm-none-eabi/lib/thumb/v7-m/nofp\libc_nano.a(lib_a-memset.o)
                0x0000000008002140                memset
 .text._puts_r  0x0000000008002150       0xdc c:/env/embeddedtoolchain/xpack-arm-none-eabi-gcc-10.3.1-2.3/bin/../lib/gcc/arm-none-eabi/10.3.1/../../../../arm-none-eabi/lib/thumb/v7-m/nofp\libc_nano.a(lib_a-puts.o)
                0x0000000008002150                _puts_r
 .text.puts     0x000000000800222c       0x10 c:/env/embeddedtoolchain/xpack-arm-none-eabi-gcc-10.3.1-2.3/bin/../lib/gcc/arm-none-eabi/10.3.1/../../../../arm-none-eabi/lib/thumb/v7-m/nofp\libc_nano.a(lib_a-puts.o)
                0x000000000800222c                puts
 .text.__swbuf_r
                0x000000000800223c       0xa4 c:/env/embeddedtoolchain/xpack-arm-none-eabi-gcc-10.3.1-2.3/bin/../lib/gcc/arm-none-eabi/10.3.1/../../../../arm-none-eabi/lib/thumb/v7-m/nofp\libc_nano.a(lib_a-wbuf.o)
                0x000000000800223c                __swbuf_r
 .text.__swsetup_r
                0x00000000080022e0       0xdc c:/env/embeddedtoolchain/xpack-arm-none-eabi-gcc-10.3.1-2.3/bin/../lib/gcc/arm-none-eabi/10.3.1/../../../../arm-none-eabi/lib/thumb/v7-m/nofp\libc_nano.a(lib_a-wsetup.o)
                0x00000000080022e0                __swsetup_r
 .text.__sflush_r
                0x00000000080023bc      0x104 c:/env/embeddedtoolchain/xpack-arm-none-eabi-gcc-10.3.1-2.3/bin/../lib/gcc/arm-none-eabi/10.3.1/../../../../arm-none-eabi/lib/thumb/v7-m/nofp\libc_nano.a(lib_a-fflush.o)
                0x00000000080023bc                __sflush_r
 .text._fflush_r
                0x00000000080024c0       0x78 c:/env/embeddedtoolchain/xpack-arm-none-eabi-gcc-10.3.1-2.3/bin/../lib/gcc/arm-none-eabi/10.3.1/../../../../arm-none-eabi/lib/thumb/v7-m/nofp\libc_nano.a(lib_a-fflush.o)
                0x00000000080024c0                _fflush_r
 .text.std      0x0000000008002538       0x48 c:/env/embeddedtoolchain/xpack-arm-none-eabi-gcc-10.3.1-2.3/bin/../lib/gcc/arm-none-eabi/10.3.1/../../../../arm-none-eabi/lib/thumb/v7-m/nofp\libc_nano.a(lib_a-findfp.o)
 .text._cleanup_r
                0x0000000008002580        0xc c:/env/embeddedtoolchain/xpack-arm-none-eabi-gcc-10.3.1-2.3/bin/../lib/gcc/arm-none-eabi/10.3.1/../../../../arm-none-eabi/lib/thumb/v7-m/nofp\libc_nano.a(lib_a-findfp.o)
                0x0000000008002580                _cleanup_r
 .text.__sfmoreglue
                0x000000000800258c       0x2c c:/env/embeddedtoolchain/xpack-arm-none-eabi-gcc-10.3.1-2.3/bin/../lib/gcc/arm-none-eabi/10.3.1/../../../../arm-none-eabi/lib/thumb/v7-m/nofp\libc_nano.a(lib_a-findfp.o)
                0x000000000800258c                __sfmoreglue
 .text.__sfp_lock_acquire
                0x00000000080025b8        0xc c:/env/embeddedtoolchain/xpack-arm-none-eabi-gcc-10.3.1-2.3/bin/../lib/gcc/arm-none-eabi/10.3.1/../../../../arm-none-eabi/lib/thumb/v7-m/nofp\libc_nano.a(lib_a-findfp.o)
                0x00000000080025b8                __sfp_lock_acquire
 .text.__sfp_lock_release
                0x00000000080025c4        0xc c:/env/embeddedtoolchain/xpack-arm-none-eabi-gcc-10.3.1-2.3/bin/../lib/gcc/arm-none-eabi/10.3.1/../../../../arm-none-eabi/lib/thumb/v7-m/nofp\libc_nano.a(lib_a-findfp.o)
                0x00000000080025c4                __sfp_lock_release
 .text.__sinit_lock_acquire
                0x00000000080025d0        0xc c:/env/embeddedtoolchain/xpack-arm-none-eabi-gcc-10.3.1-2.3/bin/../lib/gcc/arm-none-eabi/10.3.1/../../../../arm-none-eabi/lib/thumb/v7-m/nofp\libc_nano.a(lib_a-findfp.o)
                0x00000000080025d0                __sinit_lock_acquire
 .text.__sinit_lock_release
                0x00000000080025dc        0xc c:/env/embeddedtoolchain/xpack-arm-none-eabi-gcc-10.3.1-2.3/bin/../lib/gcc/arm-none-eabi/10.3.1/../../../../arm-none-eabi/lib/thumb/v7-m/nofp\libc_nano.a(lib_a-findfp.o)
                0x00000000080025dc                __sinit_lock_release
 .text.__sinit  0x00000000080025e8       0x70 c:/env/embeddedtoolchain/xpack-arm-none-eabi-gcc-10.3.1-2.3/bin/../lib/gcc/arm-none-eabi/10.3.1/../../../../arm-none-eabi/lib/thumb/v7-m/nofp\libc_nano.a(lib_a-findfp.o)
                0x00000000080025e8                __sinit
 .text.__sfp    0x0000000008002658       0x8c c:/env/embeddedtoolchain/xpack-arm-none-eabi-gcc-10.3.1-2.3/bin/../lib/gcc/arm-none-eabi/10.3.1/../../../../arm-none-eabi/lib/thumb/v7-m/nofp\libc_nano.a(lib_a-findfp.o)
                0x0000000008002658                __sfp
 .text._fwalk_reent
                0x00000000080026e4       0x3e c:/env/embeddedtoolchain/xpack-arm-none-eabi-gcc-10.3.1-2.3/bin/../lib/gcc/arm-none-eabi/10.3.1/../../../../arm-none-eabi/lib/thumb/v7-m/nofp\libc_nano.a(lib_a-fwalk.o)
                0x00000000080026e4                _fwalk_reent
 .text.__retarget_lock_init_recursive
                0x0000000008002722        0x2 c:/env/embeddedtoolchain/xpack-arm-none-eabi-gcc-10.3.1-2.3/bin/../lib/gcc/arm-none-eabi/10.3.1/../../../../arm-none-eabi/lib/thumb/v7-m/nofp\libc_nano.a(lib_a-lock.o)
                0x0000000008002722                __retarget_lock_init_recursive
 .text.__retarget_lock_acquire_recursive
                0x0000000008002724        0x2 c:/env/embeddedtoolchain/xpack-arm-none-eabi-gcc-10.3.1-2.3/bin/../lib/gcc/arm-none-eabi/10.3.1/../../../../arm-none-eabi/lib/thumb/v7-m/nofp\libc_nano.a(lib_a-lock.o)
                0x0000000008002724                __retarget_lock_acquire_recursive
 .text.__retarget_lock_release_recursive
                0x0000000008002726        0x2 c:/env/embeddedtoolchain/xpack-arm-none-eabi-gcc-10.3.1-2.3/bin/../lib/gcc/arm-none-eabi/10.3.1/../../../../arm-none-eabi/lib/thumb/v7-m/nofp\libc_nano.a(lib_a-lock.o)
                0x0000000008002726                __retarget_lock_release_recursive
 .text.__swhatbuf_r
                0x0000000008002728       0x4a c:/env/embeddedtoolchain/xpack-arm-none-eabi-gcc-10.3.1-2.3/bin/../lib/gcc/arm-none-eabi/10.3.1/../../../../arm-none-eabi/lib/thumb/v7-m/nofp\libc_nano.a(lib_a-makebuf.o)
                0x0000000008002728                __swhatbuf_r
 *fill*         0x0000000008002772        0x2 
 .text.__smakebuf_r
                0x0000000008002774       0x80 c:/env/embeddedtoolchain/xpack-arm-none-eabi-gcc-10.3.1-2.3/bin/../lib/gcc/arm-none-eabi/10.3.1/../../../../arm-none-eabi/lib/thumb/v7-m/nofp\libc_nano.a(lib_a-makebuf.o)
                0x0000000008002774                __smakebuf_r
 .text._free_r  0x00000000080027f4       0x90 c:/env/embeddedtoolchain/xpack-arm-none-eabi-gcc-10.3.1-2.3/bin/../lib/gcc/arm-none-eabi/10.3.1/../../../../arm-none-eabi/lib/thumb/v7-m/nofp\libc_nano.a(lib_a-nano-freer.o)
                0x00000000080027f4                _free_r
 .text.sbrk_aligned
                0x0000000008002884       0x40 c:/env/embeddedtoolchain/xpack-arm-none-eabi-gcc-10.3.1-2.3/bin/../lib/gcc/arm-none-eabi/10.3.1/../../../../arm-none-eabi/lib/thumb/v7-m/nofp\libc_nano.a(lib_a-nano-mallocr.o)
 .text._malloc_r
                0x00000000080028c4       0xe8 c:/env/embeddedtoolchain/xpack-arm-none-eabi-gcc-10.3.1-2.3/bin/../lib/gcc/arm-none-eabi/10.3.1/../../../../arm-none-eabi/lib/thumb/v7-m/nofp\libc_nano.a(lib_a-nano-mallocr.o)
                0x00000000080028c4                _malloc_r
 .text._sbrk_r  0x00000000080029ac       0x20 c:/env/embeddedtoolchain/xpack-arm-none-eabi-gcc-10.3.1-2.3/bin/../lib/gcc/arm-none-eabi/10.3.1/../../../../arm-none-eabi/lib/thumb/v7-m/nofp\libc_nano.a(lib_a-sbrkr.o)
                0x00000000080029ac                _sbrk_r
 .text.__sread  0x00000000080029cc       0x22 c:/env/embeddedtoolchain/xpack-arm-none-eabi-gcc-10.3.1-2.3/bin/../lib/gcc/arm-none-eabi/10.3.1/../../../../arm-none-eabi/lib/thumb/v7-m/nofp\libc_nano.a(lib_a-stdio.o)
                0x00000000080029cc                __sread
 .text.__swrite
                0x00000000080029ee       0x38 c:/env/embeddedtoolchain/xpack-arm-none-eabi-gcc-10.3.1-2.3/bin/../lib/gcc/arm-none-eabi/10.3.1/../../../../arm-none-eabi/lib/thumb/v7-m/nofp\libc_nano.a(lib_a-stdio.o)
                0x00000000080029ee                __swrite
 .text.__sseek  0x0000000008002a26       0x24 c:/env/embeddedtoolchain/xpack-arm-none-eabi-gcc-10.3.1-2.3/bin/../lib/gcc/arm-none-eabi/10.3.1/../../../../arm-none-eabi/lib/thumb/v7-m/nofp\libc_nano.a(lib_a-stdio.o)
                0x0000000008002a26                __sseek
 .text.__sclose
                0x0000000008002a4a        0x8 c:/env/embeddedtoolchain/xpack-arm-none-eabi-gcc-10.3.1-2.3/bin/../lib/gcc/arm-none-eabi/10.3.1/../../../../arm-none-eabi/lib/thumb/v7-m/nofp\libc_nano.a(lib_a-stdio.o)
                0x0000000008002a4a                __sclose
 *fill*         0x0000000008002a52        0x2 
 .text._write_r
                0x0000000008002a54       0x24 c:/env/embeddedtoolchain/xpack-arm-none-eabi-gcc-10.3.1-2.3/bin/../lib/gcc/arm-none-eabi/10.3.1/../../../../arm-none-eabi/lib/thumb/v7-m/nofp\libc_nano.a(lib_a-writer.o)
                0x0000000008002a54                _write_r
 .text._close_r
                0x0000000008002a78       0x20 c:/env/embeddedtoolchain/xpack-arm-none-eabi-gcc-10.3.1-2.3/bin/../lib/gcc/arm-none-eabi/10.3.1/../../../../arm-none-eabi/lib/thumb/v7-m/nofp\libc_nano.a(lib_a-closer.o)
                0x0000000008002a78                _close_r
 .text._fstat_r
                0x0000000008002a98       0x24 c:/env/embeddedtoolchain/xpack-arm-none-eabi-gcc-10.3.1-2.3/bin/../lib/gcc/arm-none-eabi/10.3.1/../../../../arm-none-eabi/lib/thumb/v7-m/nofp\libc_nano.a(lib_a-fstatr.o)
                0x0000000008002a98                _fstat_r
 .text._isatty_r
                0x0000000008002abc       0x20 c:/env/embeddedtoolchain/xpack-arm-none-eabi-gcc-10.3.1-2.3/bin/../lib/gcc/arm-none-eabi/10.3.1/../../../../arm-none-eabi/lib/thumb/v7-m/nofp\libc_nano.a(lib_a-isattyr.o)
                0x0000000008002abc                _isatty_r
 .text._lseek_r
                0x0000000008002adc       0x24 c:/env/embeddedtoolchain/xpack-arm-none-eabi-gcc-10.3.1-2.3/bin/../lib/gcc/arm-none-eabi/10.3.1/../../../../arm-none-eabi/lib/thumb/v7-m/nofp\libc_nano.a(lib_a-lseekr.o)
                0x0000000008002adc                _lseek_r
 .text.__malloc_lock
                0x0000000008002b00        0xc c:/env/embeddedtoolchain/xpack-arm-none-eabi-gcc-10.3.1-2.3/bin/../lib/gcc/arm-none-eabi/10.3.1/../../../../arm-none-eabi/lib/thumb/v7-m/nofp\libc_nano.a(lib_a-mlock.o)
                0x0000000008002b00                __malloc_lock
 .text.__malloc_unlock
                0x0000000008002b0c        0xc c:/env/embeddedtoolchain/xpack-arm-none-eabi-gcc-10.3.1-2.3/bin/../lib/gcc/arm-none-eabi/10.3.1/../../../../arm-none-eabi/lib/thumb/v7-m/nofp\libc_nano.a(lib_a-mlock.o)
                0x0000000008002b0c                __malloc_unlock
 .text._read_r  0x0000000008002b18       0x24 c:/env/embeddedtoolchain/xpack-arm-none-eabi-gcc-10.3.1-2.3/bin/../lib/gcc/arm-none-eabi/10.3.1/../../../../arm-none-eabi/lib/thumb/v7-m/nofp\libc_nano.a(lib_a-readr.o)
                0x0000000008002b18                _read_r
 .text._close   0x0000000008002b3c       0x10 c:/env/embeddedtoolchain/xpack-arm-none-eabi-gcc-10.3.1-2.3/bin/../lib/gcc/arm-none-eabi/10.3.1/../../../../arm-none-eabi/lib/thumb/v7-m/nofp\libnosys.a(close.o)
                0x0000000008002b3c                _close
 .text._fstat   0x0000000008002b4c       0x10 c:/env/embeddedtoolchain/xpack-arm-none-eabi-gcc-10.3.1-2.3/bin/../lib/gcc/arm-none-eabi/10.3.1/../../../../arm-none-eabi/lib/thumb/v7-m/nofp\libnosys.a(fstat.o)
                0x0000000008002b4c                _fstat
 .text._isatty  0x0000000008002b5c       0x10 c:/env/embeddedtoolchain/xpack-arm-none-eabi-gcc-10.3.1-2.3/bin/../lib/gcc/arm-none-eabi/10.3.1/../../../../arm-none-eabi/lib/thumb/v7-m/nofp\libnosys.a(isatty.o)
                0x0000000008002b5c                _isatty
 .text._lseek   0x0000000008002b6c       0x10 c:/env/embeddedtoolchain/xpack-arm-none-eabi-gcc-10.3.1-2.3/bin/../lib/gcc/arm-none-eabi/10.3.1/../../../../arm-none-eabi/lib/thumb/v7-m/nofp\libnosys.a(lseek.o)
                0x0000000008002b6c                _lseek
 .text._read    0x0000000008002b7c       0x10 c:/env/embeddedtoolchain/xpack-arm-none-eabi-gcc-10.3.1-2.3/bin/../lib/gcc/arm-none-eabi/10.3.1/../../../../arm-none-eabi/lib/thumb/v7-m/nofp\libnosys.a(read.o)
                0x0000000008002b7c                _read
 .text._sbrk    0x0000000008002b8c       0x1c c:/env/embeddedtoolchain/xpack-arm-none-eabi-gcc-10.3.1-2.3/bin/../lib/gcc/arm-none-eabi/10.3.1/../../../../arm-none-eabi/lib/thumb/v7-m/nofp\libnosys.a(sbrk.o)
                0x0000000008002b8c                _sbrk
 *(.glue_7)
 .glue_7        0x0000000008002ba8        0x0 linker stubs
 *(.glue_7t)
 .glue_7t       0x0000000008002ba8        0x0 linker stubs
 *(.eh_frame)
 .eh_frame      0x0000000008002ba8        0x0 c:/env/embeddedtoolchain/xpack-arm-none-eabi-gcc-10.3.1-2.3/bin/../lib/gcc/arm-none-eabi/10.3.1/thumb/v7-m/nofp/crtbegin.o
 *(.init)
 .init          0x0000000008002ba8        0x4 c:/env/embeddedtoolchain/xpack-arm-none-eabi-gcc-10.3.1-2.3/bin/../lib/gcc/arm-none-eabi/10.3.1/thumb/v7-m/nofp/crti.o
                0x0000000008002ba8                _init
 .init          0x0000000008002bac        0x8 c:/env/embeddedtoolchain/xpack-arm-none-eabi-gcc-10.3.1-2.3/bin/../lib/gcc/arm-none-eabi/10.3.1/thumb/v7-m/nofp/crtn.o
 *(.fini)
 .fini          0x0000000008002bb4        0x4 c:/env/embeddedtoolchain/xpack-arm-none-eabi-gcc-10.3.1-2.3/bin/../lib/gcc/arm-none-eabi/10.3.1/thumb/v7-m/nofp/crti.o
                0x0000000008002bb4                _fini
 .fini          0x0000000008002bb8        0x8 c:/env/embeddedtoolchain/xpack-arm-none-eabi-gcc-10.3.1-2.3/bin/../lib/gcc/arm-none-eabi/10.3.1/thumb/v7-m/nofp/crtn.o
                0x0000000008002bc0                . = ALIGN (0x4)
                0x0000000008002bc0                _etext = .

.vfp11_veneer   0x0000000008002bc0        0x0
 .vfp11_veneer  0x0000000008002bc0        0x0 linker stubs

.v4_bx          0x0000000008002bc0        0x0
 .v4_bx         0x0000000008002bc0        0x0 linker stubs

.iplt           0x0000000008002bc0        0x0
 .iplt          0x0000000008002bc0        0x0 c:/env/embeddedtoolchain/xpack-arm-none-eabi-gcc-10.3.1-2.3/bin/../lib/gcc/arm-none-eabi/10.3.1/thumb/v7-m/nofp/crtbegin.o

.rodata         0x0000000008002bc0       0xcc
                0x0000000008002bc0                . = ALIGN (0x4)
 *(.rodata)
 *(.rodata*)
 .rodata.InitInputDevices.str1.4
                0x0000000008002bc0        0xf build/input_system.o
 *fill*         0x0000000008002bcf        0x1 
 .rodata.str1.4
                0x0000000008002bd0        0xc build/input_system.o
 .rodata.Error_Handler.str1.4
                0x0000000008002bdc        0x8 build/main.o
 .rodata.main.str1.4
                0x0000000008002be4       0x15 build/main.o
 *fill*         0x0000000008002bf9        0x3 
 .rodata.aPLLMULFactorTable.1
                0x0000000008002bfc       0x10 build/stm32f1xx_hal_rcc.o
 .rodata.aPredivFactorTable.0
                0x0000000008002c0c        0x2 build/stm32f1xx_hal_rcc.o
 *fill*         0x0000000008002c0e        0x2 
 .rodata.AHBPrescTable
                0x0000000008002c10       0x10 build/system_stm32f1xx.o
                0x0000000008002c10                AHBPrescTable
 .rodata.APBPrescTable
                0x0000000008002c20        0x8 build/system_stm32f1xx.o
                0x0000000008002c20                APBPrescTable
 .rodata._global_impure_ptr
                0x0000000008002c28        0x4 c:/env/embeddedtoolchain/xpack-arm-none-eabi-gcc-10.3.1-2.3/bin/../lib/gcc/arm-none-eabi/10.3.1/../../../../arm-none-eabi/lib/thumb/v7-m/nofp\libc_nano.a(lib_a-impure.o)
                0x0000000008002c28                _global_impure_ptr
 .rodata.__sf_fake_stderr
                0x0000000008002c2c       0x20 c:/env/embeddedtoolchain/xpack-arm-none-eabi-gcc-10.3.1-2.3/bin/../lib/gcc/arm-none-eabi/10.3.1/../../../../arm-none-eabi/lib/thumb/v7-m/nofp\libc_nano.a(lib_a-findfp.o)
                0x0000000008002c2c                __sf_fake_stderr
 .rodata.__sf_fake_stdin
                0x0000000008002c4c       0x20 c:/env/embeddedtoolchain/xpack-arm-none-eabi-gcc-10.3.1-2.3/bin/../lib/gcc/arm-none-eabi/10.3.1/../../../../arm-none-eabi/lib/thumb/v7-m/nofp\libc_nano.a(lib_a-findfp.o)
                0x0000000008002c4c                __sf_fake_stdin
 .rodata.__sf_fake_stdout
                0x0000000008002c6c       0x20 c:/env/embeddedtoolchain/xpack-arm-none-eabi-gcc-10.3.1-2.3/bin/../lib/gcc/arm-none-eabi/10.3.1/../../../../arm-none-eabi/lib/thumb/v7-m/nofp\libc_nano.a(lib_a-findfp.o)
                0x0000000008002c6c                __sf_fake_stdout
                0x0000000008002c8c                . = ALIGN (0x4)

.ARM.extab      0x0000000008002c8c        0x0
                0x0000000008002c8c                . = ALIGN (0x4)
 *(.ARM.extab* .gnu.linkonce.armextab.*)
                0x0000000008002c8c                . = ALIGN (0x4)

.ARM            0x0000000008002c8c        0x8
                0x0000000008002c8c                . = ALIGN (0x4)
                0x0000000008002c8c                __exidx_start = .
 *(.ARM.exidx*)
 .ARM.exidx.text._close
                0x0000000008002c8c        0x8 c:/env/embeddedtoolchain/xpack-arm-none-eabi-gcc-10.3.1-2.3/bin/../lib/gcc/arm-none-eabi/10.3.1/../../../../arm-none-eabi/lib/thumb/v7-m/nofp\libnosys.a(close.o)
 .ARM.exidx.text._fstat
                0x0000000008002c94        0x0 c:/env/embeddedtoolchain/xpack-arm-none-eabi-gcc-10.3.1-2.3/bin/../lib/gcc/arm-none-eabi/10.3.1/../../../../arm-none-eabi/lib/thumb/v7-m/nofp\libnosys.a(fstat.o)
                                          0x8 (size before relaxing)
 .ARM.exidx.text._isatty
                0x0000000008002c94        0x0 c:/env/embeddedtoolchain/xpack-arm-none-eabi-gcc-10.3.1-2.3/bin/../lib/gcc/arm-none-eabi/10.3.1/../../../../arm-none-eabi/lib/thumb/v7-m/nofp\libnosys.a(isatty.o)
                                          0x8 (size before relaxing)
 .ARM.exidx.text._lseek
                0x0000000008002c94        0x0 c:/env/embeddedtoolchain/xpack-arm-none-eabi-gcc-10.3.1-2.3/bin/../lib/gcc/arm-none-eabi/10.3.1/../../../../arm-none-eabi/lib/thumb/v7-m/nofp\libnosys.a(lseek.o)
                                          0x8 (size before relaxing)
 .ARM.exidx.text._read
                0x0000000008002c94        0x0 c:/env/embeddedtoolchain/xpack-arm-none-eabi-gcc-10.3.1-2.3/bin/../lib/gcc/arm-none-eabi/10.3.1/../../../../arm-none-eabi/lib/thumb/v7-m/nofp\libnosys.a(read.o)
                                          0x8 (size before relaxing)
 .ARM.exidx.text._sbrk
                0x0000000008002c94        0x0 c:/env/embeddedtoolchain/xpack-arm-none-eabi-gcc-10.3.1-2.3/bin/../lib/gcc/arm-none-eabi/10.3.1/../../../../arm-none-eabi/lib/thumb/v7-m/nofp\libnosys.a(sbrk.o)
                                          0x8 (size before relaxing)
                0x0000000008002c94                __exidx_end = .
                0x0000000008002c94                . = ALIGN (0x4)

.rel.dyn        0x0000000008002c94        0x0
 .rel.iplt      0x0000000008002c94        0x0 c:/env/embeddedtoolchain/xpack-arm-none-eabi-gcc-10.3.1-2.3/bin/../lib/gcc/arm-none-eabi/10.3.1/thumb/v7-m/nofp/crtbegin.o

.preinit_array  0x0000000008002c94        0x0
                0x0000000008002c94                . = ALIGN (0x4)
                0x0000000008002c94                PROVIDE (__preinit_array_start = .)
 *(.preinit_array*)
                0x0000000008002c94                PROVIDE (__preinit_array_end = .)
                0x0000000008002c94                . = ALIGN (0x4)

.init_array     0x0000000008002c94        0x4
                0x0000000008002c94                . = ALIGN (0x4)
                0x0000000008002c94                PROVIDE (__init_array_start = .)
 *(SORT_BY_NAME(.init_array.*))
 *(.init_array*)
 .init_array    0x0000000008002c94        0x4 c:/env/embeddedtoolchain/xpack-arm-none-eabi-gcc-10.3.1-2.3/bin/../lib/gcc/arm-none-eabi/10.3.1/thumb/v7-m/nofp/crtbegin.o
                0x0000000008002c98                PROVIDE (__init_array_end = .)
                0x0000000008002c98                . = ALIGN (0x4)

.fini_array     0x0000000008002c98        0x4
                0x0000000008002c98                . = ALIGN (0x4)
                [!provide]                        PROVIDE (__fini_array_start = .)
 *(SORT_BY_NAME(.fini_array.*))
 *(.fini_array*)
 .fini_array    0x0000000008002c98        0x4 c:/env/embeddedtoolchain/xpack-arm-none-eabi-gcc-10.3.1-2.3/bin/../lib/gcc/arm-none-eabi/10.3.1/thumb/v7-m/nofp/crtbegin.o
                [!provide]                        PROVIDE (__fini_array_end = .)
                0x0000000008002c9c                . = ALIGN (0x4)
                0x0000000008002c9c                _sidata = LOADADDR (.data)

.data           0x0000000020000000       0x98 load address 0x0000000008002c9c
                0x0000000020000000                . = ALIGN (0x4)
                0x0000000020000000                _sdata = .
 *(.data)
 *(.data*)
 .data.g_KeyDevice
                0x0000000020000000       0x14 build/input_system.o
 .data.g_StdDevice
                0x0000000020000014       0x14 build/input_system.o
 .data.uwTickFreq
                0x0000000020000028        0x1 build/stm32f1xx_hal.o
                0x0000000020000028                uwTickFreq
 *fill*         0x0000000020000029        0x3 
 .data.uwTickPrio
                0x000000002000002c        0x4 build/stm32f1xx_hal.o
                0x000000002000002c                uwTickPrio
 .data.SystemCoreClock
                0x0000000020000030        0x4 build/system_stm32f1xx.o
                0x0000000020000030                SystemCoreClock
 .data._impure_ptr
                0x0000000020000034        0x4 c:/env/embeddedtoolchain/xpack-arm-none-eabi-gcc-10.3.1-2.3/bin/../lib/gcc/arm-none-eabi/10.3.1/../../../../arm-none-eabi/lib/thumb/v7-m/nofp\libc_nano.a(lib_a-impure.o)
                0x0000000020000034                _impure_ptr
 .data.impure_data
                0x0000000020000038       0x60 c:/env/embeddedtoolchain/xpack-arm-none-eabi-gcc-10.3.1-2.3/bin/../lib/gcc/arm-none-eabi/10.3.1/../../../../arm-none-eabi/lib/thumb/v7-m/nofp\libc_nano.a(lib_a-impure.o)
 *(.RamFunc)
 *(.RamFunc*)
                0x0000000020000098                . = ALIGN (0x4)
                0x0000000020000098                _edata = .

.igot.plt       0x0000000020000098        0x0 load address 0x0000000008002d34
 .igot.plt      0x0000000020000098        0x0 c:/env/embeddedtoolchain/xpack-arm-none-eabi-gcc-10.3.1-2.3/bin/../lib/gcc/arm-none-eabi/10.3.1/thumb/v7-m/nofp/crtbegin.o
                0x0000000020000098                . = ALIGN (0x4)

.bss            0x0000000020000098      0x664 load address 0x0000000008002d34
                0x0000000020000098                _sbss = .
                0x0000000020000098                __bss_start__ = _sbss
 *(.bss)
 *(.bss*)
 .bss.completed.1
                0x0000000020000098        0x1 c:/env/embeddedtoolchain/xpack-arm-none-eabi-gcc-10.3.1-2.3/bin/../lib/gcc/arm-none-eabi/10.3.1/thumb/v7-m/nofp/crtbegin.o
 *fill*         0x0000000020000099        0x3 
 .bss.object.0  0x000000002000009c       0x18 c:/env/embeddedtoolchain/xpack-arm-none-eabi-gcc-10.3.1-2.3/bin/../lib/gcc/arm-none-eabi/10.3.1/thumb/v7-m/nofp/crtbegin.o
 .bss.count     0x00000000200000b4        0x4 build/uart_driver.o
 .bss.temp      0x00000000200000b8       0x64 build/uart_driver.o
 .bss.g_inputEventBuffer
                0x000000002000011c      0x4e0 build/ring_buffer.o
                0x000000002000011c                g_inputEventBuffer
 .bss.g_InputDeviceList
                0x00000000200005fc        0x4 build/input_system.o
                0x00000000200005fc                g_InputDeviceList
 .bss.huart1    0x0000000020000600       0x48 build/usart.o
                0x0000000020000600                huart1
 .bss.huart3    0x0000000020000648       0x48 build/usart.o
                0x0000000020000648                huart3
 .bss.uwTick    0x0000000020000690        0x4 build/stm32f1xx_hal.o
                0x0000000020000690                uwTick
 .bss.hi2c1     0x0000000020000694       0x54 build/i2c.o
                0x0000000020000694                hi2c1
 .bss.__lock___malloc_recursive_mutex
                0x00000000200006e8        0x1 c:/env/embeddedtoolchain/xpack-arm-none-eabi-gcc-10.3.1-2.3/bin/../lib/gcc/arm-none-eabi/10.3.1/../../../../arm-none-eabi/lib/thumb/v7-m/nofp\libc_nano.a(lib_a-lock.o)
                0x00000000200006e8                __lock___malloc_recursive_mutex
 .bss.__lock___sfp_recursive_mutex
                0x00000000200006e9        0x1 c:/env/embeddedtoolchain/xpack-arm-none-eabi-gcc-10.3.1-2.3/bin/../lib/gcc/arm-none-eabi/10.3.1/../../../../arm-none-eabi/lib/thumb/v7-m/nofp\libc_nano.a(lib_a-lock.o)
                0x00000000200006e9                __lock___sfp_recursive_mutex
 .bss.__lock___sinit_recursive_mutex
                0x00000000200006ea        0x1 c:/env/embeddedtoolchain/xpack-arm-none-eabi-gcc-10.3.1-2.3/bin/../lib/gcc/arm-none-eabi/10.3.1/../../../../arm-none-eabi/lib/thumb/v7-m/nofp\libc_nano.a(lib_a-lock.o)
                0x00000000200006ea                __lock___sinit_recursive_mutex
 *fill*         0x00000000200006eb        0x1 
 .bss.__malloc_free_list
                0x00000000200006ec        0x4 c:/env/embeddedtoolchain/xpack-arm-none-eabi-gcc-10.3.1-2.3/bin/../lib/gcc/arm-none-eabi/10.3.1/../../../../arm-none-eabi/lib/thumb/v7-m/nofp\libc_nano.a(lib_a-nano-mallocr.o)
                0x00000000200006ec                __malloc_free_list
 .bss.__malloc_sbrk_start
                0x00000000200006f0        0x4 c:/env/embeddedtoolchain/xpack-arm-none-eabi-gcc-10.3.1-2.3/bin/../lib/gcc/arm-none-eabi/10.3.1/../../../../arm-none-eabi/lib/thumb/v7-m/nofp\libc_nano.a(lib_a-nano-mallocr.o)
                0x00000000200006f0                __malloc_sbrk_start
 .bss.errno     0x00000000200006f4        0x4 c:/env/embeddedtoolchain/xpack-arm-none-eabi-gcc-10.3.1-2.3/bin/../lib/gcc/arm-none-eabi/10.3.1/../../../../arm-none-eabi/lib/thumb/v7-m/nofp\libc_nano.a(lib_a-reent.o)
                0x00000000200006f4                errno
 .bss.heap_end.0
                0x00000000200006f8        0x4 c:/env/embeddedtoolchain/xpack-arm-none-eabi-gcc-10.3.1-2.3/bin/../lib/gcc/arm-none-eabi/10.3.1/../../../../arm-none-eabi/lib/thumb/v7-m/nofp\libnosys.a(sbrk.o)
 *(COMMON)
                0x00000000200006fc                . = ALIGN (0x4)
                0x00000000200006fc                _ebss = .
                0x00000000200006fc                __bss_end__ = _ebss

._user_heap_stack
                0x00000000200006fc      0x604 load address 0x0000000008002d34
                0x0000000020000700                . = ALIGN (0x8)
 *fill*         0x00000000200006fc        0x4 
                0x0000000020000700                PROVIDE (end = .)
                [!provide]                        PROVIDE (_end = .)
                0x0000000020000900                . = (. + _Min_Heap_Size)
 *fill*         0x0000000020000700      0x200 
                0x0000000020000d00                . = (. + _Min_Stack_Size)
 *fill*         0x0000000020000900      0x400 
                0x0000000020000d00                . = ALIGN (0x8)

/DISCARD/
 libc.a(*)
 libm.a(*)
 libgcc.a(*)

.ARM.attributes
                0x0000000000000000       0x29
 *(.ARM.attributes)
 .ARM.attributes
                0x0000000000000000       0x1d c:/env/embeddedtoolchain/xpack-arm-none-eabi-gcc-10.3.1-2.3/bin/../lib/gcc/arm-none-eabi/10.3.1/thumb/v7-m/nofp/crti.o
 .ARM.attributes
                0x000000000000001d       0x2d c:/env/embeddedtoolchain/xpack-arm-none-eabi-gcc-10.3.1-2.3/bin/../lib/gcc/arm-none-eabi/10.3.1/thumb/v7-m/nofp/crtbegin.o
 .ARM.attributes
                0x000000000000004a       0x2d build/iic_driver.o
 .ARM.attributes
                0x0000000000000077       0x2d build/oled_driver.o
 .ARM.attributes
                0x00000000000000a4       0x2d build/uart_driver.o
 .ARM.attributes
                0x00000000000000d1       0x2d build/ring_buffer.o
 .ARM.attributes
                0x00000000000000fe       0x2d build/key_driver.o
 .ARM.attributes
                0x000000000000012b       0x2d build/input_system.o
 .ARM.attributes
                0x0000000000000158       0x2d build/input_kal.o
 .ARM.attributes
                0x0000000000000185       0x2d build/general_kal.o
 .ARM.attributes
                0x00000000000001b2       0x2d build/input_cal.o
 .ARM.attributes
                0x00000000000001df       0x2d build/general_cal.o
 .ARM.attributes
                0x000000000000020c       0x2d build/main.o
 .ARM.attributes
                0x0000000000000239       0x2d build/gpio.o
 .ARM.attributes
                0x0000000000000266       0x2d build/usart.o
 .ARM.attributes
                0x0000000000000293       0x2d build/stm32f1xx_it.o
 .ARM.attributes
                0x00000000000002c0       0x2d build/stm32f1xx_hal_msp.o
 .ARM.attributes
                0x00000000000002ed       0x2d build/stm32f1xx_hal_uart.o
 .ARM.attributes
                0x000000000000031a       0x2d build/stm32f1xx_hal.o
 .ARM.attributes
                0x0000000000000347       0x2d build/stm32f1xx_hal_rcc.o
 .ARM.attributes
                0x0000000000000374       0x2d build/stm32f1xx_hal_gpio.o
 .ARM.attributes
                0x00000000000003a1       0x2d build/stm32f1xx_hal_dma.o
 .ARM.attributes
                0x00000000000003ce       0x2d build/stm32f1xx_hal_cortex.o
 .ARM.attributes
                0x00000000000003fb       0x2d build/system_stm32f1xx.o
 .ARM.attributes
                0x0000000000000428       0x2d build/i2c.o
 .ARM.attributes
                0x0000000000000455       0x2d build/stm32f1xx_hal_i2c.o
 .ARM.attributes
                0x0000000000000482       0x21 build/startup_stm32f103xe.o
 .ARM.attributes
                0x00000000000004a3       0x2d c:/env/embeddedtoolchain/xpack-arm-none-eabi-gcc-10.3.1-2.3/bin/../lib/gcc/arm-none-eabi/10.3.1/../../../../arm-none-eabi/lib/thumb/v7-m/nofp\libc_nano.a(lib_a-impure.o)
 .ARM.attributes
                0x00000000000004d0       0x2d c:/env/embeddedtoolchain/xpack-arm-none-eabi-gcc-10.3.1-2.3/bin/../lib/gcc/arm-none-eabi/10.3.1/../../../../arm-none-eabi/lib/thumb/v7-m/nofp\libc_nano.a(lib_a-init.o)
 .ARM.attributes
                0x00000000000004fd       0x2d c:/env/embeddedtoolchain/xpack-arm-none-eabi-gcc-10.3.1-2.3/bin/../lib/gcc/arm-none-eabi/10.3.1/../../../../arm-none-eabi/lib/thumb/v7-m/nofp\libc_nano.a(lib_a-memcpy-stub.o)
 .ARM.attributes
                0x000000000000052a       0x2d c:/env/embeddedtoolchain/xpack-arm-none-eabi-gcc-10.3.1-2.3/bin/../lib/gcc/arm-none-eabi/10.3.1/../../../../arm-none-eabi/lib/thumb/v7-m/nofp\libc_nano.a(lib_a-memset.o)
 .ARM.attributes
                0x0000000000000557       0x2d c:/env/embeddedtoolchain/xpack-arm-none-eabi-gcc-10.3.1-2.3/bin/../lib/gcc/arm-none-eabi/10.3.1/../../../../arm-none-eabi/lib/thumb/v7-m/nofp\libc_nano.a(lib_a-puts.o)
 .ARM.attributes
                0x0000000000000584       0x2d c:/env/embeddedtoolchain/xpack-arm-none-eabi-gcc-10.3.1-2.3/bin/../lib/gcc/arm-none-eabi/10.3.1/../../../../arm-none-eabi/lib/thumb/v7-m/nofp\libc_nano.a(lib_a-wbuf.o)
 .ARM.attributes
                0x00000000000005b1       0x2d c:/env/embeddedtoolchain/xpack-arm-none-eabi-gcc-10.3.1-2.3/bin/../lib/gcc/arm-none-eabi/10.3.1/../../../../arm-none-eabi/lib/thumb/v7-m/nofp\libc_nano.a(lib_a-wsetup.o)
 .ARM.attributes
                0x00000000000005de       0x2d c:/env/embeddedtoolchain/xpack-arm-none-eabi-gcc-10.3.1-2.3/bin/../lib/gcc/arm-none-eabi/10.3.1/../../../../arm-none-eabi/lib/thumb/v7-m/nofp\libc_nano.a(lib_a-fflush.o)
 .ARM.attributes
                0x000000000000060b       0x2d c:/env/embeddedtoolchain/xpack-arm-none-eabi-gcc-10.3.1-2.3/bin/../lib/gcc/arm-none-eabi/10.3.1/../../../../arm-none-eabi/lib/thumb/v7-m/nofp\libc_nano.a(lib_a-findfp.o)
 .ARM.attributes
                0x0000000000000638       0x2d c:/env/embeddedtoolchain/xpack-arm-none-eabi-gcc-10.3.1-2.3/bin/../lib/gcc/arm-none-eabi/10.3.1/../../../../arm-none-eabi/lib/thumb/v7-m/nofp\libc_nano.a(lib_a-fwalk.o)
 .ARM.attributes
                0x0000000000000665       0x2d c:/env/embeddedtoolchain/xpack-arm-none-eabi-gcc-10.3.1-2.3/bin/../lib/gcc/arm-none-eabi/10.3.1/../../../../arm-none-eabi/lib/thumb/v7-m/nofp\libc_nano.a(lib_a-lock.o)
 .ARM.attributes
                0x0000000000000692       0x2d c:/env/embeddedtoolchain/xpack-arm-none-eabi-gcc-10.3.1-2.3/bin/../lib/gcc/arm-none-eabi/10.3.1/../../../../arm-none-eabi/lib/thumb/v7-m/nofp\libc_nano.a(lib_a-makebuf.o)
 .ARM.attributes
                0x00000000000006bf       0x2d c:/env/embeddedtoolchain/xpack-arm-none-eabi-gcc-10.3.1-2.3/bin/../lib/gcc/arm-none-eabi/10.3.1/../../../../arm-none-eabi/lib/thumb/v7-m/nofp\libc_nano.a(lib_a-nano-freer.o)
 .ARM.attributes
                0x00000000000006ec       0x2d c:/env/embeddedtoolchain/xpack-arm-none-eabi-gcc-10.3.1-2.3/bin/../lib/gcc/arm-none-eabi/10.3.1/../../../../arm-none-eabi/lib/thumb/v7-m/nofp\libc_nano.a(lib_a-nano-mallocr.o)
 .ARM.attributes
                0x0000000000000719       0x2d c:/env/embeddedtoolchain/xpack-arm-none-eabi-gcc-10.3.1-2.3/bin/../lib/gcc/arm-none-eabi/10.3.1/../../../../arm-none-eabi/lib/thumb/v7-m/nofp\libc_nano.a(lib_a-sbrkr.o)
 .ARM.attributes
                0x0000000000000746       0x2d c:/env/embeddedtoolchain/xpack-arm-none-eabi-gcc-10.3.1-2.3/bin/../lib/gcc/arm-none-eabi/10.3.1/../../../../arm-none-eabi/lib/thumb/v7-m/nofp\libc_nano.a(lib_a-stdio.o)
 .ARM.attributes
                0x0000000000000773       0x2d c:/env/embeddedtoolchain/xpack-arm-none-eabi-gcc-10.3.1-2.3/bin/../lib/gcc/arm-none-eabi/10.3.1/../../../../arm-none-eabi/lib/thumb/v7-m/nofp\libc_nano.a(lib_a-writer.o)
 .ARM.attributes
                0x00000000000007a0       0x2d c:/env/embeddedtoolchain/xpack-arm-none-eabi-gcc-10.3.1-2.3/bin/../lib/gcc/arm-none-eabi/10.3.1/../../../../arm-none-eabi/lib/thumb/v7-m/nofp\libc_nano.a(lib_a-closer.o)
 .ARM.attributes
                0x00000000000007cd       0x2d c:/env/embeddedtoolchain/xpack-arm-none-eabi-gcc-10.3.1-2.3/bin/../lib/gcc/arm-none-eabi/10.3.1/../../../../arm-none-eabi/lib/thumb/v7-m/nofp\libc_nano.a(lib_a-fstatr.o)
 .ARM.attributes
                0x00000000000007fa       0x2d c:/env/embeddedtoolchain/xpack-arm-none-eabi-gcc-10.3.1-2.3/bin/../lib/gcc/arm-none-eabi/10.3.1/../../../../arm-none-eabi/lib/thumb/v7-m/nofp\libc_nano.a(lib_a-isattyr.o)
 .ARM.attributes
                0x0000000000000827       0x2d c:/env/embeddedtoolchain/xpack-arm-none-eabi-gcc-10.3.1-2.3/bin/../lib/gcc/arm-none-eabi/10.3.1/../../../../arm-none-eabi/lib/thumb/v7-m/nofp\libc_nano.a(lib_a-lseekr.o)
 .ARM.attributes
                0x0000000000000854       0x2d c:/env/embeddedtoolchain/xpack-arm-none-eabi-gcc-10.3.1-2.3/bin/../lib/gcc/arm-none-eabi/10.3.1/../../../../arm-none-eabi/lib/thumb/v7-m/nofp\libc_nano.a(lib_a-mlock.o)
 .ARM.attributes
                0x0000000000000881       0x2d c:/env/embeddedtoolchain/xpack-arm-none-eabi-gcc-10.3.1-2.3/bin/../lib/gcc/arm-none-eabi/10.3.1/../../../../arm-none-eabi/lib/thumb/v7-m/nofp\libc_nano.a(lib_a-readr.o)
 .ARM.attributes
                0x00000000000008ae       0x2d c:/env/embeddedtoolchain/xpack-arm-none-eabi-gcc-10.3.1-2.3/bin/../lib/gcc/arm-none-eabi/10.3.1/../../../../arm-none-eabi/lib/thumb/v7-m/nofp\libc_nano.a(lib_a-reent.o)
 .ARM.attributes
                0x00000000000008db       0x2d c:/env/embeddedtoolchain/xpack-arm-none-eabi-gcc-10.3.1-2.3/bin/../lib/gcc/arm-none-eabi/10.3.1/../../../../arm-none-eabi/lib/thumb/v7-m/nofp\libnosys.a(close.o)
 .ARM.attributes
                0x0000000000000908       0x2d c:/env/embeddedtoolchain/xpack-arm-none-eabi-gcc-10.3.1-2.3/bin/../lib/gcc/arm-none-eabi/10.3.1/../../../../arm-none-eabi/lib/thumb/v7-m/nofp\libnosys.a(fstat.o)
 .ARM.attributes
                0x0000000000000935       0x2d c:/env/embeddedtoolchain/xpack-arm-none-eabi-gcc-10.3.1-2.3/bin/../lib/gcc/arm-none-eabi/10.3.1/../../../../arm-none-eabi/lib/thumb/v7-m/nofp\libnosys.a(isatty.o)
 .ARM.attributes
                0x0000000000000962       0x2d c:/env/embeddedtoolchain/xpack-arm-none-eabi-gcc-10.3.1-2.3/bin/../lib/gcc/arm-none-eabi/10.3.1/../../../../arm-none-eabi/lib/thumb/v7-m/nofp\libnosys.a(lseek.o)
 .ARM.attributes
                0x000000000000098f       0x2d c:/env/embeddedtoolchain/xpack-arm-none-eabi-gcc-10.3.1-2.3/bin/../lib/gcc/arm-none-eabi/10.3.1/../../../../arm-none-eabi/lib/thumb/v7-m/nofp\libnosys.a(read.o)
 .ARM.attributes
                0x00000000000009bc       0x2d c:/env/embeddedtoolchain/xpack-arm-none-eabi-gcc-10.3.1-2.3/bin/../lib/gcc/arm-none-eabi/10.3.1/../../../../arm-none-eabi/lib/thumb/v7-m/nofp\libnosys.a(sbrk.o)
 .ARM.attributes
                0x00000000000009e9       0x1d c:/env/embeddedtoolchain/xpack-arm-none-eabi-gcc-10.3.1-2.3/bin/../lib/gcc/arm-none-eabi/10.3.1/thumb/v7-m/nofp/crtn.o
OUTPUT(build/F103_Module_x.elf elf32-littlearm)
LOAD linker stubs
LOAD c:/env/embeddedtoolchain/xpack-arm-none-eabi-gcc-10.3.1-2.3/bin/../lib/gcc/arm-none-eabi/10.3.1/../../../../arm-none-eabi/lib/thumb/v7-m/nofp\libc.a
LOAD c:/env/embeddedtoolchain/xpack-arm-none-eabi-gcc-10.3.1-2.3/bin/../lib/gcc/arm-none-eabi/10.3.1/../../../../arm-none-eabi/lib/thumb/v7-m/nofp\libm.a
LOAD c:/env/embeddedtoolchain/xpack-arm-none-eabi-gcc-10.3.1-2.3/bin/../lib/gcc/arm-none-eabi/10.3.1/thumb/v7-m/nofp\libgcc.a

.comment        0x0000000000000000       0x43
 .comment       0x0000000000000000       0x43 c:/env/embeddedtoolchain/xpack-arm-none-eabi-gcc-10.3.1-2.3/bin/../lib/gcc/arm-none-eabi/10.3.1/thumb/v7-m/nofp/crtbegin.o
                                         0x44 (size before relaxing)
 .comment       0x0000000000000043       0x44 build/iic_driver.o
 .comment       0x0000000000000043       0x44 build/oled_driver.o
 .comment       0x0000000000000043       0x44 build/uart_driver.o
 .comment       0x0000000000000043       0x44 build/ring_buffer.o
 .comment       0x0000000000000043       0x44 build/key_driver.o
 .comment       0x0000000000000043       0x44 build/input_system.o
 .comment       0x0000000000000043       0x44 build/input_kal.o
 .comment       0x0000000000000043       0x44 build/general_kal.o
 .comment       0x0000000000000043       0x44 build/input_cal.o
 .comment       0x0000000000000043       0x44 build/general_cal.o
 .comment       0x0000000000000043       0x44 build/main.o
 .comment       0x0000000000000043       0x44 build/gpio.o
 .comment       0x0000000000000043       0x44 build/usart.o
 .comment       0x0000000000000043       0x44 build/stm32f1xx_it.o
 .comment       0x0000000000000043       0x44 build/stm32f1xx_hal_msp.o
 .comment       0x0000000000000043       0x44 build/stm32f1xx_hal_uart.o
 .comment       0x0000000000000043       0x44 build/stm32f1xx_hal.o
 .comment       0x0000000000000043       0x44 build/stm32f1xx_hal_rcc.o
 .comment       0x0000000000000043       0x44 build/stm32f1xx_hal_gpio.o
 .comment       0x0000000000000043       0x44 build/stm32f1xx_hal_dma.o
 .comment       0x0000000000000043       0x44 build/stm32f1xx_hal_cortex.o
 .comment       0x0000000000000043       0x44 build/system_stm32f1xx.o
 .comment       0x0000000000000043       0x44 build/i2c.o
 .comment       0x0000000000000043       0x44 build/stm32f1xx_hal_i2c.o
 .comment       0x0000000000000043       0x44 c:/env/embeddedtoolchain/xpack-arm-none-eabi-gcc-10.3.1-2.3/bin/../lib/gcc/arm-none-eabi/10.3.1/../../../../arm-none-eabi/lib/thumb/v7-m/nofp\libc_nano.a(lib_a-impure.o)
 .comment       0x0000000000000043       0x44 c:/env/embeddedtoolchain/xpack-arm-none-eabi-gcc-10.3.1-2.3/bin/../lib/gcc/arm-none-eabi/10.3.1/../../../../arm-none-eabi/lib/thumb/v7-m/nofp\libc_nano.a(lib_a-init.o)
 .comment       0x0000000000000043       0x44 c:/env/embeddedtoolchain/xpack-arm-none-eabi-gcc-10.3.1-2.3/bin/../lib/gcc/arm-none-eabi/10.3.1/../../../../arm-none-eabi/lib/thumb/v7-m/nofp\libc_nano.a(lib_a-memcpy-stub.o)
 .comment       0x0000000000000043       0x44 c:/env/embeddedtoolchain/xpack-arm-none-eabi-gcc-10.3.1-2.3/bin/../lib/gcc/arm-none-eabi/10.3.1/../../../../arm-none-eabi/lib/thumb/v7-m/nofp\libc_nano.a(lib_a-memset.o)
 .comment       0x0000000000000043       0x44 c:/env/embeddedtoolchain/xpack-arm-none-eabi-gcc-10.3.1-2.3/bin/../lib/gcc/arm-none-eabi/10.3.1/../../../../arm-none-eabi/lib/thumb/v7-m/nofp\libc_nano.a(lib_a-puts.o)
 .comment       0x0000000000000043       0x44 c:/env/embeddedtoolchain/xpack-arm-none-eabi-gcc-10.3.1-2.3/bin/../lib/gcc/arm-none-eabi/10.3.1/../../../../arm-none-eabi/lib/thumb/v7-m/nofp\libc_nano.a(lib_a-wbuf.o)
 .comment       0x0000000000000043       0x44 c:/env/embeddedtoolchain/xpack-arm-none-eabi-gcc-10.3.1-2.3/bin/../lib/gcc/arm-none-eabi/10.3.1/../../../../arm-none-eabi/lib/thumb/v7-m/nofp\libc_nano.a(lib_a-wsetup.o)
 .comment       0x0000000000000043       0x44 c:/env/embeddedtoolchain/xpack-arm-none-eabi-gcc-10.3.1-2.3/bin/../lib/gcc/arm-none-eabi/10.3.1/../../../../arm-none-eabi/lib/thumb/v7-m/nofp\libc_nano.a(lib_a-fflush.o)
 .comment       0x0000000000000043       0x44 c:/env/embeddedtoolchain/xpack-arm-none-eabi-gcc-10.3.1-2.3/bin/../lib/gcc/arm-none-eabi/10.3.1/../../../../arm-none-eabi/lib/thumb/v7-m/nofp\libc_nano.a(lib_a-findfp.o)
 .comment       0x0000000000000043       0x44 c:/env/embeddedtoolchain/xpack-arm-none-eabi-gcc-10.3.1-2.3/bin/../lib/gcc/arm-none-eabi/10.3.1/../../../../arm-none-eabi/lib/thumb/v7-m/nofp\libc_nano.a(lib_a-fwalk.o)
 .comment       0x0000000000000043       0x44 c:/env/embeddedtoolchain/xpack-arm-none-eabi-gcc-10.3.1-2.3/bin/../lib/gcc/arm-none-eabi/10.3.1/../../../../arm-none-eabi/lib/thumb/v7-m/nofp\libc_nano.a(lib_a-lock.o)
 .comment       0x0000000000000043       0x44 c:/env/embeddedtoolchain/xpack-arm-none-eabi-gcc-10.3.1-2.3/bin/../lib/gcc/arm-none-eabi/10.3.1/../../../../arm-none-eabi/lib/thumb/v7-m/nofp\libc_nano.a(lib_a-makebuf.o)
 .comment       0x0000000000000043       0x44 c:/env/embeddedtoolchain/xpack-arm-none-eabi-gcc-10.3.1-2.3/bin/../lib/gcc/arm-none-eabi/10.3.1/../../../../arm-none-eabi/lib/thumb/v7-m/nofp\libc_nano.a(lib_a-nano-freer.o)
 .comment       0x0000000000000043       0x44 c:/env/embeddedtoolchain/xpack-arm-none-eabi-gcc-10.3.1-2.3/bin/../lib/gcc/arm-none-eabi/10.3.1/../../../../arm-none-eabi/lib/thumb/v7-m/nofp\libc_nano.a(lib_a-nano-mallocr.o)
 .comment       0x0000000000000043       0x44 c:/env/embeddedtoolchain/xpack-arm-none-eabi-gcc-10.3.1-2.3/bin/../lib/gcc/arm-none-eabi/10.3.1/../../../../arm-none-eabi/lib/thumb/v7-m/nofp\libc_nano.a(lib_a-sbrkr.o)
 .comment       0x0000000000000043       0x44 c:/env/embeddedtoolchain/xpack-arm-none-eabi-gcc-10.3.1-2.3/bin/../lib/gcc/arm-none-eabi/10.3.1/../../../../arm-none-eabi/lib/thumb/v7-m/nofp\libc_nano.a(lib_a-stdio.o)
 .comment       0x0000000000000043       0x44 c:/env/embeddedtoolchain/xpack-arm-none-eabi-gcc-10.3.1-2.3/bin/../lib/gcc/arm-none-eabi/10.3.1/../../../../arm-none-eabi/lib/thumb/v7-m/nofp\libc_nano.a(lib_a-writer.o)
 .comment       0x0000000000000043       0x44 c:/env/embeddedtoolchain/xpack-arm-none-eabi-gcc-10.3.1-2.3/bin/../lib/gcc/arm-none-eabi/10.3.1/../../../../arm-none-eabi/lib/thumb/v7-m/nofp\libc_nano.a(lib_a-closer.o)
 .comment       0x0000000000000043       0x44 c:/env/embeddedtoolchain/xpack-arm-none-eabi-gcc-10.3.1-2.3/bin/../lib/gcc/arm-none-eabi/10.3.1/../../../../arm-none-eabi/lib/thumb/v7-m/nofp\libc_nano.a(lib_a-fstatr.o)
 .comment       0x0000000000000043       0x44 c:/env/embeddedtoolchain/xpack-arm-none-eabi-gcc-10.3.1-2.3/bin/../lib/gcc/arm-none-eabi/10.3.1/../../../../arm-none-eabi/lib/thumb/v7-m/nofp\libc_nano.a(lib_a-isattyr.o)
 .comment       0x0000000000000043       0x44 c:/env/embeddedtoolchain/xpack-arm-none-eabi-gcc-10.3.1-2.3/bin/../lib/gcc/arm-none-eabi/10.3.1/../../../../arm-none-eabi/lib/thumb/v7-m/nofp\libc_nano.a(lib_a-lseekr.o)
 .comment       0x0000000000000043       0x44 c:/env/embeddedtoolchain/xpack-arm-none-eabi-gcc-10.3.1-2.3/bin/../lib/gcc/arm-none-eabi/10.3.1/../../../../arm-none-eabi/lib/thumb/v7-m/nofp\libc_nano.a(lib_a-mlock.o)
 .comment       0x0000000000000043       0x44 c:/env/embeddedtoolchain/xpack-arm-none-eabi-gcc-10.3.1-2.3/bin/../lib/gcc/arm-none-eabi/10.3.1/../../../../arm-none-eabi/lib/thumb/v7-m/nofp\libc_nano.a(lib_a-readr.o)
 .comment       0x0000000000000043       0x44 c:/env/embeddedtoolchain/xpack-arm-none-eabi-gcc-10.3.1-2.3/bin/../lib/gcc/arm-none-eabi/10.3.1/../../../../arm-none-eabi/lib/thumb/v7-m/nofp\libc_nano.a(lib_a-reent.o)
 .comment       0x0000000000000043       0x44 c:/env/embeddedtoolchain/xpack-arm-none-eabi-gcc-10.3.1-2.3/bin/../lib/gcc/arm-none-eabi/10.3.1/../../../../arm-none-eabi/lib/thumb/v7-m/nofp\libnosys.a(close.o)
 .comment       0x0000000000000043       0x44 c:/env/embeddedtoolchain/xpack-arm-none-eabi-gcc-10.3.1-2.3/bin/../lib/gcc/arm-none-eabi/10.3.1/../../../../arm-none-eabi/lib/thumb/v7-m/nofp\libnosys.a(fstat.o)
 .comment       0x0000000000000043       0x44 c:/env/embeddedtoolchain/xpack-arm-none-eabi-gcc-10.3.1-2.3/bin/../lib/gcc/arm-none-eabi/10.3.1/../../../../arm-none-eabi/lib/thumb/v7-m/nofp\libnosys.a(isatty.o)
 .comment       0x0000000000000043       0x44 c:/env/embeddedtoolchain/xpack-arm-none-eabi-gcc-10.3.1-2.3/bin/../lib/gcc/arm-none-eabi/10.3.1/../../../../arm-none-eabi/lib/thumb/v7-m/nofp\libnosys.a(lseek.o)
 .comment       0x0000000000000043       0x44 c:/env/embeddedtoolchain/xpack-arm-none-eabi-gcc-10.3.1-2.3/bin/../lib/gcc/arm-none-eabi/10.3.1/../../../../arm-none-eabi/lib/thumb/v7-m/nofp\libnosys.a(read.o)
 .comment       0x0000000000000043       0x44 c:/env/embeddedtoolchain/xpack-arm-none-eabi-gcc-10.3.1-2.3/bin/../lib/gcc/arm-none-eabi/10.3.1/../../../../arm-none-eabi/lib/thumb/v7-m/nofp\libnosys.a(sbrk.o)

.debug_info     0x0000000000000000    0x10ee3
 .debug_info    0x0000000000000000      0x898 build/iic_driver.o
 .debug_info    0x0000000000000898      0xd68 build/oled_driver.o
 .debug_info    0x0000000000001600      0xb87 build/uart_driver.o
 .debug_info    0x0000000000002187      0x23a build/ring_buffer.o
 .debug_info    0x00000000000023c1      0x735 build/key_driver.o
 .debug_info    0x0000000000002af6      0x396 build/input_system.o
 .debug_info    0x0000000000002e8c       0xe4 build/input_kal.o
 .debug_info    0x0000000000002f70       0xba build/general_kal.o
 .debug_info    0x000000000000302a       0xe4 build/input_cal.o
 .debug_info    0x000000000000310e       0xe2 build/general_cal.o
 .debug_info    0x00000000000031f0      0x4c8 build/main.o
 .debug_info    0x00000000000036b8      0x432 build/gpio.o
 .debug_info    0x0000000000003aea      0xcb6 build/usart.o
 .debug_info    0x00000000000047a0      0x6f6 build/stm32f1xx_it.o
 .debug_info    0x0000000000004e96      0x23f build/stm32f1xx_hal_msp.o
 .debug_info    0x00000000000050d5     0x43a1 build/stm32f1xx_hal_uart.o
 .debug_info    0x0000000000009476      0x8bb build/stm32f1xx_hal.o
 .debug_info    0x0000000000009d31      0xaf0 build/stm32f1xx_hal_rcc.o
 .debug_info    0x000000000000a821      0x6d7 build/stm32f1xx_hal_gpio.o
 .debug_info    0x000000000000aef8      0x8bf build/stm32f1xx_hal_dma.o
 .debug_info    0x000000000000b7b7      0xe93 build/stm32f1xx_hal_cortex.o
 .debug_info    0x000000000000c64a      0x26e build/system_stm32f1xx.o
 .debug_info    0x000000000000c8b8      0x969 build/i2c.o
 .debug_info    0x000000000000d221     0x3ca0 build/stm32f1xx_hal_i2c.o
 .debug_info    0x0000000000010ec1       0x22 build/startup_stm32f103xe.o

.debug_abbrev   0x0000000000000000     0x2a14
 .debug_abbrev  0x0000000000000000      0x1c1 build/iic_driver.o
 .debug_abbrev  0x00000000000001c1      0x1d8 build/oled_driver.o
 .debug_abbrev  0x0000000000000399      0x273 build/uart_driver.o
 .debug_abbrev  0x000000000000060c      0x149 build/ring_buffer.o
 .debug_abbrev  0x0000000000000755      0x1b0 build/key_driver.o
 .debug_abbrev  0x0000000000000905      0x1c0 build/input_system.o
 .debug_abbrev  0x0000000000000ac5       0x67 build/input_kal.o
 .debug_abbrev  0x0000000000000b2c       0xa5 build/general_kal.o
 .debug_abbrev  0x0000000000000bd1       0x67 build/input_cal.o
 .debug_abbrev  0x0000000000000c38       0xbf build/general_cal.o
 .debug_abbrev  0x0000000000000cf7      0x1b4 build/main.o
 .debug_abbrev  0x0000000000000eab      0x13f build/gpio.o
 .debug_abbrev  0x0000000000000fea      0x208 build/usart.o
 .debug_abbrev  0x00000000000011f2      0x15e build/stm32f1xx_it.o
 .debug_abbrev  0x0000000000001350       0xe7 build/stm32f1xx_hal_msp.o
 .debug_abbrev  0x0000000000001437      0x334 build/stm32f1xx_hal_uart.o
 .debug_abbrev  0x000000000000176b      0x1f7 build/stm32f1xx_hal.o
 .debug_abbrev  0x0000000000001962      0x2b8 build/stm32f1xx_hal_rcc.o
 .debug_abbrev  0x0000000000001c1a      0x222 build/stm32f1xx_hal_gpio.o
 .debug_abbrev  0x0000000000001e3c      0x262 build/stm32f1xx_hal_dma.o
 .debug_abbrev  0x000000000000209e      0x359 build/stm32f1xx_hal_cortex.o
 .debug_abbrev  0x00000000000023f7      0x140 build/system_stm32f1xx.o
 .debug_abbrev  0x0000000000002537      0x1c5 build/i2c.o
 .debug_abbrev  0x00000000000026fc      0x306 build/stm32f1xx_hal_i2c.o
 .debug_abbrev  0x0000000000002a02       0x12 build/startup_stm32f103xe.o

.debug_loc      0x0000000000000000     0xd8db
 .debug_loc     0x0000000000000000      0x257 build/iic_driver.o
 .debug_loc     0x0000000000000257      0xe61 build/oled_driver.o
 .debug_loc     0x00000000000010b8      0x26b build/uart_driver.o
 .debug_loc     0x0000000000001323       0xfd build/ring_buffer.o
 .debug_loc     0x0000000000001420      0x11d build/key_driver.o
 .debug_loc     0x000000000000153d       0xf7 build/input_system.o
 .debug_loc     0x0000000000001634       0x40 build/input_kal.o
 .debug_loc     0x0000000000001674       0x65 build/general_kal.o
 .debug_loc     0x00000000000016d9       0x40 build/input_cal.o
 .debug_loc     0x0000000000001719       0x65 build/general_cal.o
 .debug_loc     0x000000000000177e       0xc9 build/main.o
 .debug_loc     0x0000000000001847       0x39 build/gpio.o
 .debug_loc     0x0000000000001880      0x1ac build/usart.o
 .debug_loc     0x0000000000001a2c       0x40 build/stm32f1xx_it.o
 .debug_loc     0x0000000000001a6c       0x41 build/stm32f1xx_hal_msp.o
 .debug_loc     0x0000000000001aad     0x4ebf build/stm32f1xx_hal_uart.o
 .debug_loc     0x000000000000696c      0x1e1 build/stm32f1xx_hal.o
 .debug_loc     0x0000000000006b4d      0x790 build/stm32f1xx_hal_rcc.o
 .debug_loc     0x00000000000072dd      0x551 build/stm32f1xx_hal_gpio.o
 .debug_loc     0x000000000000782e      0x8ea build/stm32f1xx_hal_dma.o
 .debug_loc     0x0000000000008118      0x77f build/stm32f1xx_hal_cortex.o
 .debug_loc     0x0000000000008897       0xff build/system_stm32f1xx.o
 .debug_loc     0x0000000000008996       0xeb build/i2c.o
 .debug_loc     0x0000000000008a81     0x4e5a build/stm32f1xx_hal_i2c.o

.debug_aranges  0x0000000000000000      0xbf8
 .debug_aranges
                0x0000000000000000       0x60 build/iic_driver.o
 .debug_aranges
                0x0000000000000060       0xd8 build/oled_driver.o
 .debug_aranges
                0x0000000000000138       0x50 build/uart_driver.o
 .debug_aranges
                0x0000000000000188       0x28 build/ring_buffer.o
 .debug_aranges
                0x00000000000001b0       0x38 build/key_driver.o
 .debug_aranges
                0x00000000000001e8       0x50 build/input_system.o
 .debug_aranges
                0x0000000000000238       0x28 build/input_kal.o
 .debug_aranges
                0x0000000000000260       0x28 build/general_kal.o
 .debug_aranges
                0x0000000000000288       0x28 build/input_cal.o
 .debug_aranges
                0x00000000000002b0       0x28 build/general_cal.o
 .debug_aranges
                0x00000000000002d8       0x38 build/main.o
 .debug_aranges
                0x0000000000000310       0x20 build/gpio.o
 .debug_aranges
                0x0000000000000330       0x38 build/usart.o
 .debug_aranges
                0x0000000000000368       0x68 build/stm32f1xx_it.o
 .debug_aranges
                0x00000000000003d0       0x20 build/stm32f1xx_hal_msp.o
 .debug_aranges
                0x00000000000003f0      0x208 build/stm32f1xx_hal_uart.o
 .debug_aranges
                0x00000000000005f8       0xe0 build/stm32f1xx_hal.o
 .debug_aranges
                0x00000000000006d8       0x90 build/stm32f1xx_hal_rcc.o
 .debug_aranges
                0x0000000000000768       0x58 build/stm32f1xx_hal_gpio.o
 .debug_aranges
                0x00000000000007c0       0x80 build/stm32f1xx_hal_dma.o
 .debug_aranges
                0x0000000000000840       0x90 build/stm32f1xx_hal_cortex.o
 .debug_aranges
                0x00000000000008d0       0x28 build/system_stm32f1xx.o
 .debug_aranges
                0x00000000000008f8       0x30 build/i2c.o
 .debug_aranges
                0x0000000000000928      0x2a8 build/stm32f1xx_hal_i2c.o
 .debug_aranges
                0x0000000000000bd0       0x28 build/startup_stm32f103xe.o

.debug_ranges   0x0000000000000000      0xb38
 .debug_ranges  0x0000000000000000       0x68 build/iic_driver.o
 .debug_ranges  0x0000000000000068       0xc8 build/oled_driver.o
 .debug_ranges  0x0000000000000130       0x40 build/uart_driver.o
 .debug_ranges  0x0000000000000170       0x18 build/ring_buffer.o
 .debug_ranges  0x0000000000000188       0x28 build/key_driver.o
 .debug_ranges  0x00000000000001b0       0x40 build/input_system.o
 .debug_ranges  0x00000000000001f0       0x18 build/input_kal.o
 .debug_ranges  0x0000000000000208       0x18 build/general_kal.o
 .debug_ranges  0x0000000000000220       0x18 build/input_cal.o
 .debug_ranges  0x0000000000000238       0x18 build/general_cal.o
 .debug_ranges  0x0000000000000250       0x28 build/main.o
 .debug_ranges  0x0000000000000278       0x10 build/gpio.o
 .debug_ranges  0x0000000000000288       0x28 build/usart.o
 .debug_ranges  0x00000000000002b0       0x58 build/stm32f1xx_it.o
 .debug_ranges  0x0000000000000308       0x10 build/stm32f1xx_hal_msp.o
 .debug_ranges  0x0000000000000318      0x210 build/stm32f1xx_hal_uart.o
 .debug_ranges  0x0000000000000528       0xd0 build/stm32f1xx_hal.o
 .debug_ranges  0x00000000000005f8       0xa0 build/stm32f1xx_hal_rcc.o
 .debug_ranges  0x0000000000000698       0x48 build/stm32f1xx_hal_gpio.o
 .debug_ranges  0x00000000000006e0       0x70 build/stm32f1xx_hal_dma.o
 .debug_ranges  0x0000000000000750       0xe0 build/stm32f1xx_hal_cortex.o
 .debug_ranges  0x0000000000000830       0x18 build/system_stm32f1xx.o
 .debug_ranges  0x0000000000000848       0x20 build/i2c.o
 .debug_ranges  0x0000000000000868      0x2b0 build/stm32f1xx_hal_i2c.o
 .debug_ranges  0x0000000000000b18       0x20 build/startup_stm32f103xe.o

.debug_line     0x0000000000000000     0xee47
 .debug_line    0x0000000000000000      0x41e build/iic_driver.o
 .debug_line    0x000000000000041e      0x6d0 build/oled_driver.o
 .debug_line    0x0000000000000aee      0x3ea build/uart_driver.o
 .debug_line    0x0000000000000ed8      0x128 build/ring_buffer.o
 .debug_line    0x0000000000001000      0x316 build/key_driver.o
 .debug_line    0x0000000000001316      0x19c build/input_system.o
 .debug_line    0x00000000000014b2       0x91 build/input_kal.o
 .debug_line    0x0000000000001543       0x9c build/general_kal.o
 .debug_line    0x00000000000015df       0xac build/input_cal.o
 .debug_line    0x000000000000168b       0x77 build/general_cal.o
 .debug_line    0x0000000000001702      0x360 build/main.o
 .debug_line    0x0000000000001a62      0x258 build/gpio.o
 .debug_line    0x0000000000001cba      0x3dc build/usart.o
 .debug_line    0x0000000000002096      0x2e2 build/stm32f1xx_it.o
 .debug_line    0x0000000000002378      0x172 build/stm32f1xx_hal_msp.o
 .debug_line    0x00000000000024ea     0x43bd build/stm32f1xx_hal_uart.o
 .debug_line    0x00000000000068a7      0x524 build/stm32f1xx_hal.o
 .debug_line    0x0000000000006dcb      0xc14 build/stm32f1xx_hal_rcc.o
 .debug_line    0x00000000000079df      0x5eb build/stm32f1xx_hal_gpio.o
 .debug_line    0x0000000000007fca      0xce8 build/stm32f1xx_hal_dma.o
 .debug_line    0x0000000000008cb2      0x62f build/stm32f1xx_hal_cortex.o
 .debug_line    0x00000000000092e1      0x23c build/system_stm32f1xx.o
 .debug_line    0x000000000000951d      0x2cf build/i2c.o
 .debug_line    0x00000000000097ec     0x55e6 build/stm32f1xx_hal_i2c.o
 .debug_line    0x000000000000edd2       0x75 build/startup_stm32f103xe.o

.debug_str      0x0000000000000000     0x330a
 .debug_str     0x0000000000000000      0x28f build/iic_driver.o
                                        0x2f2 (size before relaxing)
 .debug_str     0x000000000000028f      0x34e build/oled_driver.o
                                        0x521 (size before relaxing)
 .debug_str     0x00000000000005dd      0x924 build/uart_driver.o
                                        0xb2c (size before relaxing)
 .debug_str     0x0000000000000f01       0x88 build/ring_buffer.o
                                        0x24e (size before relaxing)
 .debug_str     0x0000000000000f89       0xa7 build/key_driver.o
                                        0x78f (size before relaxing)
 .debug_str     0x0000000000001030      0x108 build/input_system.o
                                        0x334 (size before relaxing)
 .debug_str     0x0000000000001138       0x3e build/input_kal.o
                                        0x1b9 (size before relaxing)
 .debug_str     0x0000000000001176       0x42 build/general_kal.o
                                        0x11c (size before relaxing)
 .debug_str     0x00000000000011b8       0x20 build/input_cal.o
                                        0x1b4 (size before relaxing)
 .debug_str     0x00000000000011d8       0x38 build/general_cal.o
                                        0x11c (size before relaxing)
 .debug_str     0x0000000000001210      0x20c build/main.o
                                        0x3dd (size before relaxing)
 .debug_str     0x000000000000141c       0x2c build/gpio.o
                                        0x26c (size before relaxing)
 .debug_str     0x0000000000001448       0x93 build/usart.o
                                        0xaed (size before relaxing)
 .debug_str     0x00000000000014db       0xc6 build/stm32f1xx_it.o
                                        0x64c (size before relaxing)
 .debug_str     0x00000000000015a1       0x29 build/stm32f1xx_hal_msp.o
                                        0x20e (size before relaxing)
 .debug_str     0x00000000000015ca      0x691 build/stm32f1xx_hal_uart.o
                                        0xcde (size before relaxing)
 .debug_str     0x0000000000001c5b      0x2e9 build/stm32f1xx_hal.o
                                        0x8f2 (size before relaxing)
 .debug_str     0x0000000000001f44      0x1c9 build/stm32f1xx_hal_rcc.o
                                        0x615 (size before relaxing)
 .debug_str     0x000000000000210d       0xc8 build/stm32f1xx_hal_gpio.o
                                        0x3ea (size before relaxing)
 .debug_str     0x00000000000021d5      0x1f6 build/stm32f1xx_hal_dma.o
                                        0x5e7 (size before relaxing)
 .debug_str     0x00000000000023cb      0x39b build/stm32f1xx_hal_cortex.o
                                        0x9a1 (size before relaxing)
 .debug_str     0x0000000000002766       0x4f build/system_stm32f1xx.o
                                        0x23e (size before relaxing)
 .debug_str     0x00000000000027b5      0x2a0 build/i2c.o
                                        0x723 (size before relaxing)
 .debug_str     0x0000000000002a55      0x891 build/stm32f1xx_hal_i2c.o
                                        0xfaf (size before relaxing)
 .debug_str     0x00000000000032e6       0x24 build/startup_stm32f103xe.o
                                         0x5d (size before relaxing)

.debug_frame    0x0000000000000000     0x1f80
 .debug_frame   0x0000000000000000       0xf4 build/iic_driver.o
 .debug_frame   0x00000000000000f4      0x2b8 build/oled_driver.o
 .debug_frame   0x00000000000003ac       0xbc build/uart_driver.o
 .debug_frame   0x0000000000000468       0x58 build/ring_buffer.o
 .debug_frame   0x00000000000004c0       0x80 build/key_driver.o
 .debug_frame   0x0000000000000540       0xb0 build/input_system.o
 .debug_frame   0x00000000000005f0       0x40 build/input_kal.o
 .debug_frame   0x0000000000000630       0x40 build/general_kal.o
 .debug_frame   0x0000000000000670       0x40 build/input_cal.o
 .debug_frame   0x00000000000006b0       0x40 build/general_cal.o
 .debug_frame   0x00000000000006f0       0x78 build/main.o
 .debug_frame   0x0000000000000768       0x3c build/gpio.o
 .debug_frame   0x00000000000007a4       0x7c build/usart.o
 .debug_frame   0x0000000000000820       0xc0 build/stm32f1xx_it.o
 .debug_frame   0x00000000000008e0       0x28 build/stm32f1xx_hal_msp.o
 .debug_frame   0x0000000000000908      0x5d8 build/stm32f1xx_hal_uart.o
 .debug_frame   0x0000000000000ee0      0x1cc build/stm32f1xx_hal.o
 .debug_frame   0x00000000000010ac      0x184 build/stm32f1xx_hal_rcc.o
 .debug_frame   0x0000000000001230       0xe4 build/stm32f1xx_hal_gpio.o
 .debug_frame   0x0000000000001314      0x140 build/stm32f1xx_hal_dma.o
 .debug_frame   0x0000000000001454      0x118 build/stm32f1xx_hal_cortex.o
 .debug_frame   0x000000000000156c       0x30 build/system_stm32f1xx.o
 .debug_frame   0x000000000000159c       0x60 build/i2c.o
 .debug_frame   0x00000000000015fc      0x984 build/stm32f1xx_hal_i2c.o

Cross Reference Table

Symbol                                            File
ADC1_2_IRQHandler                                 build/startup_stm32f103xe.o
ADC3_IRQHandler                                   build/startup_stm32f103xe.o
AHBPrescTable                                     build/system_stm32f1xx.o
                                                  build/stm32f1xx_hal_rcc.o
APBPrescTable                                     build/system_stm32f1xx.o
                                                  build/stm32f1xx_hal_rcc.o
AddInputDevices                                   build/input_system.o
                                                  build/main.o
AddKeyToInputDevice                               build/input_system.o
AddStdIoToInputDevice                             build/input_system.o
BusFault_Handler                                  build/stm32f1xx_it.o
CAL_Delay                                         build/general_cal.o
                                                  build/general_kal.o
CAL_GetTime                                       build/general_cal.o
                                                  build/general_kal.o
CAL_GpioKeyInit                                   build/input_cal.o
                                                  build/input_kal.o
CAL_LedDeviceControl                              build/device_cal.o
                                                  build/device_kal.o
CAL_LedDeviceInit                                 build/device_cal.o
                                                  build/device_kal.o
CAL_StdIoInit                                     build/input_cal.o
                                                  build/input_kal.o
CAN1_RX1_IRQHandler                               build/startup_stm32f103xe.o
CAN1_SCE_IRQHandler                               build/startup_stm32f103xe.o
DMA1_Channel1_IRQHandler                          build/startup_stm32f103xe.o
DMA1_Channel2_IRQHandler                          build/startup_stm32f103xe.o
DMA1_Channel3_IRQHandler                          build/startup_stm32f103xe.o
DMA1_Channel4_IRQHandler                          build/startup_stm32f103xe.o
DMA1_Channel5_IRQHandler                          build/startup_stm32f103xe.o
DMA1_Channel6_IRQHandler                          build/startup_stm32f103xe.o
DMA1_Channel7_IRQHandler                          build/startup_stm32f103xe.o
DMA2_Channel1_IRQHandler                          build/startup_stm32f103xe.o
DMA2_Channel2_IRQHandler                          build/startup_stm32f103xe.o
DMA2_Channel3_IRQHandler                          build/startup_stm32f103xe.o
DMA2_Channel4_5_IRQHandler                        build/startup_stm32f103xe.o
DebugMon_Handler                                  build/stm32f1xx_it.o
Default_Handler                                   build/startup_stm32f103xe.o
DisablePrintfIRQ                                  build/uart_driver.o
EXTI0_IRQHandler                                  build/startup_stm32f103xe.o
EXTI15_10_IRQHandler                              build/key_driver.o
EXTI1_IRQHandler                                  build/startup_stm32f103xe.o
EXTI2_IRQHandler                                  build/startup_stm32f103xe.o
EXTI3_IRQHandler                                  build/startup_stm32f103xe.o
EXTI4_IRQHandler                                  build/startup_stm32f103xe.o
EXTI9_5_IRQHandler                                build/startup_stm32f103xe.o
EnablePrintfIRQ                                   build/uart_driver.o
                                                  build/input_cal.o
Error_Handler                                     build/main.o
                                                  build/i2c.o
                                                  build/usart.o
FLASH_IRQHandler                                  build/startup_stm32f103xe.o
FLASH_PageErase                                   build/stm32f1xx_hal_flash_ex.o
                                                  build/stm32f1xx_hal_flash.o
FLASH_WaitForLastOperation                        build/stm32f1xx_hal_flash.o
                                                  build/stm32f1xx_hal_flash_ex.o
FSMC_IRQHandler                                   build/startup_stm32f103xe.o
GetDisplayDevice                                  build/device_system.o
GetEventFromBuffer                                build/ring_buffer.o
GetLedDevice                                      build/device_system.o
HAL_DBGMCU_DisableDBGSleepMode                    build/stm32f1xx_hal.o
HAL_DBGMCU_DisableDBGStandbyMode                  build/stm32f1xx_hal.o
HAL_DBGMCU_DisableDBGStopMode                     build/stm32f1xx_hal.o
HAL_DBGMCU_EnableDBGSleepMode                     build/stm32f1xx_hal.o
HAL_DBGMCU_EnableDBGStandbyMode                   build/stm32f1xx_hal.o
HAL_DBGMCU_EnableDBGStopMode                      build/stm32f1xx_hal.o
HAL_DMA_Abort                                     build/stm32f1xx_hal_dma.o
                                                  build/stm32f1xx_hal_uart.o
HAL_DMA_Abort_IT                                  build/stm32f1xx_hal_dma.o
                                                  build/stm32f1xx_hal_i2c.o
                                                  build/stm32f1xx_hal_uart.o
HAL_DMA_DeInit                                    build/stm32f1xx_hal_dma.o
HAL_DMA_GetError                                  build/stm32f1xx_hal_dma.o
                                                  build/stm32f1xx_hal_uart.o
HAL_DMA_GetState                                  build/stm32f1xx_hal_dma.o
                                                  build/stm32f1xx_hal_i2c.o
HAL_DMA_IRQHandler                                build/stm32f1xx_hal_dma.o
HAL_DMA_Init                                      build/stm32f1xx_hal_dma.o
HAL_DMA_PollForTransfer                           build/stm32f1xx_hal_dma.o
HAL_DMA_RegisterCallback                          build/stm32f1xx_hal_dma.o
HAL_DMA_Start                                     build/stm32f1xx_hal_dma.o
HAL_DMA_Start_IT                                  build/stm32f1xx_hal_dma.o
                                                  build/stm32f1xx_hal_i2c.o
                                                  build/stm32f1xx_hal_uart.o
HAL_DMA_UnRegisterCallback                        build/stm32f1xx_hal_dma.o
HAL_DeInit                                        build/stm32f1xx_hal.o
HAL_Delay                                         build/stm32f1xx_hal.o
                                                  build/general_cal.o
HAL_EXTI_ClearConfigLine                          build/stm32f1xx_hal_exti.o
HAL_EXTI_ClearPending                             build/stm32f1xx_hal_exti.o
HAL_EXTI_GenerateSWI                              build/stm32f1xx_hal_exti.o
HAL_EXTI_GetConfigLine                            build/stm32f1xx_hal_exti.o
HAL_EXTI_GetHandle                                build/stm32f1xx_hal_exti.o
HAL_EXTI_GetPending                               build/stm32f1xx_hal_exti.o
HAL_EXTI_IRQHandler                               build/stm32f1xx_hal_exti.o
HAL_EXTI_RegisterCallback                         build/stm32f1xx_hal_exti.o
HAL_EXTI_SetConfigLine                            build/stm32f1xx_hal_exti.o
HAL_FLASHEx_Erase                                 build/stm32f1xx_hal_flash_ex.o
HAL_FLASHEx_Erase_IT                              build/stm32f1xx_hal_flash_ex.o
HAL_FLASHEx_OBErase                               build/stm32f1xx_hal_flash_ex.o
HAL_FLASHEx_OBGetConfig                           build/stm32f1xx_hal_flash_ex.o
HAL_FLASHEx_OBGetUserData                         build/stm32f1xx_hal_flash_ex.o
HAL_FLASHEx_OBProgram                             build/stm32f1xx_hal_flash_ex.o
HAL_FLASH_EndOfOperationCallback                  build/stm32f1xx_hal_flash.o
HAL_FLASH_GetError                                build/stm32f1xx_hal_flash.o
HAL_FLASH_IRQHandler                              build/stm32f1xx_hal_flash.o
HAL_FLASH_Lock                                    build/stm32f1xx_hal_flash.o
HAL_FLASH_OB_Launch                               build/stm32f1xx_hal_flash.o
HAL_FLASH_OB_Lock                                 build/stm32f1xx_hal_flash.o
HAL_FLASH_OB_Unlock                               build/stm32f1xx_hal_flash.o
HAL_FLASH_OperationErrorCallback                  build/stm32f1xx_hal_flash.o
HAL_FLASH_Program                                 build/stm32f1xx_hal_flash.o
HAL_FLASH_Program_IT                              build/stm32f1xx_hal_flash.o
HAL_FLASH_Unlock                                  build/stm32f1xx_hal_flash.o
HAL_GPIOEx_ConfigEventout                         build/stm32f1xx_hal_gpio_ex.o
HAL_GPIOEx_DisableEventout                        build/stm32f1xx_hal_gpio_ex.o
HAL_GPIOEx_EnableEventout                         build/stm32f1xx_hal_gpio_ex.o
HAL_GPIO_DeInit                                   build/stm32f1xx_hal_gpio.o
                                                  build/i2c.o
                                                  build/usart.o
HAL_GPIO_EXTI_Callback                            build/key_driver.o
HAL_GPIO_EXTI_IRQHandler                          build/stm32f1xx_hal_gpio.o
                                                  build/key_driver.o
HAL_GPIO_Init                                     build/stm32f1xx_hal_gpio.o
                                                  build/i2c.o
                                                  build/stm32f1xx_hal_rcc.o