Archive member included to satisfy reference by file (symbol)

c:/env/embeddedtoolchain/xpack-arm-none-eabi-gcc-10.3.1-2.3/bin/../lib/gcc/arm-none-eabi/10.3.1/../../../../arm-none-eabi/lib/thumb/v7-m/nofp\libc_nano.a(lib_a-exit.o)
                              c:/env/embeddedtoolchain/xpack-arm-none-eabi-gcc-10.3.1-2.3/bin/../lib/gcc/arm-none-eabi/10.3.1/../../../../arm-none-eabi/lib/thumb/v7-m/nofp/crt0.o (exit)
c:/env/embeddedtoolchain/xpack-arm-none-eabi-gcc-10.3.1-2.3/bin/../lib/gcc/arm-none-eabi/10.3.1/../../../../arm-none-eabi/lib/thumb/v7-m/nofp\libc_nano.a(lib_a-impure.o)
                              c:/env/embeddedtoolchain/xpack-arm-none-eabi-gcc-10.3.1-2.3/bin/../lib/gcc/arm-none-eabi/10.3.1/../../../../arm-none-eabi/lib/thumb/v7-m/nofp\libc_nano.a(lib_a-exit.o) (_global_impure_ptr)
c:/env/embeddedtoolchain/xpack-arm-none-eabi-gcc-10.3.1-2.3/bin/../lib/gcc/arm-none-eabi/10.3.1/../../../../arm-none-eabi/lib/thumb/v7-m/nofp\libc_nano.a(lib_a-init.o)
                              c:/env/embeddedtoolchain/xpack-arm-none-eabi-gcc-10.3.1-2.3/bin/../lib/gcc/arm-none-eabi/10.3.1/../../../../arm-none-eabi/lib/thumb/v7-m/nofp/crt0.o (__libc_init_array)
c:/env/embeddedtoolchain/xpack-arm-none-eabi-gcc-10.3.1-2.3/bin/../lib/gcc/arm-none-eabi/10.3.1/../../../../arm-none-eabi/lib/thumb/v7-m/nofp\libc_nano.a(lib_a-memcpy-stub.o)
                              build/uart_driver.o (memcpy)
c:/env/embeddedtoolchain/xpack-arm-none-eabi-gcc-10.3.1-2.3/bin/../lib/gcc/arm-none-eabi/10.3.1/../../../../arm-none-eabi/lib/thumb/v7-m/nofp\libc_nano.a(lib_a-memset.o)
                              c:/env/embeddedtoolchain/xpack-arm-none-eabi-gcc-10.3.1-2.3/bin/../lib/gcc/arm-none-eabi/10.3.1/../../../../arm-none-eabi/lib/thumb/v7-m/nofp/crt0.o (memset)
c:/env/embeddedtoolchain/xpack-arm-none-eabi-gcc-10.3.1-2.3/bin/../lib/gcc/arm-none-eabi/10.3.1/../../../../arm-none-eabi/lib/thumb/v7-m/nofp\libc_nano.a(lib_a-puts.o)
                              build/key_driver.o (puts)
c:/env/embeddedtoolchain/xpack-arm-none-eabi-gcc-10.3.1-2.3/bin/../lib/gcc/arm-none-eabi/10.3.1/../../../../arm-none-eabi/lib/thumb/v7-m/nofp\libc_nano.a(lib_a-wbuf.o)
                              c:/env/embeddedtoolchain/xpack-arm-none-eabi-gcc-10.3.1-2.3/bin/../lib/gcc/arm-none-eabi/10.3.1/../../../../arm-none-eabi/lib/thumb/v7-m/nofp\libc_nano.a(lib_a-puts.o) (__swbuf_r)
c:/env/embeddedtoolchain/xpack-arm-none-eabi-gcc-10.3.1-2.3/bin/../lib/gcc/arm-none-eabi/10.3.1/../../../../arm-none-eabi/lib/thumb/v7-m/nofp\libc_nano.a(lib_a-wsetup.o)
                              c:/env/embeddedtoolchain/xpack-arm-none-eabi-gcc-10.3.1-2.3/bin/../lib/gcc/arm-none-eabi/10.3.1/../../../../arm-none-eabi/lib/thumb/v7-m/nofp\libc_nano.a(lib_a-puts.o) (__swsetup_r)
c:/env/embeddedtoolchain/xpack-arm-none-eabi-gcc-10.3.1-2.3/bin/../lib/gcc/arm-none-eabi/10.3.1/../../../../arm-none-eabi/lib/thumb/v7-m/nofp\libc_nano.a(lib_a-fflush.o)
                              c:/env/embeddedtoolchain/xpack-arm-none-eabi-gcc-10.3.1-2.3/bin/../lib/gcc/arm-none-eabi/10.3.1/../../../../arm-none-eabi/lib/thumb/v7-m/nofp\libc_nano.a(lib_a-wbuf.o) (_fflush_r)
c:/env/embeddedtoolchain/xpack-arm-none-eabi-gcc-10.3.1-2.3/bin/../lib/gcc/arm-none-eabi/10.3.1/../../../../arm-none-eabi/lib/thumb/v7-m/nofp\libc_nano.a(lib_a-findfp.o)
                              c:/env/embeddedtoolchain/xpack-arm-none-eabi-gcc-10.3.1-2.3/bin/../lib/gcc/arm-none-eabi/10.3.1/../../../../arm-none-eabi/lib/thumb/v7-m/nofp\libc_nano.a(lib_a-puts.o) (__sinit)
c:/env/embeddedtoolchain/xpack-arm-none-eabi-gcc-10.3.1-2.3/bin/../lib/gcc/arm-none-eabi/10.3.1/../../../../arm-none-eabi/lib/thumb/v7-m/nofp\libc_nano.a(lib_a-fwalk.o)
                              c:/env/embeddedtoolchain/xpack-arm-none-eabi-gcc-10.3.1-2.3/bin/../lib/gcc/arm-none-eabi/10.3.1/../../../../arm-none-eabi/lib/thumb/v7-m/nofp\libc_nano.a(lib_a-findfp.o) (_fwalk)
c:/env/embeddedtoolchain/xpack-arm-none-eabi-gcc-10.3.1-2.3/bin/../lib/gcc/arm-none-eabi/10.3.1/../../../../arm-none-eabi/lib/thumb/v7-m/nofp\libc_nano.a(lib_a-lock.o)
                              c:/env/embeddedtoolchain/xpack-arm-none-eabi-gcc-10.3.1-2.3/bin/../lib/gcc/arm-none-eabi/10.3.1/../../../../arm-none-eabi/lib/thumb/v7-m/nofp\libc_nano.a(lib_a-findfp.o) (__retarget_lock_init_recursive)
c:/env/embeddedtoolchain/xpack-arm-none-eabi-gcc-10.3.1-2.3/bin/../lib/gcc/arm-none-eabi/10.3.1/../../../../arm-none-eabi/lib/thumb/v7-m/nofp\libc_nano.a(lib_a-makebuf.o)
                              c:/env/embeddedtoolchain/xpack-arm-none-eabi-gcc-10.3.1-2.3/bin/../lib/gcc/arm-none-eabi/10.3.1/../../../../arm-none-eabi/lib/thumb/v7-m/nofp\libc_nano.a(lib_a-wsetup.o) (__smakebuf_r)
c:/env/embeddedtoolchain/xpack-arm-none-eabi-gcc-10.3.1-2.3/bin/../lib/gcc/arm-none-eabi/10.3.1/../../../../arm-none-eabi/lib/thumb/v7-m/nofp\libc_nano.a(lib_a-nano-freer.o)
[...]
Memory Configuration

Name             Origin             Length             Attributes
RAM              0x0000000020000000 0x0000000000010000 xrw
FLASH            0x0000000008000000 0x0000000000080000 xr
*default*        0x0000000000000000 0xffffffffffffffff

Linker script and memory map

LOAD c:/env/embeddedtoolchain/xpack-arm-none-eabi-gcc-10.3.1-2.3/bin/../lib/gcc/arm-none-eabi/10.3.1/thumb/v7-m/nofp/crti.o
LOAD c:/env/embeddedtoolchain/xpack-arm-none-eabi-gcc-10.3.1-2.3/bin/../lib/gcc/arm-none-eabi/10.3.1/thumb/v7-m/nofp/crtbegin.o
LOAD c:/env/embeddedtoolchain/xpack-arm-none-eabi-gcc-10.3.1-2.3/bin/../lib/gcc/arm-none-eabi/10.3.1/../../../../arm-none-eabi/lib/thumb/v7-m/nofp/crt0.o
LOAD build/iic_driver.o
LOAD build/oled_driver.o
LOAD build/uart_driver.o
LOAD build/ring_buffer.o
LOAD build/key_driver.o
LOAD build/led_driver.o
LOAD build/input_system.o
LOAD build/device_system.o
LOAD build/input_kal.o
LOAD build/device_kal.o
LOAD build/general_kal.o
LOAD build/input_cal.o
LOAD build/device_cal.o
LOAD build/general_cal.o
LOAD build/main.o
LOAD build/gpio.o
LOAD build/usart.o
LOAD build/stm32f1xx_it.o
LOAD build/stm32f1xx_hal_msp.o
LOAD build/stm32f1xx_hal_gpio_ex.o
LOAD build/stm32f1xx_hal_tim.o
LOAD build/stm32f1xx_hal_tim_ex.o
LOAD build/stm32f1xx_hal_uart.o
LOAD build/stm32f1xx_hal.o
LOAD build/stm32f1xx_hal_rcc.o
LOAD build/stm32f1xx_hal_rcc_ex.o
LOAD build/stm32f1xx_hal_gpio.o
LOAD build/stm32f1xx_hal_dma.o
LOAD build/stm32f1xx_hal_cortex.o
LOAD build/stm32f1xx_hal_pwr.o
LOAD build/stm32f1xx_hal_flash.o
LOAD build/stm32f1xx_hal_flash_ex.o
LOAD build/stm32f1xx_hal_exti.o
LOAD build/system_stm32f1xx.o
LOAD build/i2c.o
LOAD build/stm32f1xx_hal_i2c.o
LOAD build/startup_stm32f103xe.o
LOAD c:/env/embeddedtoolchain/xpack-arm-none-eabi-gcc-10.3.1-2.3/bin/../lib/gcc/arm-none-eabi/10.3.1/../../../../arm-none-eabi/lib/thumb/v7-m/nofp\libc_nano.a
LOAD c:/env/embeddedtoolchain/xpack-arm-none-eabi-gcc-10.3.1-2.3/bin/../lib/gcc/arm-none-eabi/10.3.1/../../../../arm-none-eabi/lib/thumb/v7-m/nofp\libm.a
LOAD c:/env/embeddedtoolchain/xpack-arm-none-eabi-gcc-10.3.1-2.3/bin/../lib/gcc/arm-none-eabi/10.3.1/../../../../arm-none-eabi/lib/thumb/v7-m/nofp\libnosys.a
START GROUP
LOAD c:/env/embeddedtoolchain/xpack-arm-none-eabi-gcc-10.3.1-2.3/bin/../lib/gcc/arm-none-eabi/10.3.1/thumb/v7-m/nofp\libgcc.a
LOAD c:/env/embeddedtoolchain/xpack-arm-none-eabi-gcc-10.3.1-2.3/bin/../lib/gcc/arm-none-eabi/10.3.1/../../../../arm-none-eabi/lib/thumb/v7-m/nofp\libc_nano.a
END GROUP
START GROUP
LOAD c:/env/embeddedtoolchain/xpack-arm-none-eabi-gcc-10.3.1-2.3/bin/../lib/gcc/arm-none-eabi/10.3.1/thumb/v7-m/nofp\libgcc.a
LOAD c:/env/embeddedtoolchain/xpack-arm-none-eabi-gcc-10.3.1-2.3/bin/../lib/gcc/arm-none-eabi/10.3.1/../../../../arm-none-eabi/lib/thumb/v7-m/nofp\libc_nano.a
END GROUP
LOAD c:/env/embeddedtoolchain/xpack-arm-none-eabi-gcc-10.3.1-2.3/bin/../lib/gcc/arm-none-eabi/10.3.1/thumb/v7-m/nofp/crtend.o
LOAD c:/env/embeddedtoolchain/xpack-arm-none-eabi-gcc-10.3.1-2.3/bin/../lib/gcc/arm-none-eabi/10.3.1/thumb/v7-m/nofp/crtn.o
                0x0000000020010000                _estack = (ORIGIN (RAM) + LENGTH (RAM))
                0x0000000000000200                _Min_Heap_Size = 0x200
                0x0000000000000400                _Min_Stack_Size = 0x400

.isr_vector     0x0000000008000000      0x1e4
                0x0000000008000000                . = ALIGN (0x4)
 *(.isr_vector)
 .isr_vector    0x0000000008000000      0x1e4 build/startup_stm32f103xe.o
                0x0000000008000000                g_pfnVectors
                0x00000000080001e4                . = ALIGN (0x4)

.text           0x00000000080001e4     0x26c0
                0x00000000080001e4                . = ALIGN (0x4)
 *(.text)
 *(.text*)
 .text.__do_global_dtors_aux
                0x00000000080001e4       0x24 c:/env/embeddedtoolchain/xpack-arm-none-eabi-gcc-10.3.1-2.3/bin/../lib/gcc/arm-none-eabi/10.3.1/thumb/v7-m/nofp/crtbegin.o
 .text.frame_dummy
                0x0000000008000208       0x1c c:/env/embeddedtoolchain/xpack-arm-none-eabi-gcc-10.3.1-2.3/bin/../lib/gcc/arm-none-eabi/10.3.1/thumb/v7-m/nofp/crtbegin.o
 .text.EnablePrintfIRQ
                0x0000000008000224       0x24 build/uart_driver.o
                0x0000000008000224                EnablePrintfIRQ
 .text._write   0x0000000008000248       0x18 build/uart_driver.o
                0x0000000008000248                _write
 .text.HAL_UART_Callback
                0x0000000008000260       0x50 build/uart_driver.o
                0x0000000008000260                HAL_UART_Callback
 .text.USART1_IRQHandler
                0x00000000080002b0       0x50 build/uart_driver.o
                0x00000000080002b0                USART1_IRQHandler
 .text.PutEventIntoBuffer
                0x0000000008000300       0x54 build/ring_buffer.o
                0x0000000008000300                PutEventIntoBuffer
 .text.Key_Init
                0x0000000008000354       0x58 build/key_driver.o
                0x0000000008000354                Key_Init
 .text.EXTI15_10_IRQHandler
                0x00000000080003ac       0x14 build/key_driver.o
                0x00000000080003ac                EXTI15_10_IRQHandler
 .text.HAL_GPIO_EXTI_Callback
                0x00000000080003c0       0x88 build/key_driver.o
                0x00000000080003c0                HAL_GPIO_EXTI_Callback
 .text.InputDeviceRegister
                0x0000000008000448       0x1c build/input_system.o
 .text.GpioKeyInit
                0x0000000008000464        0x8 build/input_system.o
 .text.StdIoInit
                0x000000000800046c        0x8 build/input_system.o
 .text.AddKeyToInputDevice
                0x0000000008000474       0x10 build/input_system.o
                0x0000000008000474                AddKeyToInputDevice
 .text.AddStdIoToInputDevice
                0x0000000008000484       0x10 build/input_system.o
                0x0000000008000484                AddStdIoToInputDevice
 .text.AddInputDevices
                0x0000000008000494        0xc build/input_system.o
                0x0000000008000494                AddInputDevices
 .text.InitInputDevices
                0x00000000080004a0       0x24 build/input_system.o
                0x00000000080004a0                InitInputDevices
 .text.KAL_GpioKeyInit
                0x00000000080004c4        0x8 build/input_kal.o
                0x00000000080004c4                KAL_GpioKeyInit
 .text.KAL_StdIoInit
                0x00000000080004cc        0x8 build/input_kal.o
                0x00000000080004cc                KAL_StdIoInit
 .text.KAL_GetTime
                0x00000000080004d4        0x8 build/general_kal.o
                0x00000000080004d4                KAL_GetTime
 .text.CAL_GpioKeyInit
                0x00000000080004dc        0x8 build/input_cal.o
                0x00000000080004dc                CAL_GpioKeyInit
 .text.CAL_StdIoInit
                0x00000000080004e4        0x8 build/input_cal.o
                0x00000000080004e4                CAL_StdIoInit
 .text.CAL_GetTime
                0x00000000080004ec        0x8 build/general_cal.o
                0x00000000080004ec                CAL_GetTime
 .text.SmartDeviceInit
                0x00000000080004f4        0xc build/main.o
                0x00000000080004f4                SmartDeviceInit
 .text.Error_Handler
                0x0000000008000500       0x10 build/main.o
                0x0000000008000500                Error_Handler
 .text.SystemClock_Config
                0x0000000008000510       0x64 build/main.o
                0x0000000008000510                SystemClock_Config
 .text.main     0x0000000008000574       0x2c build/main.o
                0x0000000008000574                main
 .text.MX_GPIO_Init
                0x00000000080005a0      0x128 build/gpio.o
                0x00000000080005a0                MX_GPIO_Init
 .text.MX_USART1_UART_Init
                0x00000000080006c8       0x34 build/usart.o
                0x00000000080006c8                MX_USART1_UART_Init
 .text.MX_USART3_UART_Init
                0x00000000080006fc       0x34 build/usart.o
                0x00000000080006fc                MX_USART3_UART_Init
 .text.HAL_UART_MspInit
                0x0000000008000730      0x100 build/usart.o
                0x0000000008000730                HAL_UART_MspInit
 .text.NMI_Handler
                0x0000000008000830        0x2 build/stm32f1xx_it.o
                0x0000000008000830                NMI_Handler
 .text.HardFault_Handler
                0x0000000008000832        0x2 build/stm32f1xx_it.o
                0x0000000008000832                HardFault_Handler
 .text.MemManage_Handler
                0x0000000008000834        0x2 build/stm32f1xx_it.o
                0x0000000008000834                MemManage_Handler
 .text.BusFault_Handler
                0x0000000008000836        0x2 build/stm32f1xx_it.o
                0x0000000008000836                BusFault_Handler
 .text.UsageFault_Handler
                0x0000000008000838        0x2 build/stm32f1xx_it.o
                0x0000000008000838                UsageFault_Handler
 .text.SVC_Handler
                0x000000000800083a        0x2 build/stm32f1xx_it.o
                0x000000000800083a                SVC_Handler
 .text.DebugMon_Handler
                0x000000000800083c        0x2 build/stm32f1xx_it.o
                0x000000000800083c                DebugMon_Handler
 .text.PendSV_Handler
                0x000000000800083e        0x2 build/stm32f1xx_it.o
                0x000000000800083e                PendSV_Handler
 .text.SysTick_Handler
                0x0000000008000840        0x8 build/stm32f1xx_it.o
                0x0000000008000840                SysTick_Handler
 .text.USART3_IRQHandler
                0x0000000008000848       0x10 build/stm32f1xx_it.o
                0x0000000008000848                USART3_IRQHandler
 .text.HAL_MspInit
                0x0000000008000858       0x44 build/stm32f1xx_hal_msp.o
                0x0000000008000858                HAL_MspInit
 .text.UART_EndRxTransfer
                0x000000000800089c       0x5c build/stm32f1xx_hal_uart.o
 .text.UART_Transmit_IT
                0x00000000080008f8       0x60 build/stm32f1xx_hal_uart.o
 .text.UART_SetConfig
                0x0000000008000958       0x94 build/stm32f1xx_hal_uart.o
 .text.UART_WaitOnFlagUntilTimeout
                0x00000000080009ec       0x88 build/stm32f1xx_hal_uart.o
 .text.HAL_UART_Init
                0x0000000008000a74       0x60 build/stm32f1xx_hal_uart.o
                0x0000000008000a74                HAL_UART_Init
 .text.HAL_UART_Transmit
                0x0000000008000ad4       0xbe build/stm32f1xx_hal_uart.o
                0x0000000008000ad4                HAL_UART_Transmit
 .text.HAL_UART_TxCpltCallback
                0x0000000008000b92        0x2 build/stm32f1xx_hal_uart.o
                0x0000000008000b92                HAL_UART_TxCpltCallback
 .text.UART_EndTransmit_IT
                0x0000000008000b94       0x1a build/stm32f1xx_hal_uart.o
 .text.HAL_UART_RxCpltCallback
                0x0000000008000bae        0x2 build/stm32f1xx_hal_uart.o
                0x0000000008000bae                HAL_UART_RxCpltCallback
 .text.HAL_UART_ErrorCallback
                0x0000000008000bb0        0x2 build/stm32f1xx_hal_uart.o
                0x0000000008000bb0                HAL_UART_ErrorCallback
 .text.UART_DMAAbortOnError
                0x0000000008000bb2       0x10 build/stm32f1xx_hal_uart.o
 .text.HAL_UARTEx_RxEventCallback
                0x0000000008000bc2        0x2 build/stm32f1xx_hal_uart.o
                0x0000000008000bc2                HAL_UARTEx_RxEventCallback
 .text.UART_Receive_IT
                0x0000000008000bc4       0xe6 build/stm32f1xx_hal_uart.o
 *fill*         0x0000000008000caa        0x2 
 .text.HAL_UART_IRQHandler
                0x0000000008000cac      0x288 build/stm32f1xx_hal_uart.o
                0x0000000008000cac                HAL_UART_IRQHandler
 .text.HAL_InitTick
                0x0000000008000f34       0x4c build/stm32f1xx_hal.o
                0x0000000008000f34                HAL_InitTick
 .text.HAL_Init
                0x0000000008000f80       0x24 build/stm32f1xx_hal.o
                0x0000000008000f80                HAL_Init
 .text.HAL_IncTick
                0x0000000008000fa4       0x18 build/stm32f1xx_hal.o
                0x0000000008000fa4                HAL_IncTick
 .text.HAL_GetTick
                0x0000000008000fbc        0xc build/stm32f1xx_hal.o
                0x0000000008000fbc                HAL_GetTick
 .text.RCC_Delay
                0x0000000008000fc8       0x2c build/stm32f1xx_hal_rcc.o
 .text.HAL_RCC_OscConfig
                0x0000000008000ff4      0x410 build/stm32f1xx_hal_rcc.o
                0x0000000008000ff4                HAL_RCC_OscConfig
 .text.HAL_RCC_GetSysClockFreq
                0x0000000008001404       0x54 build/stm32f1xx_hal_rcc.o
                0x0000000008001404                HAL_RCC_GetSysClockFreq
 .text.HAL_RCC_ClockConfig
                0x0000000008001458      0x16c build/stm32f1xx_hal_rcc.o
                0x0000000008001458                HAL_RCC_ClockConfig
 .text.HAL_RCC_GetHCLKFreq
                0x00000000080015c4        0xc build/stm32f1xx_hal_rcc.o
                0x00000000080015c4                HAL_RCC_GetHCLKFreq
 .text.HAL_RCC_GetPCLK1Freq
                0x00000000080015d0       0x20 build/stm32f1xx_hal_rcc.o
                0x00000000080015d0                HAL_RCC_GetPCLK1Freq
 .text.HAL_RCC_GetPCLK2Freq
                0x00000000080015f0       0x20 build/stm32f1xx_hal_rcc.o
                0x00000000080015f0                HAL_RCC_GetPCLK2Freq
 .text.HAL_GPIO_Init
                0x0000000008001610      0x240 build/stm32f1xx_hal_gpio.o
                0x0000000008001610                HAL_GPIO_Init
 .text.HAL_GPIO_ReadPin
                0x0000000008001850        0xe build/stm32f1xx_hal_gpio.o
                0x0000000008001850                HAL_GPIO_ReadPin
 .text.HAL_GPIO_WritePin
                0x000000000800185e        0xc build/stm32f1xx_hal_gpio.o
                0x000000000800185e                HAL_GPIO_WritePin
 *fill*         0x000000000800186a        0x2 
 .text.HAL_GPIO_EXTI_IRQHandler
                0x000000000800186c       0x1c build/stm32f1xx_hal_gpio.o
                0x000000000800186c                HAL_GPIO_EXTI_IRQHandler
 .text.HAL_DMA_Abort
                0x0000000008001888       0x46 build/stm32f1xx_hal_dma.o
                0x0000000008001888                HAL_DMA_Abort
 *fill*         0x00000000080018ce        0x2 
 .text.HAL_DMA_Abort_IT
                0x00000000080018d0      0x16c build/stm32f1xx_hal_dma.o
                0x00000000080018d0                HAL_DMA_Abort_IT
 .text.HAL_NVIC_SetPriorityGrouping
                0x0000000008001a3c       0x24 build/stm32f1xx_hal_cortex.o
                0x0000000008001a3c                HAL_NVIC_SetPriorityGrouping
 .text.HAL_NVIC_SetPriority
                0x0000000008001a60       0x70 build/stm32f1xx_hal_cortex.o
                0x0000000008001a60                HAL_NVIC_SetPriority
 .text.HAL_NVIC_EnableIRQ
                0x0000000008001ad0       0x1c build/stm32f1xx_hal_cortex.o
                0x0000000008001ad0                HAL_NVIC_EnableIRQ
 .text.HAL_SYSTICK_Config
                0x0000000008001aec       0x28 build/stm32f1xx_hal_cortex.o
                0x0000000008001aec                HAL_SYSTICK_Config
 .text.SystemInit
                0x0000000008001b14        0x2 build/system_stm32f1xx.o
                0x0000000008001b14                SystemInit
 *fill*         0x0000000008001b16        0x2 
 .text.MX_I2C1_Init
                0x0000000008001b18       0x3c build/i2c.o
                0x0000000008001b18                MX_I2C1_Init
 .text.HAL_I2C_MspInit
                0x0000000008001b54       0x64 build/i2c.o
                0x0000000008001b54                HAL_I2C_MspInit
 .text.HAL_I2C_Init
                0x0000000008001bb8      0x1bc build/stm32f1xx_hal_i2c.o
                0x0000000008001bb8                HAL_I2C_Init
 .text.Reset_Handler
                0x0000000008001d74       0x48 build/startup_stm32f103xe.o
                0x0000000008001d74                Reset_Handler
 .text.Default_Handler
                0x0000000008001dbc        0x2 build/startup_stm32f103xe.o
                0x0000000008001dbc                RTC_Alarm_IRQHandler
                0x0000000008001dbc                EXTI2_IRQHandler
                0x0000000008001dbc                TIM8_TRG_COM_IRQHandler
                0x0000000008001dbc                TIM8_CC_IRQHandler
                0x0000000008001dbc                TIM1_CC_IRQHandler
                0x0000000008001dbc                TIM6_IRQHandler
                0x0000000008001dbc                PVD_IRQHandler
                0x0000000008001dbc                SDIO_IRQHandler
                0x0000000008001dbc                EXTI3_IRQHandler
                0x0000000008001dbc                EXTI0_IRQHandler
                0x0000000008001dbc                I2C2_EV_IRQHandler
                0x0000000008001dbc                ADC1_2_IRQHandler
                0x0000000008001dbc                SPI1_IRQHandler
                0x0000000008001dbc                TAMPER_IRQHandler
                0x0000000008001dbc                TIM8_UP_IRQHandler
                0x0000000008001dbc                DMA2_Channel2_IRQHandler
                0x0000000008001dbc                DMA1_Channel4_IRQHandler
                0x0000000008001dbc                RTC_IRQHandler
                0x0000000008001dbc                DMA1_Channel7_IRQHandler
                0x0000000008001dbc                CAN1_RX1_IRQHandler
                0x0000000008001dbc                UART5_IRQHandler
                0x0000000008001dbc                ADC3_IRQHandler
                0x0000000008001dbc                TIM4_IRQHandler
                0x0000000008001dbc                DMA2_Channel1_IRQHandler
                0x0000000008001dbc                I2C1_EV_IRQHandler
                0x0000000008001dbc                DMA1_Channel6_IRQHandler
                0x0000000008001dbc                UART4_IRQHandler
                0x0000000008001dbc                TIM3_IRQHandler
                0x0000000008001dbc                RCC_IRQHandler
                0x0000000008001dbc                TIM1_TRG_COM_IRQHandler
                0x0000000008001dbc                DMA1_Channel1_IRQHandler
                0x0000000008001dbc                Default_Handler
                0x0000000008001dbc                TIM7_IRQHandler
                0x0000000008001dbc                TIM5_IRQHandler
                0x0000000008001dbc                EXTI9_5_IRQHandler
                0x0000000008001dbc                SPI2_IRQHandler
                0x0000000008001dbc                DMA1_Channel5_IRQHandler
                0x0000000008001dbc                EXTI4_IRQHandler
                0x0000000008001dbc                USB_LP_CAN1_RX0_IRQHandler
                0x0000000008001dbc                USB_HP_CAN1_TX_IRQHandler
                0x0000000008001dbc                DMA1_Channel3_IRQHandler
                0x0000000008001dbc                FSMC_IRQHandler
                0x0000000008001dbc                TIM1_UP_IRQHandler
                0x0000000008001dbc                WWDG_IRQHandler
                0x0000000008001dbc                TIM2_IRQHandler
                0x0000000008001dbc                TIM1_BRK_IRQHandler
                0x0000000008001dbc                EXTI1_IRQHandler
                0x0000000008001dbc                DMA2_Channel4_5_IRQHandler
                0x0000000008001dbc                USART2_IRQHandler
                0x0000000008001dbc                I2C2_ER_IRQHandler
                0x0000000008001dbc                DMA1_Channel2_IRQHandler
                0x0000000008001dbc                TIM8_BRK_IRQHandler
                0x0000000008001dbc                CAN1_SCE_IRQHandler
                0x0000000008001dbc                FLASH_IRQHandler
                0x0000000008001dbc                SPI3_IRQHandler
                0x0000000008001dbc                I2C1_ER_IRQHandler
                0x0000000008001dbc                USBWakeUp_IRQHandler
                0x0000000008001dbc                DMA2_Channel3_IRQHandler
 *fill*         0x0000000008001dbe        0x2 
 .text.__libc_init_array
                0x0000000008001dc0       0x48 c:/env/embeddedtoolchain/xpack-arm-none-eabi-gcc-10.3.1-2.3/bin/../lib/gcc/arm-none-eabi/10.3.1/../../../../arm-none-eabi/lib/thumb/v7-m/nofp\libc_nano.a(lib_a-init.o)
                0x0000000008001dc0                __libc_init_array
 .text.memcpy   0x0000000008001e08       0x1c c:/env/embeddedtoolchain/xpack-arm-none-eabi-gcc-10.3.1-2.3/bin/../lib/gcc/arm-none-eabi/10.3.1/../../../../arm-none-eabi/lib/thumb/v7-m/nofp\libc_nano.a(lib_a-memcpy-stub.o)
                0x0000000008001e08                memcpy
 .text.memset   0x0000000008001e24       0x10 c:/env/embeddedtoolchain/xpack-arm-none-eabi-gcc-10.3.1-2.3/bin/../lib/gcc/arm-none-eabi/10.3.1/../../../../arm-none-eabi/lib/thumb/v7-m/nofp\libc_nano.a(lib_a-memset.o)
                0x0000000008001e24                memset
 .text._puts_r  0x0000000008001e34       0xdc c:/env/embeddedtoolchain/xpack-arm-none-eabi-gcc-10.3.1-2.3/bin/../lib/gcc/arm-none-eabi/10.3.1/../../../../arm-none-eabi/lib/thumb/v7-m/nofp\libc_nano.a(lib_a-puts.o)
                0x0000000008001e34                _puts_r
 .text.puts     0x0000000008001f10       0x10 c:/env/embeddedtoolchain/xpack-arm-none-eabi-gcc-10.3.1-2.3/bin/../lib/gcc/arm-none-eabi/10.3.1/../../../../arm-none-eabi/lib/thumb/v7-m/nofp\libc_nano.a(lib_a-puts.o)
                0x0000000008001f10                puts
 .text.__swbuf_r
                0x0000000008001f20       0xa4 c:/env/embeddedtoolchain/xpack-arm-none-eabi-gcc-10.3.1-2.3/bin/../lib/gcc/arm-none-eabi/10.3.1/../../../../arm-none-eabi/lib/thumb/v7-m/nofp\libc_nano.a(lib_a-wbuf.o)
                0x0000000008001f20                __swbuf_r
 .text.__swsetup_r
                0x0000000008001fc4       0xdc c:/env/embeddedtoolchain/xpack-arm-none-eabi-gcc-10.3.1-2.3/bin/../lib/gcc/arm-none-eabi/10.3.1/../../../../arm-none-eabi/lib/thumb/v7-m/nofp\libc_nano.a(lib_a-wsetup.o)
                0x0000000008001fc4                __swsetup_r
 .text.__sflush_r
                0x00000000080020a0      0x104 c:/env/embeddedtoolchain/xpack-arm-none-eabi-gcc-10.3.1-2.3/bin/../lib/gcc/arm-none-eabi/10.3.1/../../../../arm-none-eabi/lib/thumb/v7-m/nofp\libc_nano.a(lib_a-fflush.o)
                0x00000000080020a0                __sflush_r
 .text._fflush_r
                0x00000000080021a4       0x78 c:/env/embeddedtoolchain/xpack-arm-none-eabi-gcc-10.3.1-2.3/bin/../lib/gcc/arm-none-eabi/10.3.1/../../../../arm-none-eabi/lib/thumb/v7-m/nofp\libc_nano.a(lib_a-fflush.o)
                0x00000000080021a4                _fflush_r
 .text.std      0x000000000800221c       0x48 c:/env/embeddedtoolchain/xpack-arm-none-eabi-gcc-10.3.1-2.3/bin/../lib/gcc/arm-none-eabi/10.3.1/../../../../arm-none-eabi/lib/thumb/v7-m/nofp\libc_nano.a(lib_a-findfp.o)
 .text._cleanup_r
                0x0000000008002264        0xc c:/env/embeddedtoolchain/xpack-arm-none-eabi-gcc-10.3.1-2.3/bin/../lib/gcc/arm-none-eabi/10.3.1/../../../../arm-none-eabi/lib/thumb/v7-m/nofp\libc_nano.a(lib_a-findfp.o)
                0x0000000008002264                _cleanup_r
 .text.__sfmoreglue
                0x0000000008002270       0x2c c:/env/embeddedtoolchain/xpack-arm-none-eabi-gcc-10.3.1-2.3/bin/../lib/gcc/arm-none-eabi/10.3.1/../../../../arm-none-eabi/lib/thumb/v7-m/nofp\libc_nano.a(lib_a-findfp.o)
                0x0000000008002270                __sfmoreglue
 .text.__sfp_lock_acquire
                0x000000000800229c        0xc c:/env/embeddedtoolchain/xpack-arm-none-eabi-gcc-10.3.1-2.3/bin/../lib/gcc/arm-none-eabi/10.3.1/../../../../arm-none-eabi/lib/thumb/v7-m/nofp\libc_nano.a(lib_a-findfp.o)
                0x000000000800229c                __sfp_lock_acquire
 .text.__sfp_lock_release
                0x00000000080022a8        0xc c:/env/embeddedtoolchain/xpack-arm-none-eabi-gcc-10.3.1-2.3/bin/../lib/gcc/arm-none-eabi/10.3.1/../../../../arm-none-eabi/lib/thumb/v7-m/nofp\libc_nano.a(lib_a-findfp.o)
                0x00000000080022a8                __sfp_lock_release
 .text.__sinit_lock_acquire
                0x00000000080022b4        0xc c:/env/embeddedtoolchain/xpack-arm-none-eabi-gcc-10.3.1-2.3/bin/../lib/gcc/arm-none-eabi/10.3.1/../../../../arm-none-eabi/lib/thumb/v7-m/nofp\libc_nano.a(lib_a-findfp.o)
                0x00000000080022b4                __sinit_lock_acquire
 .text.__sinit_lock_release
                0x00000000080022c0        0xc c:/env/embeddedtoolchain/xpack-arm-none-eabi-gcc-10.3.1-2.3/bin/../lib/gcc/arm-none-eabi/10.3.1/../../../../arm-none-eabi/lib/thumb/v7-m/nofp\libc_nano.a(lib_a-findfp.o)
                0x00000000080022c0                __sinit_lock_release
 .text.__sinit  0x00000000080022cc       0x70 c:/env/embeddedtoolchain/xpack-arm-none-eabi-gcc-10.3.1-2.3/bin/../lib/gcc/arm-none-eabi/10.3.1/../../../../arm-none-eabi/lib/thumb/v7-m/nofp\libc_nano.a(lib_a-findfp.o)
                0x00000000080022cc                __sinit
 .text.__sfp    0x000000000800233c       0x8c c:/env/embeddedtoolchain/xpack-arm-none-eabi-gcc-10.3.1-2.3/bin/../lib/gcc/arm-none-eabi/10.3.1/../../../../arm-none-eabi/lib/thumb/v7-m/nofp\libc_nano.a(lib_a-findfp.o)
                0x000000000800233c                __sfp
 .text._fwalk_reent
                0x00000000080023c8       0x3e c:/env/embeddedtoolchain/xpack-arm-none-eabi-gcc-10.3.1-2.3/bin/../lib/gcc/arm-none-eabi/10.3.1/../../../../arm-none-eabi/lib/thumb/v7-m/nofp\libc_nano.a(lib_a-fwalk.o)
                0x00000000080023c8                _fwalk_reent
 .text.__retarget_lock_init_recursive
                0x0000000008002406        0x2 c:/env/embeddedtoolchain/xpack-arm-none-eabi-gcc-10.3.1-2.3/bin/../lib/gcc/arm-none-eabi/10.3.1/../../../../arm-none-eabi/lib/thumb/v7-m/nofp\libc_nano.a(lib_a-lock.o)
                0x0000000008002406                __retarget_lock_init_recursive
 .text.__retarget_lock_acquire_recursive
                0x0000000008002408        0x2 c:/env/embeddedtoolchain/xpack-arm-none-eabi-gcc-10.3.1-2.3/bin/../lib/gcc/arm-none-eabi/10.3.1/../../../../arm-none-eabi/lib/thumb/v7-m/nofp\libc_nano.a(lib_a-lock.o)
                0x0000000008002408                __retarget_lock_acquire_recursive
 .text.__retarget_lock_release_recursive
                0x000000000800240a        0x2 c:/env/embeddedtoolchain/xpack-arm-none-eabi-gcc-10.3.1-2.3/bin/../lib/gcc/arm-none-eabi/10.3.1/../../../../arm-none-eabi/lib/thumb/v7-m/nofp\libc_nano.a(lib_a-lock.o)
                0x000000000800240a                __retarget_lock_release_recursive
 .text.__swhatbuf_r
                0x000000000800240c       0x4a c:/env/embeddedtoolchain/xpack-arm-none-eabi-gcc-10.3.1-2.3/bin/../lib/gcc/arm-none-eabi/10.3.1/../../../../arm-none-eabi/lib/thumb/v7-m/nofp\libc_nano.a(lib_a-makebuf.o)
                0x000000000800240c                __swhatbuf_r
 *fill*         0x0000000008002456        0x2 
 .text.__smakebuf_r
                0x0000000008002458       0x80 c:/env/embeddedtoolchain/xpack-arm-none-eabi-gcc-10.3.1-2.3/bin/../lib/gcc/arm-none-eabi/10.3.1/../../../../arm-none-eabi/lib/thumb/v7-m/nofp\libc_nano.a(lib_a-makebuf.o)
                0x0000000008002458                __smakebuf_r
 .text._free_r  0x00000000080024d8       0x90 c:/env/embeddedtoolchain/xpack-arm-none-eabi-gcc-10.3.1-2.3/bin/../lib/gcc/arm-none-eabi/10.3.1/../../../../arm-none-eabi/lib/thumb/v7-m/nofp\libc_nano.a(lib_a-nano-freer.o)
                0x00000000080024d8                _free_r
 .text.sbrk_aligned
                0x0000000008002568       0x40 c:/env/embeddedtoolchain/xpack-arm-none-eabi-gcc-10.3.1-2.3/bin/../lib/gcc/arm-none-eabi/10.3.1/../../../../arm-none-eabi/lib/thumb/v7-m/nofp\libc_nano.a(lib_a-nano-mallocr.o)
 .text._malloc_r
                0x00000000080025a8       0xe8 c:/env/embeddedtoolchain/xpack-arm-none-eabi-gcc-10.3.1-2.3/bin/../lib/gcc/arm-none-eabi/10.3.1/../../../../arm-none-eabi/lib/thumb/v7-m/nofp\libc_nano.a(lib_a-nano-mallocr.o)
                0x00000000080025a8                _malloc_r
 .text._sbrk_r  0x0000000008002690       0x20 c:/env/embeddedtoolchain/xpack-arm-none-eabi-gcc-10.3.1-2.3/bin/../lib/gcc/arm-none-eabi/10.3.1/../../../../arm-none-eabi/lib/thumb/v7-m/nofp\libc_nano.a(lib_a-sbrkr.o)
                0x0000000008002690                _sbrk_r
 .text.__sread  0x00000000080026b0       0x22 c:/env/embeddedtoolchain/xpack-arm-none-eabi-gcc-10.3.1-2.3/bin/../lib/gcc/arm-none-eabi/10.3.1/../../../../arm-none-eabi/lib/thumb/v7-m/nofp\libc_nano.a(lib_a-stdio.o)
                0x00000000080026b0                __sread
 .text.__swrite
                0x00000000080026d2       0x38 c:/env/embeddedtoolchain/xpack-arm-none-eabi-gcc-10.3.1-2.3/bin/../lib/gcc/arm-none-eabi/10.3.1/../../../../arm-none-eabi/lib/thumb/v7-m/nofp\libc_nano.a(lib_a-stdio.o)
                0x00000000080026d2                __swrite
 .text.__sseek  0x000000000800270a       0x24 c:/env/embeddedtoolchain/xpack-arm-none-eabi-gcc-10.3.1-2.3/bin/../lib/gcc/arm-none-eabi/10.3.1/../../../../arm-none-eabi/lib/thumb/v7-m/nofp\libc_nano.a(lib_a-stdio.o)
                0x000000000800270a                __sseek
 .text.__sclose
                0x000000000800272e        0x8 c:/env/embeddedtoolchain/xpack-arm-none-eabi-gcc-10.3.1-2.3/bin/../lib/gcc/arm-none-eabi/10.3.1/../../../../arm-none-eabi/lib/thumb/v7-m/nofp\libc_nano.a(lib_a-stdio.o)
                0x000000000800272e                __sclose
 *fill*         0x0000000008002736        0x2 
 .text._write_r
                0x0000000008002738       0x24 c:/env/embeddedtoolchain/xpack-arm-none-eabi-gcc-10.3.1-2.3/bin/../lib/gcc/arm-none-eabi/10.3.1/../../../../arm-none-eabi/lib/thumb/v7-m/nofp\libc_nano.a(lib_a-writer.o)
                0x0000000008002738                _write_r
 .text._close_r
                0x000000000800275c       0x20 c:/env/embeddedtoolchain/xpack-arm-none-eabi-gcc-10.3.1-2.3/bin/../lib/gcc/arm-none-eabi/10.3.1/../../../../arm-none-eabi/lib/thumb/v7-m/nofp\libc_nano.a(lib_a-closer.o)
                0x000000000800275c                _close_r
 .text._fstat_r
                0x000000000800277c       0x24 c:/env/embeddedtoolchain/xpack-arm-none-eabi-gcc-10.3.1-2.3/bin/../lib/gcc/arm-none-eabi/10.3.1/../../../../arm-none-eabi/lib/thumb/v7-m/nofp\libc_nano.a(lib_a-fstatr.o)
                0x000000000800277c                _fstat_r
 .text._isatty_r
                0x00000000080027a0       0x20 c:/env/embeddedtoolchain/xpack-arm-none-eabi-gcc-10.3.1-2.3/bin/../lib/gcc/arm-none-eabi/10.3.1/../../../../arm-none-eabi/lib/thumb/v7-m/nofp\libc_nano.a(lib_a-isattyr.o)
                0x00000000080027a0                _isatty_r
 .text._lseek_r
                0x00000000080027c0       0x24 c:/env/embeddedtoolchain/xpack-arm-none-eabi-gcc-10.3.1-2.3/bin/../lib/gcc/arm-none-eabi/10.3.1/../../../../arm-none-eabi/lib/thumb/v7-m/nofp\libc_nano.a(lib_a-lseekr.o)
                0x00000000080027c0                _lseek_r
 .text.__malloc_lock
                0x00000000080027e4        0xc c:/env/embeddedtoolchain/xpack-arm-none-eabi-gcc-10.3.1-2.3/bin/../lib/gcc/arm-none-eabi/10.3.1/../../../../arm-none-eabi/lib/thumb/v7-m/nofp\libc_nano.a(lib_a-mlock.o)
                0x00000000080027e4                __malloc_lock
 .text.__malloc_unlock
                0x00000000080027f0        0xc c:/env/embeddedtoolchain/xpack-arm-none-eabi-gcc-10.3.1-2.3/bin/../lib/gcc/arm-none-eabi/10.3.1/../../../../arm-none-eabi/lib/thumb/v7-m/nofp\libc_nano.a(lib_a-mlock.o)
                0x00000000080027f0                __malloc_unlock
 .text._read_r  0x00000000080027fc       0x24 c:/env/embeddedtoolchain/xpack-arm-none-eabi-gcc-10.3.1-2.3/bin/../lib/gcc/arm-none-eabi/10.3.1/../../../../arm-none-eabi/lib/thumb/v7-m/nofp\libc_nano.a(lib_a-readr.o)
                0x00000000080027fc                _read_r
 .text._close   0x0000000008002820       0x10 c:/env/embeddedtoolchain/xpack-arm-none-eabi-gcc-10.3.1-2.3/bin/../lib/gcc/arm-none-eabi/10.3.1/../../../../arm-none-eabi/lib/thumb/v7-m/nofp\libnosys.a(close.o)
                0x0000000008002820                _close
 .text._fstat   0x0000000008002830       0x10 c:/env/embeddedtoolchain/xpack-arm-none-eabi-gcc-10.3.1-2.3/bin/../lib/gcc/arm-none-eabi/10.3.1/../../../../arm-none-eabi/lib/thumb/v7-m/nofp\libnosys.a(fstat.o)
                0x0000000008002830                _fstat
 .text._isatty  0x0000000008002840       0x10 c:/env/embeddedtoolchain/xpack-arm-none-eabi-gcc-10.3.1-2.3/bin/../lib/gcc/arm-none-eabi/10.3.1/../../../../arm-none-eabi/lib/thumb/v7-m/nofp\libnosys.a(isatty.o)
                0x0000000008002840                _isatty
 .text._lseek   0x0000000008002850       0x10 c:/env/embeddedtoolchain/xpack-arm-none-eabi-gcc-10.3.1-2.3/bin/../lib/gcc/arm-none-eabi/10.3.1/../../../../arm-none-eabi/lib/thumb/v7-m/nofp\libnosys.a(lseek.o)
                0x0000000008002850                _lseek
 .text._read    0x0000000008002860       0x10 c:/env/embeddedtoolchain/xpack-arm-none-eabi-gcc-10.3.1-2.3/bin/../lib/gcc/arm-none-eabi/10.3.1/../../../../arm-none-eabi/lib/thumb/v7-m/nofp\libnosys.a(read.o)
                0x0000000008002860                _read
 .text._sbrk    0x0000000008002870       0x1c c:/env/embeddedtoolchain/xpack-arm-none-eabi-gcc-10.3.1-2.3/bin/../lib/gcc/arm-none-eabi/10.3.1/../../../../arm-none-eabi/lib/thumb/v7-m/nofp\libnosys.a(sbrk.o)
                0x0000000008002870                _sbrk
 *(.glue_7)
 .glue_7        0x000000000800288c        0x0 linker stubs
 *(.glue_7t)
 .glue_7t       0x000000000800288c        0x0 linker stubs
 *(.eh_frame)
 .eh_frame      0x000000000800288c        0x0 c:/env/embeddedtoolchain/xpack-arm-none-eabi-gcc-10.3.1-2.3/bin/../lib/gcc/arm-none-eabi/10.3.1/thumb/v7-m/nofp/crtbegin.o
 *(.init)
 .init          0x000000000800288c        0x4 c:/env/embeddedtoolchain/xpack-arm-none-eabi-gcc-10.3.1-2.3/bin/../lib/gcc/arm-none-eabi/10.3.1/thumb/v7-m/nofp/crti.o
                0x000000000800288c                _init
 .init          0x0000000008002890        0x8 c:/env/embeddedtoolchain/xpack-arm-none-eabi-gcc-10.3.1-2.3/bin/../lib/gcc/arm-none-eabi/10.3.1/thumb/v7-m/nofp/crtn.o
 *(.fini)
 .fini          0x0000000008002898        0x4 c:/env/embeddedtoolchain/xpack-arm-none-eabi-gcc-10.3.1-2.3/bin/../lib/gcc/arm-none-eabi/10.3.1/thumb/v7-m/nofp/crti.o
                0x0000000008002898                _fini
 .fini          0x000000000800289c        0x8 c:/env/embeddedtoolchain/xpack-arm-none-eabi-gcc-10.3.1-2.3/bin/../lib/gcc/arm-none-eabi/10.3.1/thumb/v7-m/nofp/crtn.o
                0x00000000080028a4                . = ALIGN (0x4)
                0x00000000080028a4                _etext = .

.vfp11_veneer   0x00000000080028a4        0x0
 .vfp11_veneer  0x00000000080028a4        0x0 linker stubs

.v4_bx          0x00000000080028a4        0x0
 .v4_bx         0x00000000080028a4        0x0 linker stubs

.iplt           0x00000000080028a4        0x0
 .iplt          0x00000000080028a4        0x0 c:/env/embeddedtoolchain/xpack-arm-none-eabi-gcc-10.3.1-2.3/bin/../lib/gcc/arm-none-eabi/10.3.1/thumb/v7-m/nofp/crtbegin.o

.rodata         0x00000000080028a4       0xcc
                0x00000000080028a4                . = ALIGN (0x4)
 *(.rodata)
 *(.rodata*)
 .rodata.InitInputDevices.str1.4
                0x00000000080028a4        0xf build/input_system.o
 *fill*         0x00000000080028b3        0x1 
 .rodata.str1.4
                0x00000000080028b4        0xc build/input_system.o
 .rodata.Error_Handler.str1.4
                0x00000000080028c0        0x8 build/main.o
 .rodata.main.str1.4
                0x00000000080028c8       0x15 build/main.o
 *fill*         0x00000000080028dd        0x3 
 .rodata.aPLLMULFactorTable.1
                0x00000000080028e0       0x10 build/stm32f1xx_hal_rcc.o
 .rodata.aPredivFactorTable.0
                0x00000000080028f0        0x2 build/stm32f1xx_hal_rcc.o
 *fill*         0x00000000080028f2        0x2 
 .rodata.AHBPrescTable
                0x00000000080028f4       0x10 build/system_stm32f1xx.o
                0x00000000080028f4                AHBPrescTable
 .rodata.APBPrescTable
                0x0000000008002904        0x8 build/system_stm32f1xx.o
                0x0000000008002904                APBPrescTable
 .rodata._global_impure_ptr
                0x000000000800290c        0x4 c:/env/embeddedtoolchain/xpack-arm-none-eabi-gcc-10.3.1-2.3/bin/../lib/gcc/arm-none-eabi/10.3.1/../../../../arm-none-eabi/lib/thumb/v7-m/nofp\libc_nano.a(lib_a-impure.o)
                0x000000000800290c                _global_impure_ptr
 .rodata.__sf_fake_stderr
                0x0000000008002910       0x20 c:/env/embeddedtoolchain/xpack-arm-none-eabi-gcc-10.3.1-2.3/bin/../lib/gcc/arm-none-eabi/10.3.1/../../../../arm-none-eabi/lib/thumb/v7-m/nofp\libc_nano.a(lib_a-findfp.o)
                0x0000000008002910                __sf_fake_stderr
 .rodata.__sf_fake_stdin
                0x0000000008002930       0x20 c:/env/embeddedtoolchain/xpack-arm-none-eabi-gcc-10.3.1-2.3/bin/../lib/gcc/arm-none-eabi/10.3.1/../../../../arm-none-eabi/lib/thumb/v7-m/nofp\libc_nano.a(lib_a-findfp.o)
                0x0000000008002930                __sf_fake_stdin
 .rodata.__sf_fake_stdout
                0x0000000008002950       0x20 c:/env/embeddedtoolchain/xpack-arm-none-eabi-gcc-10.3.1-2.3/bin/../lib/gcc/arm-none-eabi/10.3.1/../../../../arm-none-eabi/lib/thumb/v7-m/nofp\libc_nano.a(lib_a-findfp.o)
                0x0000000008002950                __sf_fake_stdout
                0x0000000008002970                . = ALIGN (0x4)

.ARM.extab      0x0000000008002970        0x0
                0x0000000008002970                . = ALIGN (0x4)
 *(.ARM.extab* .gnu.linkonce.armextab.*)
                0x0000000008002970                . = ALIGN (0x4)

.ARM            0x0000000008002970        0x8
                0x0000000008002970                . = ALIGN (0x4)
                0x0000000008002970                __exidx_start = .
 *(.ARM.exidx*)
 .ARM.exidx.text._close
                0x0000000008002970        0x8 c:/env/embeddedtoolchain/xpack-arm-none-eabi-gcc-10.3.1-2.3/bin/../lib/gcc/arm-none-eabi/10.3.1/../../../../arm-none-eabi/lib/thumb/v7-m/nofp\libnosys.a(close.o)
 .ARM.exidx.text._fstat
                0x0000000008002978        0x0 c:/env/embeddedtoolchain/xpack-arm-none-eabi-gcc-10.3.1-2.3/bin/../lib/gcc/arm-none-eabi/10.3.1/../../../../arm-none-eabi/lib/thumb/v7-m/nofp\libnosys.a(fstat.o)
                                          0x8 (size before relaxing)
 .ARM.exidx.text._isatty
                0x0000000008002978        0x0 c:/env/embeddedtoolchain/xpack-arm-none-eabi-gcc-10.3.1-2.3/bin/../lib/gcc/arm-none-eabi/10.3.1/../../../../arm-none-eabi/lib/thumb/v7-m/nofp\libnosys.a(isatty.o)
                                          0x8 (size before relaxing)
 .ARM.exidx.text._lseek
                0x0000000008002978        0x0 c:/env/embeddedtoolchain/xpack-arm-none-eabi-gcc-10.3.1-2.3/bin/../lib/gcc/arm-none-eabi/10.3.1/../../../../arm-none-eabi/lib/thumb/v7-m/nofp\libnosys.a(lseek.o)
                                          0x8 (size before relaxing)
 .ARM.exidx.text._read
                0x0000000008002978        0x0 c:/env/embeddedtoolchain/xpack-arm-none-eabi-gcc-10.3.1-2.3/bin/../lib/gcc/arm-none-eabi/10.3.1/../../../../arm-none-eabi/lib/thumb/v7-m/nofp\libnosys.a(read.o)
                                          0x8 (size before relaxing)
 .ARM.exidx.text._sbrk
                0x0000000008002978        0x0 c:/env/embeddedtoolchain/xpack-arm-none-eabi-gcc-10.3.1-2.3/bin/../lib/gcc/arm-none-eabi/10.3.1/../../../../arm-none-eabi/lib/thumb/v7-m/nofp\libnosys.a(sbrk.o)
                                          0x8 (size before relaxing)
                0x0000000008002978                __exidx_end = .
                0x0000000008002978                . = ALIGN (0x4)

.rel.dyn        0x0000000008002978        0x0
 .rel.iplt      0x0000000008002978        0x0 c:/env/embeddedtoolchain/xpack-arm-none-eabi-gcc-10.3.1-2.3/bin/../lib/gcc/arm-none-eabi/10.3.1/thumb/v7-m/nofp/crtbegin.o

.preinit_array  0x0000000008002978        0x0
                0x0000000008002978                . = ALIGN (0x4)
                0x0000000008002978                PROVIDE (__preinit_array_start = .)
 *(.preinit_array*)
                0x0000000008002978                PROVIDE (__preinit_array_end = .)
                0x0000000008002978                . = ALIGN (0x4)

.init_array     0x0000000008002978        0x4
                0x0000000008002978                . = ALIGN (0x4)
                0x0000000008002978                PROVIDE (__init_array_start = .)
 *(SORT_BY_NAME(.init_array.*))
 *(.init_array*)
 .init_array    0x0000000008002978        0x4 c:/env/embeddedtoolchain/xpack-arm-none-eabi-gcc-10.3.1-2.3/bin/../lib/gcc/arm-none-eabi/10.3.1/thumb/v7-m/nofp/crtbegin.o
                0x000000000800297c                PROVIDE (__init_array_end = .)
                0x000000000800297c                . = ALIGN (0x4)

.fini_array     0x000000000800297c        0x4
                0x000000000800297c                . = ALIGN (0x4)
                [!provide]                        PROVIDE (__fini_array_start = .)
 *(SORT_BY_NAME(.fini_array.*))
 *(.fini_array*)
 .fini_array    0x000000000800297c        0x4 c:/env/embeddedtoolchain/xpack-arm-none-eabi-gcc-10.3.1-2.3/bin/../lib/gcc/arm-none-eabi/10.3.1/thumb/v7-m/nofp/crtbegin.o
                [!provide]                        PROVIDE (__fini_array_end = .)
                0x0000000008002980                . = ALIGN (0x4)
                0x0000000008002980                _sidata = LOADADDR (.data)

.data           0x0000000020000000       0x98 load address 0x0000000008002980
                0x0000000020000000                . = ALIGN (0x4)
                0x0000000020000000                _sdata = .
 *(.data)
 *(.data*)
 .data.g_KeyDevice
                0x0000000020000000       0x14 build/input_system.o
 .data.g_StdDevice
                0x0000000020000014       0x14 build/input_system.o
 .data.uwTickFreq
                0x0000000020000028        0x1 build/stm32f1xx_hal.o
                0x0000000020000028                uwTickFreq
 *fill*         0x0000000020000029        0x3 
 .data.uwTickPrio
                0x000000002000002c        0x4 build/stm32f1xx_hal.o
                0x000000002000002c                uwTickPrio
 .data.SystemCoreClock
                0x0000000020000030        0x4 build/system_stm32f1xx.o
                0x0000000020000030                SystemCoreClock
 .data._impure_ptr
                0x0000000020000034        0x4 c:/env/embeddedtoolchain/xpack-arm-none-eabi-gcc-10.3.1-2.3/bin/../lib/gcc/arm-none-eabi/10.3.1/../../../../arm-none-eabi/lib/thumb/v7-m/nofp\libc_nano.a(lib_a-impure.o)
                0x0000000020000034                _impure_ptr
 .data.impure_data
                0x0000000020000038       0x60 c:/env/embeddedtoolchain/xpack-arm-none-eabi-gcc-10.3.1-2.3/bin/../lib/gcc/arm-none-eabi/10.3.1/../../../../arm-none-eabi/lib/thumb/v7-m/nofp\libc_nano.a(lib_a-impure.o)
 *(.RamFunc)
 *(.RamFunc*)
                0x0000000020000098                . = ALIGN (0x4)
                0x0000000020000098                _edata = .

.igot.plt       0x0000000020000098        0x0 load address 0x0000000008002a18
 .igot.plt      0x0000000020000098        0x0 c:/env/embeddedtoolchain/xpack-arm-none-eabi-gcc-10.3.1-2.3/bin/../lib/gcc/arm-none-eabi/10.3.1/thumb/v7-m/nofp/crtbegin.o
                0x0000000020000098                . = ALIGN (0x4)

.bss            0x0000000020000098      0x664 load address 0x0000000008002a18
                0x0000000020000098                _sbss = .
                0x0000000020000098                __bss_start__ = _sbss
 *(.bss)
 *(.bss*)
 .bss.completed.1
                0x0000000020000098        0x1 c:/env/embeddedtoolchain/xpack-arm-none-eabi-gcc-10.3.1-2.3/bin/../lib/gcc/arm-none-eabi/10.3.1/thumb/v7-m/nofp/crtbegin.o
 *fill*         0x0000000020000099        0x3 
 .bss.object.0  0x000000002000009c       0x18 c:/env/embeddedtoolchain/xpack-arm-none-eabi-gcc-10.3.1-2.3/bin/../lib/gcc/arm-none-eabi/10.3.1/thumb/v7-m/nofp/crtbegin.o
 .bss.count     0x00000000200000b4        0x4 build/uart_driver.o
 .bss.temp      0x00000000200000b8       0x64 build/uart_driver.o
 .bss.g_inputEventBuffer
                0x000000002000011c      0x4e0 build/ring_buffer.o
                0x000000002000011c                g_inputEventBuffer
 .bss.g_InputDeviceList
                0x00000000200005fc        0x4 build/input_system.o
                0x00000000200005fc                g_InputDeviceList
 .bss.huart1    0x0000000020000600       0x48 build/usart.o
                0x0000000020000600                huart1
 .bss.huart3    0x0000000020000648       0x48 build/usart.o
                0x0000000020000648                huart3
 .bss.uwTick    0x0000000020000690        0x4 build/stm32f1xx_hal.o
                0x0000000020000690                uwTick
 .bss.hi2c1     0x0000000020000694       0x54 build/i2c.o
                0x0000000020000694                hi2c1
 .bss.__lock___malloc_recursive_mutex
                0x00000000200006e8        0x1 c:/env/embeddedtoolchain/xpack-arm-none-eabi-gcc-10.3.1-2.3/bin/../lib/gcc/arm-none-eabi/10.3.1/../../../../arm-none-eabi/lib/thumb/v7-m/nofp\libc_nano.a(lib_a-lock.o)
                0x00000000200006e8                __lock___malloc_recursive_mutex
 .bss.__lock___sfp_recursive_mutex
                0x00000000200006e9        0x1 c:/env/embeddedtoolchain/xpack-arm-none-eabi-gcc-10.3.1-2.3/bin/../lib/gcc/arm-none-eabi/10.3.1/../../../../arm-none-eabi/lib/thumb/v7-m/nofp\libc_nano.a(lib_a-lock.o)
                0x00000000200006e9                __lock___sfp_recursive_mutex
 .bss.__lock___sinit_recursive_mutex
                0x00000000200006ea        0x1 c:/env/embeddedtoolchain/xpack-arm-none-eabi-gcc-10.3.1-2.3/bin/../lib/gcc/arm-none-eabi/10.3.1/../../../../arm-none-eabi/lib/thumb/v7-m/nofp\libc_nano.a(lib_a-lock.o)
                0x00000000200006ea                __lock___sinit_recursive_mutex
 *fill*         0x00000000200006eb        0x1 
 .bss.__malloc_free_list
                0x00000000200006ec        0x4 c:/env/embeddedtoolchain/xpack-arm-none-eabi-gcc-10.3.1-2.3/bin/../lib/gcc/arm-none-eabi/10.3.1/../../../../arm-none-eabi/lib/thumb/v7-m/nofp\libc_nano.a(lib_a-nano-mallocr.o)
                0x00000000200006ec                __malloc_free_list
 .bss.__malloc_sbrk_start
                0x00000000200006f0        0x4 c:/env/embeddedtoolchain/xpack-arm-none-eabi-gcc-10.3.1-2.3/bin/../lib/gcc/arm-none-eabi/10.3.1/../../../../arm-none-eabi/lib/thumb/v7-m/nofp\libc_nano.a(lib_a-nano-mallocr.o)
                0x00000000200006f0                __malloc_sbrk_start
 .bss.errno     0x00000000200006f4        0x4 c:/env/embeddedtoolchain/xpack-arm-none-eabi-gcc-10.3.1-2.3/bin/../lib/gcc/arm-none-eabi/10.3.1/../../../../arm-none-eabi/lib/thumb/v7-m/nofp\libc_nano.a(lib_a-reent.o)
                0x00000000200006f4                errno
 .bss.heap_end.0
                0x00000000200006f8        0x4 c:/env/embeddedtoolchain/xpack-arm-none-eabi-gcc-10.3.1-2.3/bin/../lib/gcc/arm-none-eabi/10.3.1/../../../../arm-none-eabi/lib/thumb/v7-m/nofp\libnosys.a(sbrk.o)
 *(COMMON)
                0x00000000200006fc                . = ALIGN (0x4)
                0x00000000200006fc                _ebss = .
                0x00000000200006fc                __bss_end__ = _ebss

._user_heap_stack
                0x00000000200006fc      0x604 load address 0x0000000008002a18
                0x0000000020000700                . = ALIGN (0x8)
 *fill*         0x00000000200006fc        0x4 
                0x0000000020000700                PROVIDE (end = .)
                [!provide]                        PROVIDE (_end = .)
                0x0000000020000900                . = (. + _Min_Heap_Size)
 *fill*         0x0000000020000700      0x200 
                0x0000000020000d00                . = (. + _Min_Stack_Size)
 *fill*         0x0000000020000900      0x400 
                0x0000000020000d00                . = ALIGN (0x8)

/DISCARD/
 libc.a(*)
 libm.a(*)
 libgcc.a(*)

.ARM.attributes
                0x0000000000000000       0x29
 *(.ARM.attributes)
 .ARM.attributes
                0x0000000000000000       0x1d c:/env/embeddedtoolchain/xpack-arm-none-eabi-gcc-10.3.1-2.3/bin/../lib/gcc/arm-none-eabi/10.3.1/thumb/v7-m/nofp/crti.o
 .ARM.attributes
                0x000000000000001d       0x2d c:/env/embeddedtoolchain/xpack-arm-none-eabi-gcc-10.3.1-2.3/bin/../lib/gcc/arm-none-eabi/10.3.1/thumb/v7-m/nofp/crtbegin.o
 .ARM.attributes
                0x000000000000004a       0x2d build/uart_driver.o
 .ARM.attributes
                0x0000000000000077       0x2d build/ring_buffer.o
 .ARM.attributes
                0x00000000000000a4       0x2d build/key_driver.o
 .ARM.attributes
                0x00000000000000d1       0x2d build/input_system.o
 .ARM.attributes
                0x00000000000000fe       0x2d build/input_kal.o
 .ARM.attributes
                0x000000000000012b       0x2d build/general_kal.o
 .ARM.attributes
                0x0000000000000158       0x2d build/input_cal.o
 .ARM.attributes
                0x0000000000000185       0x2d build/general_cal.o
 .ARM.attributes
                0x00000000000001b2       0x2d build/main.o
 .ARM.attributes
                0x00000000000001df       0x2d build/gpio.o
 .ARM.attributes
                0x000000000000020c       0x2d build/usart.o
 .ARM.attributes
                0x0000000000000239       0x2d build/stm32f1xx_it.o
 .ARM.attributes
                0x0000000000000266       0x2d build/stm32f1xx_hal_msp.o
 .ARM.attributes
                0x0000000000000293       0x2d build/stm32f1xx_hal_uart.o
 .ARM.attributes
                0x00000000000002c0       0x2d build/stm32f1xx_hal.o
 .ARM.attributes
                0x00000000000002ed       0x2d build/stm32f1xx_hal_rcc.o
 .ARM.attributes
                0x000000000000031a       0x2d build/stm32f1xx_hal_gpio.o
 .ARM.attributes
                0x0000000000000347       0x2d build/stm32f1xx_hal_dma.o
 .ARM.attributes
                0x0000000000000374       0x2d build/stm32f1xx_hal_cortex.o
 .ARM.attributes
                0x00000000000003a1       0x2d build/system_stm32f1xx.o
 .ARM.attributes
                0x00000000000003ce       0x2d build/i2c.o
 .ARM.attributes
                0x00000000000003fb       0x2d build/stm32f1xx_hal_i2c.o
 .ARM.attributes
                0x0000000000000428       0x21 build/startup_stm32f103xe.o
 .ARM.attributes
                0x0000000000000449       0x2d c:/env/embeddedtoolchain/xpack-arm-none-eabi-gcc-10.3.1-2.3/bin/../lib/gcc/arm-none-eabi/10.3.1/../../../../arm-none-eabi/lib/thumb/v7-m/nofp\libc_nano.a(lib_a-impure.o)
 .ARM.attributes
                0x0000000000000476       0x2d c:/env/embeddedtoolchain/xpack-arm-none-eabi-gcc-10.3.1-2.3/bin/../lib/gcc/arm-none-eabi/10.3.1/../../../../arm-none-eabi/lib/thumb/v7-m/nofp\libc_nano.a(lib_a-init.o)
 .ARM.attributes
                0x00000000000004a3       0x2d c:/env/embeddedtoolchain/xpack-arm-none-eabi-gcc-10.3.1-2.3/bin/../lib/gcc/arm-none-eabi/10.3.1/../../../../arm-none-eabi/lib/thumb/v7-m/nofp\libc_nano.a(lib_a-memcpy-stub.o)
 .ARM.attributes
                0x00000000000004d0       0x2d c:/env/embeddedtoolchain/xpack-arm-none-eabi-gcc-10.3.1-2.3/bin/../lib/gcc/arm-none-eabi/10.3.1/../../../../arm-none-eabi/lib/thumb/v7-m/nofp\libc_nano.a(lib_a-memset.o)
 .ARM.attributes
                0x00000000000004fd       0x2d c:/env/embeddedtoolchain/xpack-arm-none-eabi-gcc-10.3.1-2.3/bin/../lib/gcc/arm-none-eabi/10.3.1/../../../../arm-none-eabi/lib/thumb/v7-m/nofp\libc_nano.a(lib_a-puts.o)
 .ARM.attributes
                0x000000000000052a       0x2d c:/env/embeddedtoolchain/xpack-arm-none-eabi-gcc-10.3.1-2.3/bin/../lib/gcc/arm-none-eabi/10.3.1/../../../../arm-none-eabi/lib/thumb/v7-m/nofp\libc_nano.a(lib_a-wbuf.o)
 .ARM.attributes
                0x0000000000000557       0x2d c:/env/embeddedtoolchain/xpack-arm-none-eabi-gcc-10.3.1-2.3/bin/../lib/gcc/arm-none-eabi/10.3.1/../../../../arm-none-eabi/lib/thumb/v7-m/nofp\libc_nano.a(lib_a-wsetup.o)
 .ARM.attributes
                0x0000000000000584       0x2d c:/env/embeddedtoolchain/xpack-arm-none-eabi-gcc-10.3.1-2.3/bin/../lib/gcc/arm-none-eabi/10.3.1/../../../../arm-none-eabi/lib/thumb/v7-m/nofp\libc_nano.a(lib_a-fflush.o)
 .ARM.attributes
                0x00000000000005b1       0x2d c:/env/embeddedtoolchain/xpack-arm-none-eabi-gcc-10.3.1-2.3/bin/../lib/gcc/arm-none-eabi/10.3.1/../../../../arm-none-eabi/lib/thumb/v7-m/nofp\libc_nano.a(lib_a-findfp.o)
 .ARM.attributes
                0x00000000000005de       0x2d c:/env/embeddedtoolchain/xpack-arm-none-eabi-gcc-10.3.1-2.3/bin/../lib/gcc/arm-none-eabi/10.3.1/../../../../arm-none-eabi/lib/thumb/v7-m/nofp\libc_nano.a(lib_a-fwalk.o)
 .ARM.attributes
                0x000000000000060b       0x2d c:/env/embeddedtoolchain/xpack-arm-none-eabi-gcc-10.3.1-2.3/bin/../lib/gcc/arm-none-eabi/10.3.1/../../../../arm-none-eabi/lib/thumb/v7-m/nofp\libc_nano.a(lib_a-lock.o)
 .ARM.attributes
                0x0000000000000638       0x2d c:/env/embeddedtoolchain/xpack-arm-none-eabi-gcc-10.3.1-2.3/bin/../lib/gcc/arm-none-eabi/10.3.1/../../../../arm-none-eabi/lib/thumb/v7-m/nofp\libc_nano.a(lib_a-makebuf.o)
 .ARM.attributes
                0x0000000000000665       0x2d c:/env/embeddedtoolchain/xpack-arm-none-eabi-gcc-10.3.1-2.3/bin/../lib/gcc/arm-none-eabi/10.3.1/../../../../arm-none-eabi/lib/thumb/v7-m/nofp\libc_nano.a(lib_a-nano-freer.o)
 .ARM.attributes
                0x0000000000000692       0x2d c:/env/embeddedtoolchain/xpack-arm-none-eabi-gcc-10.3.1-2.3/bin/../lib/gcc/arm-none-eabi/10.3.1/../../../../arm-none-eabi/lib/thumb/v7-m/nofp\libc_nano.a(lib_a-nano-mallocr.o)
 .ARM.attributes
                0x00000000000006bf       0x2d c:/env/embeddedtoolchain/xpack-arm-none-eabi-gcc-10.3.1-2.3/bin/../lib/gcc/arm-none-eabi/10.3.1/../../../../arm-none-eabi/lib/thumb/v7-m/nofp\libc_nano.a(lib_a-sbrkr.o)
 .ARM.attributes
                0x00000000000006ec       0x2d c:/env/embeddedtoolchain/xpack-arm-none-eabi-gcc-10.3.1-2.3/bin/../lib/gcc/arm-none-eabi/10.3.1/../../../../arm-none-eabi/lib/thumb/v7-m/nofp\libc_nano.a(lib_a-stdio.o)
 .ARM.attributes
                0x0000000000000719       0x2d c:/env/embeddedtoolchain/xpack-arm-none-eabi-gcc-10.3.1-2.3/bin/../lib/gcc/arm-none-eabi/10.3.1/../../../../arm-none-eabi/lib/thumb/v7-m/nofp\libc_nano.a(lib_a-writer.o)
 .ARM.attributes
                0x0000000000000746       0x2d c:/env/embeddedtoolchain/xpack-arm-none-eabi-gcc-10.3.1-2.3/bin/../lib/gcc/arm-none-eabi/10.3.1/../../../../arm-none-eabi/lib/thumb/v7-m/nofp\libc_nano.a(lib_a-closer.o)
 .ARM.attributes
                0x0000000000000773       0x2d c:/env/embeddedtoolchain/xpack-arm-none-eabi-gcc-10.3.1-2.3/bin/../lib/gcc/arm-none-eabi/10.3.1/../../../../arm-none-eabi/lib/thumb/v7-m/nofp\libc_nano.a(lib_a-fstatr.o)
 .ARM.attributes
                0x00000000000007a0       0x2d c:/env/embeddedtoolchain/xpack-arm-none-eabi-gcc-10.3.1-2.3/bin/../lib/gcc/arm-none-eabi/10.3.1/../../../../arm-none-eabi/lib/thumb/v7-m/nofp\libc_nano.a(lib_a-isattyr.o)
 .ARM.attributes
                0x00000000000007cd       0x2d c:/env/embeddedtoolchain/xpack-arm-none-eabi-gcc-10.3.1-2.3/bin/../lib/gcc/arm-none-eabi/10.3.1/../../../../arm-none-eabi/lib/thumb/v7-m/nofp\libc_nano.a(lib_a-lseekr.o)
 .ARM.attributes
                0x00000000000007fa       0x2d c:/env/embeddedtoolchain/xpack-arm-none-eabi-gcc-10.3.1-2.3/bin/../lib/gcc/arm-none-eabi/10.3.1/../../../../arm-none-eabi/lib/thumb/v7-m/nofp\libc_nano.a(lib_a-mlock.o)
 .ARM.attributes
                0x0000000000000827       0x2d c:/env/embeddedtoolchain/xpack-arm-none-eabi-gcc-10.3.1-2.3/bin/../lib/gcc/arm-none-eabi/10.3.1/../../../../arm-none-eabi/lib/thumb/v7-m/nofp\libc_nano.a(lib_a-readr.o)
 .ARM.attributes
                0x0000000000000854       0x2d c:/env/embeddedtoolchain/xpack-arm-none-eabi-gcc-10.3.1-2.3/bin/../lib/gcc/arm-none-eabi/10.3.1/../../../../arm-none-eabi/lib/thumb/v7-m/nofp\libc_nano.a(lib_a-reent.o)
 .ARM.attributes
                0x0000000000000881       0x2d c:/env/embeddedtoolchain/xpack-arm-none-eabi-gcc-10.3.1-2.3/bin/../lib/gcc/arm-none-eabi/10.3.1/../../../../arm-none-eabi/lib/thumb/v7-m/nofp\libnosys.a(close.o)
 .ARM.attributes
                0x00000000000008ae       0x2d c:/env/embeddedtoolchain/xpack-arm-none-eabi-gcc-10.3.1-2.3/bin/../lib/gcc/arm-none-eabi/10.3.1/../../../../arm-none-eabi/lib/thumb/v7-m/nofp\libnosys.a(fstat.o)
 .ARM.attributes
                0x00000000000008db       0x2d c:/env/embeddedtoolchain/xpack-arm-none-eabi-gcc-10.3.1-2.3/bin/../lib/gcc/arm-none-eabi/10.3.1/../../../../arm-none-eabi/lib/thumb/v7-m/nofp\libnosys.a(isatty.o)
 .ARM.attributes
                0x0000000000000908       0x2d c:/env/embeddedtoolchain/xpack-arm-none-eabi-gcc-10.3.1-2.3/bin/../lib/gcc/arm-none-eabi/10.3.1/../../../../arm-none-eabi/lib/thumb/v7-m/nofp\libnosys.a(lseek.o)
 .ARM.attributes
                0x0000000000000935       0x2d c:/env/embeddedtoolchain/xpack-arm-none-eabi-gcc-10.3.1-2.3/bin/../lib/gcc/arm-none-eabi/10.3.1/../../../../arm-none-eabi/lib/thumb/v7-m/nofp\libnosys.a(read.o)
 .ARM.attributes
                0x0000000000000962       0x2d c:/env/embeddedtoolchain/xpack-arm-none-eabi-gcc-10.3.1-2.3/bin/../lib/gcc/arm-none-eabi/10.3.1/../../../../arm-none-eabi/lib/thumb/v7-m/nofp\libnosys.a(sbrk.o)
 .ARM.attributes
                0x000000000000098f       0x1d c:/env/embeddedtoolchain/xpack-arm-none-eabi-gcc-10.3.1-2.3/bin/../lib/gcc/arm-none-eabi/10.3.1/thumb/v7-m/nofp/crtn.o
OUTPUT(build/SmartDevice.elf elf32-littlearm)
LOAD linker stubs
LOAD c:/env/embeddedtoolchain/xpack-arm-none-eabi-gcc-10.3.1-2.3/bin/../lib/gcc/arm-none-eabi/10.3.1/../../../../arm-none-eabi/lib/thumb/v7-m/nofp\libc.a
LOAD c:/env/embeddedtoolchain/xpack-arm-none-eabi-gcc-10.3.1-2.3/bin/../lib/gcc/arm-none-eabi/10.3.1/../../../../arm-none-eabi/lib/thumb/v7-m/nofp\libm.a
LOAD c:/env/embeddedtoolchain/xpack-arm-none-eabi-gcc-10.3.1-2.3/bin/../lib/gcc/arm-none-eabi/10.3.1/thumb/v7-m/nofp\libgcc.a

.comment        0x0000000000000000       0x43
 .comment       0x0000000000000000       0x43 c:/env/embeddedtoolchain/xpack-arm-none-eabi-gcc-10.3.1-2.3/bin/../lib/gcc/arm-none-eabi/10.3.1/thumb/v7-m/nofp/crtbegin.o
                                         0x44 (size before relaxing)
 .comment       0x0000000000000043       0x44 build/uart_driver.o
 .comment       0x0000000000000043       0x44 build/ring_buffer.o
 .comment       0x0000000000000043       0x44 build/key_driver.o
 .comment       0x0000000000000043       0x44 build/input_system.o
 .comment       0x0000000000000043       0x44 build/input_kal.o
 .comment       0x0000000000000043       0x44 build/general_kal.o
 .comment       0x0000000000000043       0x44 build/input_cal.o
 .comment       0x0000000000000043       0x44 build/general_cal.o
 .comment       0x0000000000000043       0x44 build/main.o
 .comment       0x0000000000000043       0x44 build/gpio.o
 .comment       0x0000000000000043       0x44 build/usart.o
 .comment       0x0000000000000043       0x44 build/stm32f1xx_it.o
 .comment       0x0000000000000043       0x44 build/stm32f1xx_hal_msp.o
 .comment       0x0000000000000043       0x44 build/stm32f1xx_hal_uart.o
 .comment       0x0000000000000043       0x44 build/stm32f1xx_hal.o
 .comment       0x0000000000000043       0x44 build/stm32f1xx_hal_rcc.o
 .comment       0x0000000000000043       0x44 build/stm32f1xx_hal_gpio.o
 .comment       0x0000000000000043       0x44 build/stm32f1xx_hal_dma.o
 .comment       0x0000000000000043       0x44 build/stm32f1xx_hal_cortex.o
 .comment       0x0000000000000043       0x44 build/system_stm32f1xx.o
 .comment       0x0000000000000043       0x44 build/i2c.o
 .comment       0x0000000000000043       0x44 build/stm32f1xx_hal_i2c.o
 .comment       0x0000000000000043       0x44 c:/env/embeddedtoolchain/xpack-arm-none-eabi-gcc-10.3.1-2.3/bin/../lib/gcc/arm-none-eabi/10.3.1/../../../../arm-none-eabi/lib/thumb/v7-m/nofp\libc_nano.a(lib_a-impure.o)
 .comment       0x0000000000000043       0x44 c:/env/embeddedtoolchain/xpack-arm-none-eabi-gcc-10.3.1-2.3/bin/../lib/gcc/arm-none-eabi/10.3.1/../../../../arm-none-eabi/lib/thumb/v7-m/nofp\libc_nano.a(lib_a-init.o)
 .comment       0x0000000000000043       0x44 c:/env/embeddedtoolchain/xpack-arm-none-eabi-gcc-10.3.1-2.3/bin/../lib/gcc/arm-none-eabi/10.3.1/../../../../arm-none-eabi/lib/thumb/v7-m/nofp\libc_nano.a(lib_a-memcpy-stub.o)
 .comment       0x0000000000000043       0x44 c:/env/embeddedtoolchain/xpack-arm-none-eabi-gcc-10.3.1-2.3/bin/../lib/gcc/arm-none-eabi/10.3.1/../../../../arm-none-eabi/lib/thumb/v7-m/nofp\libc_nano.a(lib_a-memset.o)
 .comment       0x0000000000000043       0x44 c:/env/embeddedtoolchain/xpack-arm-none-eabi-gcc-10.3.1-2.3/bin/../lib/gcc/arm-none-eabi/10.3.1/../../../../arm-none-eabi/lib/thumb/v7-m/nofp\libc_nano.a(lib_a-puts.o)
 .comment       0x0000000000000043       0x44 c:/env/embeddedtoolchain/xpack-arm-none-eabi-gcc-10.3.1-2.3/bin/../lib/gcc/arm-none-eabi/10.3.1/../../../../arm-none-eabi/lib/thumb/v7-m/nofp\libc_nano.a(lib_a-wbuf.o)
 .comment       0x0000000000000043       0x44 c:/env/embeddedtoolchain/xpack-arm-none-eabi-gcc-10.3.1-2.3/bin/../lib/gcc/arm-none-eabi/10.3.1/../../../../arm-none-eabi/lib/thumb/v7-m/nofp\libc_nano.a(lib_a-wsetup.o)
 .comment       0x0000000000000043       0x44 c:/env/embeddedtoolchain/xpack-arm-none-eabi-gcc-10.3.1-2.3/bin/../lib/gcc/arm-none-eabi/10.3.1/../../../../arm-none-eabi/lib/thumb/v7-m/nofp\libc_nano.a(lib_a-fflush.o)
 .comment       0x0000000000000043       0x44 c:/env/embeddedtoolchain/xpack-arm-none-eabi-gcc-10.3.1-2.3/bin/../lib/gcc/arm-none-eabi/10.3.1/../../../../arm-none-eabi/lib/thumb/v7-m/nofp\libc_nano.a(lib_a-findfp.o)
 .comment       0x0000000000000043       0x44 c:/env/embeddedtoolchain/xpack-arm-none-eabi-gcc-10.3.1-2.3/bin/../lib/gcc/arm-none-eabi/10.3.1/../../../../arm-none-eabi/lib/thumb/v7-m/nofp\libc_nano.a(lib_a-fwalk.o)
 .comment       0x0000000000000043       0x44 c:/env/embeddedtoolchain/xpack-arm-none-eabi-gcc-10.3.1-2.3/bin/../lib/gcc/arm-none-eabi/10.3.1/../../../../arm-none-eabi/lib/thumb/v7-m/nofp\libc_nano.a(lib_a-lock.o)
 .comment       0x0000000000000043       0x44 c:/env/embeddedtoolchain/xpack-arm-none-eabi-gcc-10.3.1-2.3/bin/../lib/gcc/arm-none-eabi/10.3.1/../../../../arm-none-eabi/lib/thumb/v7-m/nofp\libc_nano.a(lib_a-makebuf.o)
 .comment       0x0000000000000043       0x44 c:/env/embeddedtoolchain/xpack-arm-none-eabi-gcc-10.3.1-2.3/bin/../lib/gcc/arm-none-eabi/10.3.1/../../../../arm-none-eabi/lib/thumb/v7-m/nofp\libc_nano.a(lib_a-nano-freer.o)
 .comment       0x0000000000000043       0x44 c:/env/embeddedtoolchain/xpack-arm-none-eabi-gcc-10.3.1-2.3/bin/../lib/gcc/arm-none-eabi/10.3.1/../../../../arm-none-eabi/lib/thumb/v7-m/nofp\libc_nano.a(lib_a-nano-mallocr.o)
 .comment       0x0000000000000043       0x44 c:/env/embeddedtoolchain/xpack-arm-none-eabi-gcc-10.3.1-2.3/bin/../lib/gcc/arm-none-eabi/10.3.1/../../../../arm-none-eabi/lib/thumb/v7-m/nofp\libc_nano.a(lib_a-sbrkr.o)
 .comment       0x0000000000000043       0x44 c:/env/embeddedtoolchain/xpack-arm-none-eabi-gcc-10.3.1-2.3/bin/../lib/gcc/arm-none-eabi/10.3.1/../../../../arm-none-eabi/lib/thumb/v7-m/nofp\libc_nano.a(lib_a-stdio.o)
 .comment       0x0000000000000043       0x44 c:/env/embeddedtoolchain/xpack-arm-none-eabi-gcc-10.3.1-2.3/bin/../lib/gcc/arm-none-eabi/10.3.1/../../../../arm-none-eabi/lib/thumb/v7-m/nofp\libc_nano.a(lib_a-writer.o)
 .comment       0x0000000000000043       0x44 c:/env/embeddedtoolchain/xpack-arm-none-eabi-gcc-10.3.1-2.3/bin/../lib/gcc/arm-none-eabi/10.3.1/../../../../arm-none-eabi/lib/thumb/v7-m/nofp\libc_nano.a(lib_a-closer.o)
 .comment       0x0000000000000043       0x44 c:/env/embeddedtoolchain/xpack-arm-none-eabi-gcc-10.3.1-2.3/bin/../lib/gcc/arm-none-eabi/10.3.1/../../../../arm-none-eabi/lib/thumb/v7-m/nofp\libc_nano.a(lib_a-fstatr.o)
 .comment       0x0000000000000043       0x44 c:/env/embeddedtoolchain/xpack-arm-none-eabi-gcc-10.3.1-2.3/bin/../lib/gcc/arm-none-eabi/10.3.1/../../../../arm-none-eabi/lib/thumb/v7-m/nofp\libc_nano.a(lib_a-isattyr.o)
 .comment       0x0000000000000043       0x44 c:/env/embeddedtoolchain/xpack-arm-none-eabi-gcc-10.3.1-2.3/bin/../lib/gcc/arm-none-eabi/10.3.1/../../../../arm-none-eabi/lib/thumb/v7-m/nofp\libc_nano.a(lib_a-lseekr.o)
 .comment       0x0000000000000043       0x44 c:/env/embeddedtoolchain/xpack-arm-none-eabi-gcc-10.3.1-2.3/bin/../lib/gcc/arm-none-eabi/10.3.1/../../../../arm-none-eabi/lib/thumb/v7-m/nofp\libc_nano.a(lib_a-mlock.o)
 .comment       0x0000000000000043       0x44 c:/env/embeddedtoolchain/xpack-arm-none-eabi-gcc-10.3.1-2.3/bin/../lib/gcc/arm-none-eabi/10.3.1/../../../../arm-none-eabi/lib/thumb/v7-m/nofp\libc_nano.a(lib_a-readr.o)
 .comment       0x0000000000000043       0x44 c:/env/embeddedtoolchain/xpack-arm-none-eabi-gcc-10.3.1-2.3/bin/../lib/gcc/arm-none-eabi/10.3.1/../../../../arm-none-eabi/lib/thumb/v7-m/nofp\libc_nano.a(lib_a-reent.o)
 .comment       0x0000000000000043       0x44 c:/env/embeddedtoolchain/xpack-arm-none-eabi-gcc-10.3.1-2.3/bin/../lib/gcc/arm-none-eabi/10.3.1/../../../../arm-none-eabi/lib/thumb/v7-m/nofp\libnosys.a(close.o)
 .comment       0x0000000000000043       0x44 c:/env/embeddedtoolchain/xpack-arm-none-eabi-gcc-10.3.1-2.3/bin/../lib/gcc/arm-none-eabi/10.3.1/../../../../arm-none-eabi/lib/thumb/v7-m/nofp\libnosys.a(fstat.o)
 .comment       0x0000000000000043       0x44 c:/env/embeddedtoolchain/xpack-arm-none-eabi-gcc-10.3.1-2.3/bin/../lib/gcc/arm-none-eabi/10.3.1/../../../../arm-none-eabi/lib/thumb/v7-m/nofp\libnosys.a(isatty.o)
 .comment       0x0000000000000043       0x44 c:/env/embeddedtoolchain/xpack-arm-none-eabi-gcc-10.3.1-2.3/bin/../lib/gcc/arm-none-eabi/10.3.1/../../../../arm-none-eabi/lib/thumb/v7-m/nofp\libnosys.a(lseek.o)
 .comment       0x0000000000000043       0x44 c:/env/embeddedtoolchain/xpack-arm-none-eabi-gcc-10.3.1-2.3/bin/../lib/gcc/arm-none-eabi/10.3.1/../../../../arm-none-eabi/lib/thumb/v7-m/nofp\libnosys.a(read.o)
 .comment       0x0000000000000043       0x44 c:/env/embeddedtoolchain/xpack-arm-none-eabi-gcc-10.3.1-2.3/bin/../lib/gcc/arm-none-eabi/10.3.1/../../../../arm-none-eabi/lib/thumb/v7-m/nofp\libnosys.a(sbrk.o)

.debug_info     0x0000000000000000     0xf890
 .debug_info    0x0000000000000000      0xb87 build/uart_driver.o
 .debug_info    0x0000000000000b87      0x23a build/ring_buffer.o
 .debug_info    0x0000000000000dc1      0x735 build/key_driver.o
 .debug_info    0x00000000000014f6      0x396 build/input_system.o
 .debug_info    0x000000000000188c       0xe4 build/input_kal.o
 .debug_info    0x0000000000001970       0xfc build/general_kal.o
 .debug_info    0x0000000000001a6c       0xe4 build/input_cal.o
 .debug_info    0x0000000000001b50       0xfe build/general_cal.o
 .debug_info    0x0000000000001c4e      0x417 build/main.o
 .debug_info    0x0000000000002065      0x432 build/gpio.o
 .debug_info    0x0000000000002497      0xcb6 build/usart.o
 .debug_info    0x000000000000314d      0x6f6 build/stm32f1xx_it.o
 .debug_info    0x0000000000003843      0x23f build/stm32f1xx_hal_msp.o
 .debug_info    0x0000000000003a82     0x43a1 build/stm32f1xx_hal_uart.o
 .debug_info    0x0000000000007e23      0x8bb build/stm32f1xx_hal.o
 .debug_info    0x00000000000086de      0xaf0 build/stm32f1xx_hal_rcc.o
 .debug_info    0x00000000000091ce      0x6d7 build/stm32f1xx_hal_gpio.o
 .debug_info    0x00000000000098a5      0x8bf build/stm32f1xx_hal_dma.o
 .debug_info    0x000000000000a164      0xe93 build/stm32f1xx_hal_cortex.o
 .debug_info    0x000000000000aff7      0x26e build/system_stm32f1xx.o
 .debug_info    0x000000000000b265      0x969 build/i2c.o
 .debug_info    0x000000000000bbce     0x3ca0 build/stm32f1xx_hal_i2c.o
 .debug_info    0x000000000000f86e       0x22 build/startup_stm32f103xe.o

.debug_abbrev   0x0000000000000000     0x2631
 .debug_abbrev  0x0000000000000000      0x273 build/uart_driver.o
 .debug_abbrev  0x0000000000000273      0x149 build/ring_buffer.o
 .debug_abbrev  0x00000000000003bc      0x1b0 build/key_driver.o
 .debug_abbrev  0x000000000000056c      0x1c0 build/input_system.o
 .debug_abbrev  0x000000000000072c       0x67 build/input_kal.o
 .debug_abbrev  0x0000000000000793       0xae build/general_kal.o
 .debug_abbrev  0x0000000000000841       0x67 build/input_cal.o
 .debug_abbrev  0x00000000000008a8       0xae build/general_cal.o
 .debug_abbrev  0x0000000000000956      0x172 build/main.o
 .debug_abbrev  0x0000000000000ac8      0x13f build/gpio.o
 .debug_abbrev  0x0000000000000c07      0x208 build/usart.o
 .debug_abbrev  0x0000000000000e0f      0x15e build/stm32f1xx_it.o
 .debug_abbrev  0x0000000000000f6d       0xe7 build/stm32f1xx_hal_msp.o
 .debug_abbrev  0x0000000000001054      0x334 build/stm32f1xx_hal_uart.o
 .debug_abbrev  0x0000000000001388      0x1f7 build/stm32f1xx_hal.o
 .debug_abbrev  0x000000000000157f      0x2b8 build/stm32f1xx_hal_rcc.o
 .debug_abbrev  0x0000000000001837      0x222 build/stm32f1xx_hal_gpio.o
 .debug_abbrev  0x0000000000001a59      0x262 build/stm32f1xx_hal_dma.o
 .debug_abbrev  0x0000000000001cbb      0x359 build/stm32f1xx_hal_cortex.o
 .debug_abbrev  0x0000000000002014      0x140 build/system_stm32f1xx.o
 .debug_abbrev  0x0000000000002154      0x1c5 build/i2c.o
 .debug_abbrev  0x0000000000002319      0x306 build/stm32f1xx_hal_i2c.o
 .debug_abbrev  0x000000000000261f       0x12 build/startup_stm32f103xe.o

.debug_loc      0x0000000000000000     0xc800
 .debug_loc     0x0000000000000000      0x26b build/uart_driver.o
 .debug_loc     0x000000000000026b       0xfd build/ring_buffer.o
 .debug_loc     0x0000000000000368      0x11d build/key_driver.o
 .debug_loc     0x0000000000000485       0xf7 build/input_system.o
 .debug_loc     0x000000000000057c       0x40 build/input_kal.o
 .debug_loc     0x00000000000005bc       0x65 build/general_kal.o
 .debug_loc     0x0000000000000621       0x40 build/input_cal.o
 .debug_loc     0x0000000000000661       0x65 build/general_cal.o
 .debug_loc     0x00000000000006c6       0xa6 build/main.o
 .debug_loc     0x000000000000076c       0x39 build/gpio.o
 .debug_loc     0x00000000000007a5      0x1ac build/usart.o
 .debug_loc     0x0000000000000951       0x40 build/stm32f1xx_it.o
 .debug_loc     0x0000000000000991       0x41 build/stm32f1xx_hal_msp.o
 .debug_loc     0x00000000000009d2     0x4ebf build/stm32f1xx_hal_uart.o
 .debug_loc     0x0000000000005891      0x1e1 build/stm32f1xx_hal.o
 .debug_loc     0x0000000000005a72      0x790 build/stm32f1xx_hal_rcc.o
 .debug_loc     0x0000000000006202      0x551 build/stm32f1xx_hal_gpio.o
 .debug_loc     0x0000000000006753      0x8ea build/stm32f1xx_hal_dma.o
 .debug_loc     0x000000000000703d      0x77f build/stm32f1xx_hal_cortex.o
 .debug_loc     0x00000000000077bc       0xff build/system_stm32f1xx.o
 .debug_loc     0x00000000000078bb       0xeb build/i2c.o
 .debug_loc     0x00000000000079a6     0x4e5a build/stm32f1xx_hal_i2c.o

.debug_aranges  0x0000000000000000      0xac0
 .debug_aranges
                0x0000000000000000       0x50 build/uart_driver.o
 .debug_aranges
                0x0000000000000050       0x28 build/ring_buffer.o
 .debug_aranges
                0x0000000000000078       0x38 build/key_driver.o
 .debug_aranges
                0x00000000000000b0       0x50 build/input_system.o
 .debug_aranges
                0x0000000000000100       0x28 build/input_kal.o
 .debug_aranges
                0x0000000000000128       0x28 build/general_kal.o
 .debug_aranges
                0x0000000000000150       0x28 build/input_cal.o
 .debug_aranges
                0x0000000000000178       0x28 build/general_cal.o
 .debug_aranges
                0x00000000000001a0       0x38 build/main.o
 .debug_aranges
                0x00000000000001d8       0x20 build/gpio.o
 .debug_aranges
                0x00000000000001f8       0x38 build/usart.o
 .debug_aranges
                0x0000000000000230       0x68 build/stm32f1xx_it.o
 .debug_aranges
                0x0000000000000298       0x20 build/stm32f1xx_hal_msp.o
 .debug_aranges
                0x00000000000002b8      0x208 build/stm32f1xx_hal_uart.o
 .debug_aranges
                0x00000000000004c0       0xe0 build/stm32f1xx_hal.o
 .debug_aranges
                0x00000000000005a0       0x90 build/stm32f1xx_hal_rcc.o
 .debug_aranges
                0x0000000000000630       0x58 build/stm32f1xx_hal_gpio.o
 .debug_aranges
                0x0000000000000688       0x80 build/stm32f1xx_hal_dma.o
 .debug_aranges
                0x0000000000000708       0x90 build/stm32f1xx_hal_cortex.o
 .debug_aranges
                0x0000000000000798       0x28 build/system_stm32f1xx.o
 .debug_aranges
                0x00000000000007c0       0x30 build/i2c.o
 .debug_aranges
                0x00000000000007f0      0x2a8 build/stm32f1xx_hal_i2c.o
 .debug_aranges
                0x0000000000000a98       0x28 build/startup_stm32f103xe.o

.debug_ranges   0x0000000000000000      0xa08
 .debug_ranges  0x0000000000000000       0x40 build/uart_driver.o
 .debug_ranges  0x0000000000000040       0x18 build/ring_buffer.o
 .debug_ranges  0x0000000000000058       0x28 build/key_driver.o
 .debug_ranges  0x0000000000000080       0x40 build/input_system.o
 .debug_ranges  0x00000000000000c0       0x18 build/input_kal.o
 .debug_ranges  0x00000000000000d8       0x18 build/general_kal.o
 .debug_ranges  0x00000000000000f0       0x18 build/input_cal.o
 .debug_ranges  0x0000000000000108       0x18 build/general_cal.o
 .debug_ranges  0x0000000000000120       0x28 build/main.o
 .debug_ranges  0x0000000000000148       0x10 build/gpio.o
 .debug_ranges  0x0000000000000158       0x28 build/usart.o
 .debug_ranges  0x0000000000000180       0x58 build/stm32f1xx_it.o
 .debug_ranges  0x00000000000001d8       0x10 build/stm32f1xx_hal_msp.o
 .debug_ranges  0x00000000000001e8      0x210 build/stm32f1xx_hal_uart.o
 .debug_ranges  0x00000000000003f8       0xd0 build/stm32f1xx_hal.o
 .debug_ranges  0x00000000000004c8       0xa0 build/stm32f1xx_hal_rcc.o
 .debug_ranges  0x0000000000000568       0x48 build/stm32f1xx_hal_gpio.o
 .debug_ranges  0x00000000000005b0       0x70 build/stm32f1xx_hal_dma.o
 .debug_ranges  0x0000000000000620       0xe0 build/stm32f1xx_hal_cortex.o
 .debug_ranges  0x0000000000000700       0x18 build/system_stm32f1xx.o
 .debug_ranges  0x0000000000000718       0x20 build/i2c.o
 .debug_ranges  0x0000000000000738      0x2b0 build/stm32f1xx_hal_i2c.o
 .debug_ranges  0x00000000000009e8       0x20 build/startup_stm32f103xe.o

.debug_line     0x0000000000000000     0xe34f
 .debug_line    0x0000000000000000      0x3ea build/uart_driver.o
 .debug_line    0x00000000000003ea      0x128 build/ring_buffer.o
 .debug_line    0x0000000000000512      0x316 build/key_driver.o
 .debug_line    0x0000000000000828      0x19c build/input_system.o
 .debug_line    0x00000000000009c4       0x91 build/input_kal.o
 .debug_line    0x0000000000000a55       0x9c build/general_kal.o
 .debug_line    0x0000000000000af1       0xac build/input_cal.o
 .debug_line    0x0000000000000b9d       0xa8 build/general_cal.o
 .debug_line    0x0000000000000c45      0x325 build/main.o
 .debug_line    0x0000000000000f6a      0x258 build/gpio.o
 .debug_line    0x00000000000011c2      0x3dc build/usart.o
 .debug_line    0x000000000000159e      0x2e2 build/stm32f1xx_it.o
 .debug_line    0x0000000000001880      0x172 build/stm32f1xx_hal_msp.o
 .debug_line    0x00000000000019f2     0x43bd build/stm32f1xx_hal_uart.o
 .debug_line    0x0000000000005daf      0x524 build/stm32f1xx_hal.o
 .debug_line    0x00000000000062d3      0xc14 build/stm32f1xx_hal_rcc.o
 .debug_line    0x0000000000006ee7      0x5eb build/stm32f1xx_hal_gpio.o
 .debug_line    0x00000000000074d2      0xce8 build/stm32f1xx_hal_dma.o
 .debug_line    0x00000000000081ba      0x62f build/stm32f1xx_hal_cortex.o
 .debug_line    0x00000000000087e9      0x23c build/system_stm32f1xx.o
 .debug_line    0x0000000000008a25      0x2cf build/i2c.o
 .debug_line    0x0000000000008cf4     0x55e6 build/stm32f1xx_hal_i2c.o
 .debug_line    0x000000000000e2da       0x75 build/startup_stm32f103xe.o

.debug_str      0x0000000000000000     0x2f32
 .debug_str     0x0000000000000000      0xa66 build/uart_driver.o
                                        0xb2a (size before relaxing)
 .debug_str     0x0000000000000a66       0x88 build/ring_buffer.o
                                        0x24c (size before relaxing)
 .debug_str     0x0000000000000aee      0x149 build/key_driver.o
                                        0x78d (size before relaxing)
 .debug_str     0x0000000000000c37      0x108 build/input_system.o
                                        0x332 (size before relaxing)
 .debug_str     0x0000000000000d3f       0x3e build/input_kal.o
                                        0x1b7 (size before relaxing)
 .debug_str     0x0000000000000d7d       0x42 build/general_kal.o
                                        0x1aa (size before relaxing)
 .debug_str     0x0000000000000dbf       0x20 build/input_cal.o
                                        0x1b2 (size before relaxing)
 .debug_str     0x0000000000000ddf       0x38 build/general_cal.o
                                        0x1aa (size before relaxing)
 .debug_str     0x0000000000000e17      0x20c build/main.o
                                        0x3b7 (size before relaxing)
 .debug_str     0x0000000000001023       0x3e build/gpio.o
                                        0x26a (size before relaxing)
 .debug_str     0x0000000000001061       0x93 build/usart.o
                                        0xaeb (size before relaxing)
 .debug_str     0x00000000000010f4       0xc6 build/stm32f1xx_it.o
                                        0x64a (size before relaxing)
 .debug_str     0x00000000000011ba       0x29 build/stm32f1xx_hal_msp.o
                                        0x20c (size before relaxing)
 .debug_str     0x00000000000011e3      0x691 build/stm32f1xx_hal_uart.o
                                        0xcdc (size before relaxing)
 .debug_str     0x0000000000001874      0x2e9 build/stm32f1xx_hal.o
                                        0x8f0 (size before relaxing)
 .debug_str     0x0000000000001b5d      0x1d8 build/stm32f1xx_hal_rcc.o
                                        0x613 (size before relaxing)
 .debug_str     0x0000000000001d35       0xc8 build/stm32f1xx_hal_gpio.o
                                        0x3e8 (size before relaxing)
 .debug_str     0x0000000000001dfd      0x1f6 build/stm32f1xx_hal_dma.o
                                        0x5e5 (size before relaxing)
 .debug_str     0x0000000000001ff3      0x39b build/stm32f1xx_hal_cortex.o
                                        0x99f (size before relaxing)
 .debug_str     0x000000000000238e       0x4f build/system_stm32f1xx.o
                                        0x23c (size before relaxing)
 .debug_str     0x00000000000023dd      0x2a0 build/i2c.o
                                        0x721 (size before relaxing)
 .debug_str     0x000000000000267d      0x891 build/stm32f1xx_hal_i2c.o
                                        0xfad (size before relaxing)
 .debug_str     0x0000000000002f0e       0x24 build/startup_stm32f103xe.o
                                         0x5b (size before relaxing)

.debug_frame    0x0000000000000000     0x1bd4
 .debug_frame   0x0000000000000000       0xbc build/uart_driver.o
 .debug_frame   0x00000000000000bc       0x58 build/ring_buffer.o
 .debug_frame   0x0000000000000114       0x80 build/key_driver.o
 .debug_frame   0x0000000000000194       0xb0 build/input_system.o
 .debug_frame   0x0000000000000244       0x40 build/input_kal.o
 .debug_frame   0x0000000000000284       0x40 build/general_kal.o
 .debug_frame   0x00000000000002c4       0x40 build/input_cal.o
 .debug_frame   0x0000000000000304       0x40 build/general_cal.o
 .debug_frame   0x0000000000000344       0x78 build/main.o
 .debug_frame   0x00000000000003bc       0x3c build/gpio.o
 .debug_frame   0x00000000000003f8       0x7c build/usart.o
 .debug_frame   0x0000000000000474       0xc0 build/stm32f1xx_it.o
 .debug_frame   0x0000000000000534       0x28 build/stm32f1xx_hal_msp.o
 .debug_frame   0x000000000000055c      0x5d8 build/stm32f1xx_hal_uart.o
 .debug_frame   0x0000000000000b34      0x1cc build/stm32f1xx_hal.o
 .debug_frame   0x0000000000000d00      0x184 build/stm32f1xx_hal_rcc.o
 .debug_frame   0x0000000000000e84       0xe4 build/stm32f1xx_hal_gpio.o
 .debug_frame   0x0000000000000f68      0x140 build/stm32f1xx_hal_dma.o
 .debug_frame   0x00000000000010a8      0x118 build/stm32f1xx_hal_cortex.o
 .debug_frame   0x00000000000011c0       0x30 build/system_stm32f1xx.o
 .debug_frame   0x00000000000011f0       0x60 build/i2c.o
 .debug_frame   0x0000000000001250      0x984 build/stm32f1xx_hal_i2c.o

Cross Reference Table

Symbol                                            File
ADC1_2_IRQHandler                                 build/startup_stm32f103xe.o
ADC3_IRQHandler                                   build/startup_stm32f103xe.o
AHBPrescTable                                     build/system_stm32f1xx.o
                                                  build/stm32f1xx_hal_rcc.o
APBPrescTable                                     build/system_stm32f1xx.o
                                                  build/stm32f1xx_hal_rcc.o
AddInputDevices                                   build/input_system.o
                                                  build/main.o
AddKeyToInputDevice                               build/input_system.o
AddStdIoToInputDevice                             build/input_system.o
BusFault_Handler                                  build/stm32f1xx_it.o
CAL_Delay                                         build/general_cal.o
                                                  build/general_kal.o
CAL_GetTime                                       build/general_cal.o
                                                  build/general_kal.o
CAL_GpioKeyInit                                   build/input_cal.o
                                                  build/input_kal.o
CAL_LedDeviceControl                              build/device_cal.o
                                                  build/device_kal.o
CAL_LedDeviceInit                                 build/device_cal.o
                                                  build/device_kal.o
CAL_StdIoInit                                     build/input_cal.o
                                                  build/input_kal.o
CAN1_RX1_IRQHandler                               build/startup_stm32f103xe.o
CAN1_SCE_IRQHandler                               build/startup_stm32f103xe.o
DMA1_Channel1_IRQHandler                          build/startup_stm32f103xe.o
DMA1_Channel2_IRQHandler                          build/startup_stm32f103xe.o
DMA1_Channel3_IRQHandler                          build/startup_stm32f103xe.o
DMA1_Channel4_IRQHandler                          build/startup_stm32f103xe.o
DMA1_Channel5_IRQHandler                          build/startup_stm32f103xe.o
DMA1_Channel6_IRQHandler                          build/startup_stm32f103xe.o
DMA1_Channel7_IRQHandler                          build/startup_stm32f103xe.o
DMA2_Channel1_IRQHandler                          build/startup_stm32f103xe.o
DMA2_Channel2_IRQHandler                          build/startup_stm32f103xe.o
DMA2_Channel3_IRQHandler                          build/startup_stm32f103xe.o
DMA2_Channel4_5_IRQHandler                        build/startup_stm32f103xe.o
DebugMon_Handler                                  build/stm32f1xx_it.o
Default_Handler                                   build/startup_stm32f103xe.o
DisablePrintfIRQ                                  build/uart_driver.o
EXTI0_IRQHandler                                  build/startup_stm32f103xe.o
EXTI15_10_IRQHandler                              build/key_driver.o
EXTI1_IRQHandler                                  build/startup_stm32f103xe.o
EXTI2_IRQHandler                                  build/startup_stm32f103xe.o
EXTI3_IRQHandler                                  build/startup_stm32f103xe.o
EXTI4_IRQHandler                                  build/startup_stm32f103xe.o
EXTI9_5_IRQHandler                                build/startup_stm32f103xe.o
EnablePrintfIRQ                                   build/uart_driver.o
                                                  build/input_cal.o
Error_Handler                                     build/main.o
                                                  build/i2c.o
                                                  build/usart.o
FLASH_IRQHandler                                  build/startup_stm32f103xe.o
FLASH_PageErase                                   build/stm32f1xx_hal_flash_ex.o
                                                  build/stm32f1xx_hal_flash.o
FLASH_WaitForLastOperation                        build/stm32f1xx_hal_flash.o
                                                  build/stm32f1xx_hal_flash_ex.o
FSMC_IRQHandler                                   build/startup_stm32f103xe.o
GetEventFromBuffer                                build/ring_buffer.o
GetLedDevice                                      build/device_system.o
HAL_DBGMCU_DisableDBGSleepMode                    build/stm32f1xx_hal.o
HAL_DBGMCU_DisableDBGStandbyMode                  build/stm32f1xx_hal.o
HAL_DBGMCU_DisableDBGStopMode                     build/stm32f1xx_hal.o
HAL_DBGMCU_EnableDBGSleepMode                     build/stm32f1xx_hal.o
HAL_DBGMCU_EnableDBGStandbyMode                   build/stm32f1xx_hal.o
HAL_DBGMCU_EnableDBGStopMode                      build/stm32f1xx_hal.o
HAL_DMA_Abort                                     build/stm32f1xx_hal_dma.o
                                                  build/stm32f1xx_hal_uart.o
HAL_DMA_Abort_IT                                  build/stm32f1xx_hal_dma.o
                                                  build/stm32f1xx_hal_i2c.o
                                                  build/stm32f1xx_hal_uart.o
HAL_DMA_DeInit                                    build/stm32f1xx_hal_dma.o
HAL_DMA_GetError                                  build/stm32f1xx_hal_dma.o
                                                  build/stm32f1xx_hal_uart.o
HAL_DMA_GetState                                  build/stm32f1xx_hal_dma.o
                                                  build/stm32f1xx_hal_i2c.o
HAL_DMA_IRQHandler                                build/stm32f1xx_hal_dma.o
HAL_DMA_Init                                      build/stm32f1xx_hal_dma.o
HAL_DMA_PollForTransfer                           build/stm32f1xx_hal_dma.o
HAL_DMA_RegisterCallback                          build/stm32f1xx_hal_dma.o
HAL_DMA_Start                                     build/stm32f1xx_hal_dma.o
HAL_DMA_Start_IT                                  build/stm32f1xx_hal_dma.o
                                                  build/stm32f1xx_hal_i2c.o
                                                  build/stm32f1xx_hal_uart.o
HAL_DMA_UnRegisterCallback                        build/stm32f1xx_hal_dma.o
HAL_DeInit                                        build/stm32f1xx_hal.o
HAL_Delay                                         build/stm32f1xx_hal.o
                                                  build/general_cal.o
HAL_EXTI_ClearConfigLine                          build/stm32f1xx_hal_exti.o
HAL_EXTI_ClearPending                             build/stm32f1xx_hal_exti.o
HAL_EXTI_GenerateSWI                              build/stm32f1xx_hal_exti.o
HAL_EXTI_GetConfigLine                            build/stm32f1xx_hal_exti.o
HAL_EXTI_GetHandle                                build/stm32f1xx_hal_exti.o
HAL_EXTI_GetPending                               build/stm32f1xx_hal_exti.o
HAL_EXTI_IRQHandler                               build/stm32f1xx_hal_exti.o
HAL_EXTI_RegisterCallback                         build/stm32f1xx_hal_exti.o
HAL_EXTI_SetConfigLine                            build/stm32f1xx_hal_exti.o
HAL_FLASHEx_Erase                                 build/stm32f1xx_hal_flash_ex.o
HAL_FLASHEx_Erase_IT                              build/stm32f1xx_hal_flash_ex.o
HAL_FLASHEx_OBErase                               build/stm32f1xx_hal_flash_ex.o
HAL_FLASHEx_OBGetConfig                           build/stm32f1xx_hal_flash_ex.o
HAL_FLASHEx_OBGetUserData                         build/stm32f1xx_hal_flash_ex.o
HAL_FLASHEx_OBProgram                             build/stm32f1xx_hal_flash_ex.o
HAL_FLASH_EndOfOperationCallback                  build/stm32f1xx_hal_flash.o
HAL_FLASH_GetError                                build/stm32f1xx_hal_flash.o
HAL_FLASH_IRQHandler                              build/stm32f1xx_hal_flash.o
HAL_FLASH_Lock                                    build/stm32f1xx_hal_flash.o
HAL_FLASH_OB_Launch                               build/stm32f1xx_hal_flash.o
HAL_FLASH_OB_Lock                                 build/stm32f1xx_hal_flash.o
HAL_FLASH_OB_Unlock                               build/stm32f1xx_hal_flash.o
HAL_FLASH_OperationErrorCallback                  build/stm32f1xx_hal_flash.o
HAL_FLASH_Program                                 build/stm32f1xx_hal_flash.o
HAL_FLASH_Program_IT                              build/stm32f1xx_hal_flash.o
HAL_FLASH_Unlock                                  build/stm32f1xx_hal_flash.o
HAL_GPIOEx_ConfigEventout                         build/stm32f1xx_hal_gpio_ex.o
HAL_GPIOEx_DisableEventout                        build/stm32f1xx_hal_gpio_ex.o
HAL_GPIOEx_EnableEventout                         build/stm32f1xx_hal_gpio_ex.o
HAL_GPIO_DeInit                                   build/stm32f1xx_hal_gpio.o
                                                  build/i2c.o
                                                  build/usart.o
HAL_GPIO_EXTI_Callback                            build/key_driver.o
HAL_GPIO_EXTI_IRQHandler                          build/stm32f1xx_hal_gpio.o
                                                  build/key_driver.o
HAL_GPIO_Init                                     build/stm32f1xx_hal_gpio.o
                                                  build/i2c.o
                                                  build/stm32f1xx_hal_rcc.o
                                                  build/usart.o
                                                  build/gpio.o
                                                  build/led_driver.o
                                                  build/key_driver.o
                                                  build/iic_driver.o
HAL_GPIO_LockPin                                  build/stm32f1xx_hal_gpio.o
HAL_GPIO_ReadPin                                  build/stm32f1xx_hal_gpio.o
                                                  build/key_driver.o
                                                  build/iic_driver.o
HAL_GPIO_TogglePin                                build/stm32f1xx_hal_gpio.o
HAL_GPIO_WritePin                                 build/stm32f1xx_hal_gpio.o
                                                  build/gpio.o
                                                  build/led_driver.o
                                                  build/iic_driver.o
HAL_GetDEVID                                      build/stm32f1xx_hal.o
HAL_GetHalVersion                                 build/stm32f1xx_hal.o
HAL_GetREVID                                      build/stm32f1xx_hal.o
HAL_GetTick                                       build/stm32f1xx_hal.o
                                                  build/stm32f1xx_hal_i2c.o
                                                  build/stm32f1xx_hal_flash.o
                                                  build/stm32f1xx_hal_dma.o
                                                  build/stm32f1xx_hal_rcc_ex.o
                                                  build/stm32f1xx_hal_rcc.o
                                                  build/stm32f1xx_hal_uart.o
                                                  build/general_cal.o
HAL_GetTickFreq                                   build/stm32f1xx_hal.o
HAL_GetTickPrio                                   build/stm32f1xx_hal.o
HAL_GetUIDw0                                      build/stm32f1xx_hal.o
HAL_GetUIDw1                                      build/stm32f1xx_hal.o
HAL_GetUIDw2                                      build/stm32f1xx_hal.o
HAL_HalfDuplex_EnableReceiver                     build/stm32f1xx_hal_uart.o
HAL_HalfDuplex_EnableTransmitter                  build/stm32f1xx_hal_uart.o
HAL_HalfDuplex_Init                               build/stm32f1xx_hal_uart.o
HAL_I2C_AbortCpltCallback                         build/stm32f1xx_hal_i2c.o
HAL_I2C_AddrCallback                              build/stm32f1xx_hal_i2c.o
HAL_I2C_DeInit                                    build/stm32f1xx_hal_i2c.o
HAL_I2C_DisableListen_IT                          build/stm32f1xx_hal_i2c.o
HAL_I2C_ER_IRQHandler                             build/stm32f1xx_hal_i2c.o
HAL_I2C_EV_IRQHandler                             build/stm32f1xx_hal_i2c.o
HAL_I2C_EnableListen_IT                           build/stm32f1xx_hal_i2c.o
HAL_I2C_ErrorCallback                             build/stm32f1xx_hal_i2c.o
HAL_I2C_GetError                                  build/stm32f1xx_hal_i2c.o
HAL_I2C_GetMode                                   build/stm32f1xx_hal_i2c.o
HAL_I2C_GetState                                  build/stm32f1xx_hal_i2c.o
HAL_I2C_Init                                      build/stm32f1xx_hal_i2c.o
                                                  build/i2c.o
HAL_I2C_IsDeviceReady                             build/stm32f1xx_hal_i2c.o
HAL_I2C_ListenCpltCallback                        build/stm32f1xx_hal_i2c.o
HAL_I2C_MasterRxCpltCallback                      build/stm32f1xx_hal_i2c.o
HAL_I2C_MasterTxCpltCallback                      build/stm32f1xx_hal_i2c.o
HAL_I2C_Master_Abort_IT                           build/stm32f1xx_hal_i2c.o
HAL_I2C_Master_Receive                            build/stm32f1xx_hal_i2c.o
HAL_I2C_Master_Receive_DMA                        build/stm32f1xx_hal_i2c.o
HAL_I2C_Master_Receive_IT                         build/stm32f1xx_hal_i2c.o
HAL_I2C_Master_Seq_Receive_DMA                    build/stm32f1xx_hal_i2c.o
HAL_I2C_Master_Seq_Receive_IT                     build/stm32f1xx_hal_i2c.o
HAL_I2C_Master_Seq_Transmit_DMA                   build/stm32f1xx_hal_i2c.o